[0.119s] Invoking command in '/home/unique/ros2_ws/ros_test/build/high_prior': AMENT_PREFIX_PATH=/home/unique/ros2_ws/ros_test/install/realtime_common:${AMENT_PREFIX_PATH} CMAKE_PREFIX_PATH=/home/unique/ros2_ws/ros_test/install/realtime_common:/opt/ros/humble /usr/bin/cmake --build /home/unique/ros2_ws/ros_test/build/high_prior -- -j8 -l8
[0.176s] Consolidate compiler generated dependencies of target high_prior
[0.193s] [ 50%] Building CXX object CMakeFiles/high_prior.dir/src/high_prior.cpp.o
[9.748s] [100%] Linking CXX shared library libhigh_prior.so
[10.348s] [100%] Built target high_prior
[10.364s] Invoked command in '/home/unique/ros2_ws/ros_test/build/high_prior' returned '0': AMENT_PREFIX_PATH=/home/unique/ros2_ws/ros_test/install/realtime_common:${AMENT_PREFIX_PATH} CMAKE_PREFIX_PATH=/home/unique/ros2_ws/ros_test/install/realtime_common:/opt/ros/humble /usr/bin/cmake --build /home/unique/ros2_ws/ros_test/build/high_prior -- -j8 -l8
[10.378s] Invoking command in '/home/unique/ros2_ws/ros_test/build/high_prior': AMENT_PREFIX_PATH=/home/unique/ros2_ws/ros_test/install/realtime_common:${AMENT_PREFIX_PATH} CMAKE_PREFIX_PATH=/home/unique/ros2_ws/ros_test/install/realtime_common:/opt/ros/humble /usr/bin/cmake --install /home/unique/ros2_ws/ros_test/build/high_prior
[10.387s] -- Install configuration: ""
[10.387s] -- Up-to-date: /home/unique/ros2_ws/ros_test/install/high_prior/include
[10.387s] -- Up-to-date: /home/unique/ros2_ws/ros_test/install/high_prior/include/high_prior
[10.387s] -- Up-to-date: /home/unique/ros2_ws/ros_test/install/high_prior/include/high_prior/high_prior.hpp
[10.388s] -- Installing: /home/unique/ros2_ws/ros_test/install/high_prior/lib/libhigh_prior.so
[10.400s] -- Set runtime path of "/home/unique/ros2_ws/ros_test/install/high_prior/lib/libhigh_prior.so" to ""
[10.401s] -- Up-to-date: /home/unique/ros2_ws/ros_test/install/high_prior/share/ament_index/resource_index/package_run_dependencies/high_prior
[10.401s] -- Up-to-date: /home/unique/ros2_ws/ros_test/install/high_prior/share/ament_index/resource_index/parent_prefix_path/high_prior
[10.401s] -- Up-to-date: /home/unique/ros2_ws/ros_test/install/high_prior/share/high_prior/environment/ament_prefix_path.sh
[10.401s] -- Up-to-date: /home/unique/ros2_ws/ros_test/install/high_prior/share/high_prior/environment/ament_prefix_path.dsv
[10.402s] -- Up-to-date: /home/unique/ros2_ws/ros_test/install/high_prior/share/high_prior/environment/path.sh
[10.402s] -- Up-to-date: /home/unique/ros2_ws/ros_test/install/high_prior/share/high_prior/environment/path.dsv
[10.402s] -- Up-to-date: /home/unique/ros2_ws/ros_test/install/high_prior/share/high_prior/local_setup.bash
[10.402s] -- Up-to-date: /home/unique/ros2_ws/ros_test/install/high_prior/share/high_prior/local_setup.sh
[10.402s] -- Up-to-date: /home/unique/ros2_ws/ros_test/install/high_prior/share/high_prior/local_setup.zsh
[10.402s] -- Up-to-date: /home/unique/ros2_ws/ros_test/install/high_prior/share/high_prior/local_setup.dsv
[10.402s] -- Installing: /home/unique/ros2_ws/ros_test/install/high_prior/share/high_prior/package.dsv
[10.402s] -- Up-to-date: /home/unique/ros2_ws/ros_test/install/high_prior/share/ament_index/resource_index/packages/high_prior
[10.403s] -- Up-to-date: /home/unique/ros2_ws/ros_test/install/high_prior/share/ament_index/resource_index/rclcpp_components/high_prior
[10.403s] -- Up-to-date: /home/unique/ros2_ws/ros_test/install/high_prior/share/high_prior/cmake/high_priorConfig.cmake
[10.403s] -- Up-to-date: /home/unique/ros2_ws/ros_test/install/high_prior/share/high_prior/cmake/high_priorConfig-version.cmake
[10.405s] -- Up-to-date: /home/unique/ros2_ws/ros_test/install/high_prior/share/high_prior/package.xml
[10.408s] Invoked command in '/home/unique/ros2_ws/ros_test/build/high_prior' returned '0': AMENT_PREFIX_PATH=/home/unique/ros2_ws/ros_test/install/realtime_common:${AMENT_PREFIX_PATH} CMAKE_PREFIX_PATH=/home/unique/ros2_ws/ros_test/install/realtime_common:/opt/ros/humble /usr/bin/cmake --install /home/unique/ros2_ws/ros_test/build/high_prior
