[0.061s] Invoking command in '/home/unique/ros2_ws/ros_test/build/IOringbuffer': CMAKE_PREFIX_PATH=${CMAKE_PREFIX_PATH}:/home/unique/ros2_ws/ros2_21_tutorials/install/learning_urdf:/home/unique/ros2_ws/ros2_21_tutorials/install/learning_topic:/home/unique/ros2_ws/ros2_21_tutorials/install/learning_tf:/home/unique/ros2_ws/ros2_21_tutorials/install/learning_service:/home/unique/ros2_ws/ros2_21_tutorials/install/learning_qos:/home/unique/ros2_ws/ros2_21_tutorials/install/learning_pkg_python:/home/unique/ros2_ws/ros2_21_tutorials/install/learning_parameter:/home/unique/ros2_ws/ros2_21_tutorials/install/learning_node:/home/unique/ros2_ws/ros2_21_tutorials/install/learning_launch:/home/unique/ros2_ws/ros2_21_tutorials/install/learning_action:/home/unique/ros2_ws/ros2_21_tutorials/install/learning_gazebo_harmonic:/home/unique/ros2_ws/ros2_21_tutorials/install/learning_gazebo:/home/unique/ros2_ws/ros2_21_tutorials/install/learning_cv:/opt/ros/humble /usr/bin/cmake /home/unique/ros2_ws/ros_test/src/IOringbuffer -DCMAKE_INSTALL_PREFIX=/home/unique/ros2_ws/ros_test/install/IOringbuffer
[0.799s] -- The C compiler identification is GNU 11.4.0
[2.833s] -- The CXX compiler identification is GNU 11.4.0
[4.256s] -- Detecting C compiler ABI info
[4.764s] -- Detecting C compiler ABI info - done
[4.772s] -- Check for working C compiler: /usr/bin/cc - skipped
[4.773s] -- Detecting C compile features
[4.775s] -- Detecting C compile features - done
[4.781s] -- Detecting CXX compiler ABI info
[5.263s] -- Detecting CXX compiler ABI info - done
[5.271s] -- Check for working CXX compiler: /usr/bin/c++ - skipped
[5.271s] -- Detecting CXX compile features
[5.271s] -- Detecting CXX compile features - done
[5.293s] -- Found ament_cmake: 1.3.14 (/opt/ros/humble/share/ament_cmake/cmake)
[5.614s] -- Found Python3: /usr/bin/python3 (found version "3.10.12") found components: Interpreter 
[5.917s] -- Found rclcpp: 16.0.19 (/opt/ros/humble/share/rclcpp/cmake)
[6.335s] -- Found rosidl_generator_c: 3.1.8 (/opt/ros/humble/share/rosidl_generator_c/cmake)
[6.354s] -- Found rosidl_adapter: 3.1.8 (/opt/ros/humble/share/rosidl_adapter/cmake)
[6.381s] -- Found rosidl_generator_cpp: 3.1.8 (/opt/ros/humble/share/rosidl_generator_cpp/cmake)
[6.416s] -- Using all available rosidl_typesupport_c: rosidl_typesupport_fastrtps_c;rosidl_typesupport_introspection_c
[6.461s] -- Using all available rosidl_typesupport_cpp: rosidl_typesupport_fastrtps_cpp;rosidl_typesupport_introspection_cpp
[6.596s] -- Found rmw_implementation_cmake: 6.1.2 (/opt/ros/humble/share/rmw_implementation_cmake/cmake)
[6.610s] -- Found rmw_fastrtps_cpp: 6.2.10 (/opt/ros/humble/share/rmw_fastrtps_cpp/cmake)
[7.982s] -- Found OpenSSL: /usr/lib/x86_64-linux-gnu/libcrypto.so (found version "3.0.2")  
[9.605s] -- Found FastRTPS: /opt/ros/humble/include  
[12.322s] -- Using RMW implementation 'rmw_fastrtps_cpp' as default
[12.352s] -- Looking for pthread.h
[12.649s] -- Looking for pthread.h - found
[12.649s] -- Performing Test CMAKE_HAVE_LIBC_PTHREAD
[12.954s] -- Performing Test CMAKE_HAVE_LIBC_PTHREAD - Success
[12.954s] -- Found Threads: TRUE  
[13.068s] -- Found realtime_common: 0.0.0 (/home/unique/ros2_ws/ros_test/install/realtime_common/share/realtime_common/cmake)
[13.078s] -- Found ament_lint_auto: 0.12.15 (/opt/ros/humble/share/ament_lint_auto/cmake)
[13.146s] WARNING: Package name "IOringbuffer" does not follow the naming conventions. It should start with a lower case letter and only contain lower case letters, digits, underscores, and dashes.
[13.226s] -- Added test 'cppcheck' to perform static code analysis on C / C++ code
[13.226s] -- Configured cppcheck include dirs: $<BUILD_INTERFACE:/home/unique/ros2_ws/ros_test/src/IOringbuffer/include>
[13.226s] -- Configured cppcheck exclude dirs and/or files: 
[13.229s] -- Added test 'lint_cmake' to check CMake code style
[13.232s] -- Added test 'uncrustify' to check C / C++ code style
[13.232s] -- Configured uncrustify additional arguments: 
[13.234s] -- Added test 'xmllint' to check XML markup files
[13.238s] -- Configuring done
[13.249s] -- Generating done
[13.254s] -- Build files have been written to: /home/unique/ros2_ws/ros_test/build/IOringbuffer
[13.284s] Invoked command in '/home/unique/ros2_ws/ros_test/build/IOringbuffer' returned '0': CMAKE_PREFIX_PATH=${CMAKE_PREFIX_PATH}:/home/unique/ros2_ws/ros2_21_tutorials/install/learning_urdf:/home/unique/ros2_ws/ros2_21_tutorials/install/learning_topic:/home/unique/ros2_ws/ros2_21_tutorials/install/learning_tf:/home/unique/ros2_ws/ros2_21_tutorials/install/learning_service:/home/unique/ros2_ws/ros2_21_tutorials/install/learning_qos:/home/unique/ros2_ws/ros2_21_tutorials/install/learning_pkg_python:/home/unique/ros2_ws/ros2_21_tutorials/install/learning_parameter:/home/unique/ros2_ws/ros2_21_tutorials/install/learning_node:/home/unique/ros2_ws/ros2_21_tutorials/install/learning_launch:/home/unique/ros2_ws/ros2_21_tutorials/install/learning_action:/home/unique/ros2_ws/ros2_21_tutorials/install/learning_gazebo_harmonic:/home/unique/ros2_ws/ros2_21_tutorials/install/learning_gazebo:/home/unique/ros2_ws/ros2_21_tutorials/install/learning_cv:/opt/ros/humble /usr/bin/cmake /home/unique/ros2_ws/ros_test/src/IOringbuffer -DCMAKE_INSTALL_PREFIX=/home/unique/ros2_ws/ros_test/install/IOringbuffer
[13.288s] Invoking command in '/home/unique/ros2_ws/ros_test/build/IOringbuffer': CMAKE_PREFIX_PATH=${CMAKE_PREFIX_PATH}:/home/unique/ros2_ws/ros2_21_tutorials/install/learning_urdf:/home/unique/ros2_ws/ros2_21_tutorials/install/learning_topic:/home/unique/ros2_ws/ros2_21_tutorials/install/learning_tf:/home/unique/ros2_ws/ros2_21_tutorials/install/learning_service:/home/unique/ros2_ws/ros2_21_tutorials/install/learning_qos:/home/unique/ros2_ws/ros2_21_tutorials/install/learning_pkg_python:/home/unique/ros2_ws/ros2_21_tutorials/install/learning_parameter:/home/unique/ros2_ws/ros2_21_tutorials/install/learning_node:/home/unique/ros2_ws/ros2_21_tutorials/install/learning_launch:/home/unique/ros2_ws/ros2_21_tutorials/install/learning_action:/home/unique/ros2_ws/ros2_21_tutorials/install/learning_gazebo_harmonic:/home/unique/ros2_ws/ros2_21_tutorials/install/learning_gazebo:/home/unique/ros2_ws/ros2_21_tutorials/install/learning_cv:/opt/ros/humble /usr/bin/cmake --build /home/unique/ros2_ws/ros_test/build/IOringbuffer -- -j8 -l8
[13.372s] [ 50%] [32mBuilding CXX object CMakeFiles/IOringbuffer.dir/src/IOringbuffer.cpp.o[0m
[13.384s] In file included from [01m[K/home/unique/ros2_ws/ros_test/src/IOringbuffer/src/IOringbuffer.cpp:1[m[K:
[13.385s] [01m[K/home/unique/ros2_ws/ros_test/src/IOringbuffer/include/IOringbuffer/IOringbuffer.hpp:3:10:[m[K [01;31m[Kfatal error: [m[Krclcpp/rclcpp.hpp: No such file or directory
[13.385s]     3 | #include [01;31m[K"rclcpp/rclcpp.hpp"[m[K
[13.385s]       |          [01;31m[K^~~~~~~~~~~~~~~~~~~[m[K
[13.385s] compilation terminated.
[13.388s] gmake[2]: *** [CMakeFiles/IOringbuffer.dir/build.make:76: CMakeFiles/IOringbuffer.dir/src/IOringbuffer.cpp.o] Error 1
[13.389s] gmake[1]: *** [CMakeFiles/Makefile2:137: CMakeFiles/IOringbuffer.dir/all] Error 2
[13.390s] gmake: *** [Makefile:146: all] Error 2
