[ 50%] Built target IOqueue_node
[ 75%] [32mBuilding CXX object CMakeFiles/IOqueue.dir/src/IOqueue.cpp.o[0m
[100%] [32m[1mLinking CXX shared library libIOqueue.so[0m
[100%] Built target IOqueue
-- Install configuration: ""
-- Up-to-date: /home/unique/ros2_ws/ros_test/install/IOqueue/include
-- Up-to-date: /home/unique/ros2_ws/ros_test/install/IOqueue/include/IOqueue
-- Up-to-date: /home/unique/ros2_ws/ros_test/install/IOqueue/include/IOqueue/IOqueue.hpp
-- Installing: /home/unique/ros2_ws/ros_test/install/IOqueue/lib/libIOqueue.so
-- Set runtime path of "/home/unique/ros2_ws/ros_test/install/IOqueue/lib/libIOqueue.so" to ""
-- Up-to-date: /home/unique/ros2_ws/ros_test/install/IOqueue/lib/IOqueue/IOqueue_node
-- Up-to-date: /home/unique/ros2_ws/ros_test/install/IOqueue/share/ament_index/resource_index/package_run_dependencies/IOqueue
-- Up-to-date: /home/unique/ros2_ws/ros_test/install/IOqueue/share/ament_index/resource_index/parent_prefix_path/IOqueue
-- Up-to-date: /home/unique/ros2_ws/ros_test/install/IOqueue/share/IOqueue/environment/ament_prefix_path.sh
-- Up-to-date: /home/unique/ros2_ws/ros_test/install/IOqueue/share/IOqueue/environment/ament_prefix_path.dsv
-- Up-to-date: /home/unique/ros2_ws/ros_test/install/IOqueue/share/IOqueue/environment/path.sh
-- Up-to-date: /home/unique/ros2_ws/ros_test/install/IOqueue/share/IOqueue/environment/path.dsv
-- Up-to-date: /home/unique/ros2_ws/ros_test/install/IOqueue/share/IOqueue/local_setup.bash
-- Up-to-date: /home/unique/ros2_ws/ros_test/install/IOqueue/share/IOqueue/local_setup.sh
-- Up-to-date: /home/unique/ros2_ws/ros_test/install/IOqueue/share/IOqueue/local_setup.zsh
-- Up-to-date: /home/unique/ros2_ws/ros_test/install/IOqueue/share/IOqueue/local_setup.dsv
-- Installing: /home/unique/ros2_ws/ros_test/install/IOqueue/share/IOqueue/package.dsv
-- Up-to-date: /home/unique/ros2_ws/ros_test/install/IOqueue/share/ament_index/resource_index/packages/IOqueue
-- Up-to-date: /home/unique/ros2_ws/ros_test/install/IOqueue/share/ament_index/resource_index/rclcpp_components/IOqueue
-- Up-to-date: /home/unique/ros2_ws/ros_test/install/IOqueue/share/IOqueue/cmake/IOqueueConfig.cmake
-- Up-to-date: /home/unique/ros2_ws/ros_test/install/IOqueue/share/IOqueue/cmake/IOqueueConfig-version.cmake
-- Up-to-date: /home/unique/ros2_ws/ros_test/install/IOqueue/share/IOqueue/package.xml
