[0.024s] Invoking command in '/home/unique/ros2_ws/ros_test/build/high_prior': CMAKE_PREFIX_PATH=${CMAKE_PREFIX_PATH}:/home/unique/ros2_ws/ros2_21_tutorials/install/learning_urdf:/home/unique/ros2_ws/ros2_21_tutorials/install/learning_topic:/home/unique/ros2_ws/ros2_21_tutorials/install/learning_tf:/home/unique/ros2_ws/ros2_21_tutorials/install/learning_service:/home/unique/ros2_ws/ros2_21_tutorials/install/learning_qos:/home/unique/ros2_ws/ros2_21_tutorials/install/learning_pkg_python:/home/unique/ros2_ws/ros2_21_tutorials/install/learning_parameter:/home/unique/ros2_ws/ros2_21_tutorials/install/learning_node:/home/unique/ros2_ws/ros2_21_tutorials/install/learning_launch:/home/unique/ros2_ws/ros2_21_tutorials/install/learning_action:/home/unique/ros2_ws/ros2_21_tutorials/install/learning_gazebo_harmonic:/home/unique/ros2_ws/ros2_21_tutorials/install/learning_gazebo:/home/unique/ros2_ws/ros2_21_tutorials/install/learning_cv:/opt/ros/humble /usr/bin/cmake /home/unique/ros2_ws/ros_test/src/high_prior -DCMAKE_INSTALL_PREFIX=/home/unique/ros2_ws/ros_test/install/high_prior
[0.487s] -- The C compiler identification is GNU 11.4.0
[2.081s] -- The CXX compiler identification is GNU 11.4.0
[3.095s] -- Detecting C compiler ABI info
[3.478s] -- Detecting C compiler ABI info - done
[3.484s] -- Check for working C compiler: /usr/bin/cc - skipped
[3.485s] -- Detecting C compile features
[3.486s] -- Detecting C compile features - done
[3.490s] -- Detecting CXX compiler ABI info
[3.832s] -- Detecting CXX compiler ABI info - done
[3.839s] -- Check for working CXX compiler: /usr/bin/c++ - skipped
[3.839s] -- Detecting CXX compile features
[3.840s] -- Detecting CXX compile features - done
[3.872s] -- Found ament_cmake: 1.3.14 (/opt/ros/humble/share/ament_cmake/cmake)
[4.098s] -- Found Python3: /usr/bin/python3 (found version "3.10.12") found components: Interpreter 
[4.314s] -- Found rclcpp: 16.0.19 (/opt/ros/humble/share/rclcpp/cmake)
[4.910s] -- Found rosidl_generator_c: 3.1.8 (/opt/ros/humble/share/rosidl_generator_c/cmake)
[4.926s] -- Found rosidl_adapter: 3.1.8 (/opt/ros/humble/share/rosidl_adapter/cmake)
[4.954s] -- Found rosidl_generator_cpp: 3.1.8 (/opt/ros/humble/share/rosidl_generator_cpp/cmake)
[4.986s] -- Using all available rosidl_typesupport_c: rosidl_typesupport_fastrtps_c;rosidl_typesupport_introspection_c
[5.031s] -- Using all available rosidl_typesupport_cpp: rosidl_typesupport_fastrtps_cpp;rosidl_typesupport_introspection_cpp
[5.160s] -- Found rmw_implementation_cmake: 6.1.2 (/opt/ros/humble/share/rmw_implementation_cmake/cmake)
[5.171s] -- Found rmw_fastrtps_cpp: 6.2.10 (/opt/ros/humble/share/rmw_fastrtps_cpp/cmake)
[8.486s] -- Found OpenSSL: /usr/lib/x86_64-linux-gnu/libcrypto.so (found version "3.0.2")  
[12.092s] -- Found FastRTPS: /opt/ros/humble/include  
[18.533s] -- Using RMW implementation 'rmw_fastrtps_cpp' as default
[18.564s] -- Looking for pthread.h
[18.977s] -- Looking for pthread.h - found
[18.977s] -- Performing Test CMAKE_HAVE_LIBC_PTHREAD
[19.375s] -- Performing Test CMAKE_HAVE_LIBC_PTHREAD - Success
[19.376s] -- Found Threads: TRUE  
[19.502s] -- Found rclcpp_components: 16.0.19 (/opt/ros/humble/share/rclcpp_components/cmake)
[19.569s] -- Found sensor_msgs: 4.9.1 (/opt/ros/humble/share/sensor_msgs/cmake)
[19.628s] -- Found realtime_common: 0.0.0 (/home/unique/ros2_ws/ros_test/install/realtime_common/share/realtime_common/cmake)
[19.629s] [31mCMake Error at /home/unique/ros2_ws/ros_test/install/realtime_common/share/realtime_common/cmake/ament_cmake_export_libraries-extras.cmake:48 (message):
[19.629s]   Package 'realtime_common' exports the library 'realtime_common' which
[19.629s]   couldn't be found
[19.629s] Call Stack (most recent call first):
[19.629s]   /home/unique/ros2_ws/ros_test/install/realtime_common/share/realtime_common/cmake/realtime_commonConfig.cmake:41 (include)
[19.629s]   CMakeLists.txt:14 (find_package)
[19.629s] 
[19.629s] [0m
[19.629s] -- Configuring incomplete, errors occurred!
[19.629s] See also "/home/unique/ros2_ws/ros_test/build/high_prior/CMakeFiles/CMakeOutput.log".
[19.645s] Invoked command in '/home/unique/ros2_ws/ros_test/build/high_prior' returned '1': CMAKE_PREFIX_PATH=${CMAKE_PREFIX_PATH}:/home/unique/ros2_ws/ros2_21_tutorials/install/learning_urdf:/home/unique/ros2_ws/ros2_21_tutorials/install/learning_topic:/home/unique/ros2_ws/ros2_21_tutorials/install/learning_tf:/home/unique/ros2_ws/ros2_21_tutorials/install/learning_service:/home/unique/ros2_ws/ros2_21_tutorials/install/learning_qos:/home/unique/ros2_ws/ros2_21_tutorials/install/learning_pkg_python:/home/unique/ros2_ws/ros2_21_tutorials/install/learning_parameter:/home/unique/ros2_ws/ros2_21_tutorials/install/learning_node:/home/unique/ros2_ws/ros2_21_tutorials/install/learning_launch:/home/unique/ros2_ws/ros2_21_tutorials/install/learning_action:/home/unique/ros2_ws/ros2_21_tutorials/install/learning_gazebo_harmonic:/home/unique/ros2_ws/ros2_21_tutorials/install/learning_gazebo:/home/unique/ros2_ws/ros2_21_tutorials/install/learning_cv:/opt/ros/humble /usr/bin/cmake /home/unique/ros2_ws/ros_test/src/high_prior -DCMAKE_INSTALL_PREFIX=/home/unique/ros2_ws/ros_test/install/high_prior
