[0.029s] Invoking command in '/home/unique/ros2_ws/ros_test/build/main_interface': CMAKE_PREFIX_PATH=${CMAKE_PREFIX_PATH}:/home/unique/ros2_ws/ros2_21_tutorials/install/learning_urdf:/home/unique/ros2_ws/ros2_21_tutorials/install/learning_topic:/home/unique/ros2_ws/ros2_21_tutorials/install/learning_tf:/home/unique/ros2_ws/ros2_21_tutorials/install/learning_service:/home/unique/ros2_ws/ros2_21_tutorials/install/learning_qos:/home/unique/ros2_ws/ros2_21_tutorials/install/learning_pkg_python:/home/unique/ros2_ws/ros2_21_tutorials/install/learning_parameter:/home/unique/ros2_ws/ros2_21_tutorials/install/learning_node:/home/unique/ros2_ws/ros2_21_tutorials/install/learning_launch:/home/unique/ros2_ws/ros2_21_tutorials/install/learning_action:/home/unique/ros2_ws/ros2_21_tutorials/install/learning_gazebo_harmonic:/home/unique/ros2_ws/ros2_21_tutorials/install/learning_gazebo:/home/unique/ros2_ws/ros2_21_tutorials/install/learning_cv:/opt/ros/humble /usr/bin/cmake --build /home/unique/ros2_ws/ros_test/build/main_interface -- -j8 -l8
[0.122s] [  5%] Built target main_interface__cpp
[0.122s] [  5%] Built target main_interface__rs
[0.125s] [ 15%] Built target main_interface__rosidl_generator_c
[0.141s] [ 15%] Built target ament_cmake_python_copy_main_interface
[0.170s] [ 25%] Built target main_interface__rosidl_typesupport_fastrtps_cpp
[0.176s] [ 45%] Built target main_interface__rosidl_typesupport_introspection_cpp
[0.176s] [ 45%] Built target main_interface__rosidl_typesupport_cpp
[0.185s] [ 55%] Built target main_interface__rosidl_typesupport_fastrtps_c
[0.187s] [ 65%] Built target main_interface__rosidl_typesupport_c
[0.190s] [ 75%] Built target main_interface__rosidl_typesupport_introspection_c
[0.229s] [ 75%] Built target main_interface
[0.272s] [ 77%] Built target main_interface__py
[0.326s] [ 85%] Built target main_interface__rosidl_generator_py
[0.372s] [ 92%] Built target main_interface__rosidl_typesupport_c__pyext
[0.377s] [ 95%] Built target main_interface__rosidl_typesupport_fastrtps_c__pyext
[0.377s] [100%] Built target main_interface__rosidl_typesupport_introspection_c__pyext
[0.568s] running egg_info
[0.568s] writing main_interface.egg-info/PKG-INFO
[0.568s] writing dependency_links to main_interface.egg-info/dependency_links.txt
[0.568s] writing top-level names to main_interface.egg-info/top_level.txt
[0.571s] reading manifest file 'main_interface.egg-info/SOURCES.txt'
[0.572s] writing manifest file 'main_interface.egg-info/SOURCES.txt'
[0.635s] [100%] Built target ament_cmake_python_build_main_interface_egg
[0.657s] Invoked command in '/home/unique/ros2_ws/ros_test/build/main_interface' returned '0': CMAKE_PREFIX_PATH=${CMAKE_PREFIX_PATH}:/home/unique/ros2_ws/ros2_21_tutorials/install/learning_urdf:/home/unique/ros2_ws/ros2_21_tutorials/install/learning_topic:/home/unique/ros2_ws/ros2_21_tutorials/install/learning_tf:/home/unique/ros2_ws/ros2_21_tutorials/install/learning_service:/home/unique/ros2_ws/ros2_21_tutorials/install/learning_qos:/home/unique/ros2_ws/ros2_21_tutorials/install/learning_pkg_python:/home/unique/ros2_ws/ros2_21_tutorials/install/learning_parameter:/home/unique/ros2_ws/ros2_21_tutorials/install/learning_node:/home/unique/ros2_ws/ros2_21_tutorials/install/learning_launch:/home/unique/ros2_ws/ros2_21_tutorials/install/learning_action:/home/unique/ros2_ws/ros2_21_tutorials/install/learning_gazebo_harmonic:/home/unique/ros2_ws/ros2_21_tutorials/install/learning_gazebo:/home/unique/ros2_ws/ros2_21_tutorials/install/learning_cv:/opt/ros/humble /usr/bin/cmake --build /home/unique/ros2_ws/ros_test/build/main_interface -- -j8 -l8
[0.660s] Invoking command in '/home/unique/ros2_ws/ros_test/build/main_interface': CMAKE_PREFIX_PATH=${CMAKE_PREFIX_PATH}:/home/unique/ros2_ws/ros2_21_tutorials/install/learning_urdf:/home/unique/ros2_ws/ros2_21_tutorials/install/learning_topic:/home/unique/ros2_ws/ros2_21_tutorials/install/learning_tf:/home/unique/ros2_ws/ros2_21_tutorials/install/learning_service:/home/unique/ros2_ws/ros2_21_tutorials/install/learning_qos:/home/unique/ros2_ws/ros2_21_tutorials/install/learning_pkg_python:/home/unique/ros2_ws/ros2_21_tutorials/install/learning_parameter:/home/unique/ros2_ws/ros2_21_tutorials/install/learning_node:/home/unique/ros2_ws/ros2_21_tutorials/install/learning_launch:/home/unique/ros2_ws/ros2_21_tutorials/install/learning_action:/home/unique/ros2_ws/ros2_21_tutorials/install/learning_gazebo_harmonic:/home/unique/ros2_ws/ros2_21_tutorials/install/learning_gazebo:/home/unique/ros2_ws/ros2_21_tutorials/install/learning_cv:/opt/ros/humble /usr/bin/cmake --install /home/unique/ros2_ws/ros_test/build/main_interface
[0.671s] -- Install configuration: ""
[0.671s] -- Up-to-date: /home/unique/ros2_ws/ros_test/install/main_interface/share/ament_index/resource_index/rosidl_interfaces/main_interface
[0.671s] -- Up-to-date: /home/unique/ros2_ws/ros_test/install/main_interface/include/main_interface/main_interface
[0.672s] -- Up-to-date: /home/unique/ros2_ws/ros_test/install/main_interface/include/main_interface/main_interface/msg
[0.672s] -- Up-to-date: /home/unique/ros2_ws/ros_test/install/main_interface/include/main_interface/main_interface/msg/rosidl_generator_c__visibility_control.h
[0.672s] -- Up-to-date: /home/unique/ros2_ws/ros_test/install/main_interface/include/main_interface/main_interface/msg/byte_row.h
[0.672s] -- Up-to-date: /home/unique/ros2_ws/ros_test/install/main_interface/include/main_interface/main_interface/msg/byte_rows.h
[0.672s] -- Up-to-date: /home/unique/ros2_ws/ros_test/install/main_interface/include/main_interface/main_interface/msg/detail
[0.672s] -- Up-to-date: /home/unique/ros2_ws/ros_test/install/main_interface/include/main_interface/main_interface/msg/detail/byte_rows__functions.h
[0.672s] -- Up-to-date: /home/unique/ros2_ws/ros_test/install/main_interface/include/main_interface/main_interface/msg/detail/byte_row__functions.h
[0.672s] -- Up-to-date: /home/unique/ros2_ws/ros_test/install/main_interface/include/main_interface/main_interface/msg/detail/byte_row__functions.c
[0.672s] -- Up-to-date: /home/unique/ros2_ws/ros_test/install/main_interface/include/main_interface/main_interface/msg/detail/byte_rows__type_support.h
[0.673s] -- Up-to-date: /home/unique/ros2_ws/ros_test/install/main_interface/include/main_interface/main_interface/msg/detail/byte_rows__functions.c
[0.673s] -- Up-to-date: /home/unique/ros2_ws/ros_test/install/main_interface/include/main_interface/main_interface/msg/detail/byte_row__struct.h
[0.673s] -- Up-to-date: /home/unique/ros2_ws/ros_test/install/main_interface/include/main_interface/main_interface/msg/detail/byte_row__type_support.h
[0.673s] -- Up-to-date: /home/unique/ros2_ws/ros_test/install/main_interface/include/main_interface/main_interface/msg/detail/byte_rows__struct.h
[0.673s] -- Up-to-date: /home/unique/ros2_ws/ros_test/install/main_interface/share/main_interface/environment/library_path.sh
[0.673s] -- Up-to-date: /home/unique/ros2_ws/ros_test/install/main_interface/share/main_interface/environment/library_path.dsv
[0.673s] -- Up-to-date: /home/unique/ros2_ws/ros_test/install/main_interface/lib/libmain_interface__rosidl_generator_c.so
[0.674s] -- Up-to-date: /home/unique/ros2_ws/ros_test/install/main_interface/include/main_interface/main_interface
[0.674s] -- Up-to-date: /home/unique/ros2_ws/ros_test/install/main_interface/include/main_interface/main_interface/msg
[0.674s] -- Up-to-date: /home/unique/ros2_ws/ros_test/install/main_interface/include/main_interface/main_interface/msg/rosidl_typesupport_fastrtps_c__visibility_control.h
[0.674s] -- Up-to-date: /home/unique/ros2_ws/ros_test/install/main_interface/include/main_interface/main_interface/msg/detail
[0.674s] -- Up-to-date: /home/unique/ros2_ws/ros_test/install/main_interface/include/main_interface/main_interface/msg/detail/byte_row__rosidl_typesupport_fastrtps_c.h
[0.675s] -- Up-to-date: /home/unique/ros2_ws/ros_test/install/main_interface/include/main_interface/main_interface/msg/detail/byte_rows__rosidl_typesupport_fastrtps_c.h
[0.675s] -- Up-to-date: /home/unique/ros2_ws/ros_test/install/main_interface/lib/libmain_interface__rosidl_typesupport_fastrtps_c.so
[0.675s] -- Up-to-date: /home/unique/ros2_ws/ros_test/install/main_interface/include/main_interface/main_interface
[0.675s] -- Up-to-date: /home/unique/ros2_ws/ros_test/install/main_interface/include/main_interface/main_interface/msg
[0.675s] -- Up-to-date: /home/unique/ros2_ws/ros_test/install/main_interface/include/main_interface/main_interface/msg/byte_row.hpp
[0.675s] -- Up-to-date: /home/unique/ros2_ws/ros_test/install/main_interface/include/main_interface/main_interface/msg/rosidl_generator_cpp__visibility_control.hpp
[0.675s] -- Up-to-date: /home/unique/ros2_ws/ros_test/install/main_interface/include/main_interface/main_interface/msg/detail
[0.676s] -- Up-to-date: /home/unique/ros2_ws/ros_test/install/main_interface/include/main_interface/main_interface/msg/detail/byte_rows__builder.hpp
[0.676s] -- Up-to-date: /home/unique/ros2_ws/ros_test/install/main_interface/include/main_interface/main_interface/msg/detail/byte_row__builder.hpp
[0.676s] -- Up-to-date: /home/unique/ros2_ws/ros_test/install/main_interface/include/main_interface/main_interface/msg/detail/byte_rows__struct.hpp
[0.676s] -- Up-to-date: /home/unique/ros2_ws/ros_test/install/main_interface/include/main_interface/main_interface/msg/detail/byte_row__struct.hpp
[0.676s] -- Up-to-date: /home/unique/ros2_ws/ros_test/install/main_interface/include/main_interface/main_interface/msg/detail/byte_rows__type_support.hpp
[0.676s] -- Up-to-date: /home/unique/ros2_ws/ros_test/install/main_interface/include/main_interface/main_interface/msg/detail/byte_row__type_support.hpp
[0.677s] -- Up-to-date: /home/unique/ros2_ws/ros_test/install/main_interface/include/main_interface/main_interface/msg/detail/byte_rows__traits.hpp
[0.677s] -- Up-to-date: /home/unique/ros2_ws/ros_test/install/main_interface/include/main_interface/main_interface/msg/detail/byte_row__traits.hpp
[0.677s] -- Up-to-date: /home/unique/ros2_ws/ros_test/install/main_interface/include/main_interface/main_interface/msg/byte_rows.hpp
[0.677s] -- Up-to-date: /home/unique/ros2_ws/ros_test/install/main_interface/include/main_interface/main_interface
[0.677s] -- Up-to-date: /home/unique/ros2_ws/ros_test/install/main_interface/include/main_interface/main_interface/msg
[0.677s] -- Up-to-date: /home/unique/ros2_ws/ros_test/install/main_interface/include/main_interface/main_interface/msg/rosidl_typesupport_fastrtps_cpp__visibility_control.h
[0.678s] -- Up-to-date: /home/unique/ros2_ws/ros_test/install/main_interface/include/main_interface/main_interface/msg/detail
[0.678s] -- Up-to-date: /home/unique/ros2_ws/ros_test/install/main_interface/include/main_interface/main_interface/msg/detail/byte_rows__rosidl_typesupport_fastrtps_cpp.hpp
[0.678s] -- Up-to-date: /home/unique/ros2_ws/ros_test/install/main_interface/include/main_interface/main_interface/msg/detail/byte_row__rosidl_typesupport_fastrtps_cpp.hpp
[0.678s] -- Up-to-date: /home/unique/ros2_ws/ros_test/install/main_interface/include/main_interface/main_interface/msg/detail/dds_fastrtps
[0.678s] -- Up-to-date: /home/unique/ros2_ws/ros_test/install/main_interface/lib/libmain_interface__rosidl_typesupport_fastrtps_cpp.so
[0.678s] -- Up-to-date: /home/unique/ros2_ws/ros_test/install/main_interface/include/main_interface/main_interface
[0.679s] -- Up-to-date: /home/unique/ros2_ws/ros_test/install/main_interface/include/main_interface/main_interface/msg
[0.679s] -- Up-to-date: /home/unique/ros2_ws/ros_test/install/main_interface/include/main_interface/main_interface/msg/rosidl_typesupport_introspection_c__visibility_control.h
[0.679s] -- Up-to-date: /home/unique/ros2_ws/ros_test/install/main_interface/include/main_interface/main_interface/msg/detail
[0.679s] -- Up-to-date: /home/unique/ros2_ws/ros_test/install/main_interface/include/main_interface/main_interface/msg/detail/byte_rows__rosidl_typesupport_introspection_c.h
[0.679s] -- Up-to-date: /home/unique/ros2_ws/ros_test/install/main_interface/include/main_interface/main_interface/msg/detail/byte_rows__type_support.c
[0.679s] -- Up-to-date: /home/unique/ros2_ws/ros_test/install/main_interface/include/main_interface/main_interface/msg/detail/byte_row__type_support.c
[0.680s] -- Up-to-date: /home/unique/ros2_ws/ros_test/install/main_interface/include/main_interface/main_interface/msg/detail/byte_row__rosidl_typesupport_introspection_c.h
[0.680s] -- Up-to-date: /home/unique/ros2_ws/ros_test/install/main_interface/lib/libmain_interface__rosidl_typesupport_introspection_c.so
[0.680s] -- Up-to-date: /home/unique/ros2_ws/ros_test/install/main_interface/lib/libmain_interface__rosidl_typesupport_c.so
[0.680s] -- Up-to-date: /home/unique/ros2_ws/ros_test/install/main_interface/include/main_interface/main_interface
[0.680s] -- Up-to-date: /home/unique/ros2_ws/ros_test/install/main_interface/include/main_interface/main_interface/msg
[0.680s] -- Up-to-date: /home/unique/ros2_ws/ros_test/install/main_interface/include/main_interface/main_interface/msg/detail
[0.680s] -- Up-to-date: /home/unique/ros2_ws/ros_test/install/main_interface/include/main_interface/main_interface/msg/detail/byte_rows__type_support.cpp
[0.680s] -- Up-to-date: /home/unique/ros2_ws/ros_test/install/main_interface/include/main_interface/main_interface/msg/detail/byte_row__rosidl_typesupport_introspection_cpp.hpp
[0.680s] -- Up-to-date: /home/unique/ros2_ws/ros_test/install/main_interface/include/main_interface/main_interface/msg/detail/byte_row__type_support.cpp
[0.681s] -- Up-to-date: /home/unique/ros2_ws/ros_test/install/main_interface/include/main_interface/main_interface/msg/detail/byte_rows__rosidl_typesupport_introspection_cpp.hpp
[0.681s] -- Up-to-date: /home/unique/ros2_ws/ros_test/install/main_interface/lib/libmain_interface__rosidl_typesupport_introspection_cpp.so
[0.681s] -- Up-to-date: /home/unique/ros2_ws/ros_test/install/main_interface/lib/libmain_interface__rosidl_typesupport_cpp.so
[0.681s] -- Up-to-date: /home/unique/ros2_ws/ros_test/install/main_interface/share/main_interface/environment/pythonpath.sh
[0.681s] -- Up-to-date: /home/unique/ros2_ws/ros_test/install/main_interface/share/main_interface/environment/pythonpath.dsv
[0.681s] -- Up-to-date: /home/unique/ros2_ws/ros_test/install/main_interface/local/lib/python3.10/dist-packages/main_interface-0.0.0-py3.10.egg-info
[0.681s] -- Installing: /home/unique/ros2_ws/ros_test/install/main_interface/local/lib/python3.10/dist-packages/main_interface-0.0.0-py3.10.egg-info/dependency_links.txt
[0.681s] -- Installing: /home/unique/ros2_ws/ros_test/install/main_interface/local/lib/python3.10/dist-packages/main_interface-0.0.0-py3.10.egg-info/PKG-INFO
[0.681s] -- Installing: /home/unique/ros2_ws/ros_test/install/main_interface/local/lib/python3.10/dist-packages/main_interface-0.0.0-py3.10.egg-info/top_level.txt
[0.681s] -- Installing: /home/unique/ros2_ws/ros_test/install/main_interface/local/lib/python3.10/dist-packages/main_interface-0.0.0-py3.10.egg-info/SOURCES.txt
[0.681s] -- Up-to-date: /home/unique/ros2_ws/ros_test/install/main_interface/local/lib/python3.10/dist-packages/main_interface
[0.681s] -- Up-to-date: /home/unique/ros2_ws/ros_test/install/main_interface/local/lib/python3.10/dist-packages/main_interface/_main_interface_s.ep.rosidl_typesupport_introspection_c.c
[0.682s] -- Up-to-date: /home/unique/ros2_ws/ros_test/install/main_interface/local/lib/python3.10/dist-packages/main_interface/main_interface_s__rosidl_typesupport_c.cpython-310-x86_64-linux-gnu.so
[0.682s] -- Up-to-date: /home/unique/ros2_ws/ros_test/install/main_interface/local/lib/python3.10/dist-packages/main_interface/_main_interface_s.ep.rosidl_typesupport_c.c
[0.682s] -- Up-to-date: /home/unique/ros2_ws/ros_test/install/main_interface/local/lib/python3.10/dist-packages/main_interface/libmain_interface__rosidl_generator_py.so
[0.682s] -- Up-to-date: /home/unique/ros2_ws/ros_test/install/main_interface/local/lib/python3.10/dist-packages/main_interface/main_interface_s__rosidl_typesupport_fastrtps_c.cpython-310-x86_64-linux-gnu.so
[0.682s] -- Up-to-date: /home/unique/ros2_ws/ros_test/install/main_interface/local/lib/python3.10/dist-packages/main_interface/_main_interface_s.ep.rosidl_typesupport_fastrtps_c.c
[0.682s] -- Up-to-date: /home/unique/ros2_ws/ros_test/install/main_interface/local/lib/python3.10/dist-packages/main_interface/msg
[0.682s] -- Up-to-date: /home/unique/ros2_ws/ros_test/install/main_interface/local/lib/python3.10/dist-packages/main_interface/msg/_byte_rows_s.c
[0.682s] -- Up-to-date: /home/unique/ros2_ws/ros_test/install/main_interface/local/lib/python3.10/dist-packages/main_interface/msg/_byte_rows.py
[0.682s] -- Up-to-date: /home/unique/ros2_ws/ros_test/install/main_interface/local/lib/python3.10/dist-packages/main_interface/msg/_byte_row_s.c
[0.682s] -- Up-to-date: /home/unique/ros2_ws/ros_test/install/main_interface/local/lib/python3.10/dist-packages/main_interface/msg/_byte_row.py
[0.682s] -- Up-to-date: /home/unique/ros2_ws/ros_test/install/main_interface/local/lib/python3.10/dist-packages/main_interface/msg/__init__.py
[0.682s] -- Up-to-date: /home/unique/ros2_ws/ros_test/install/main_interface/local/lib/python3.10/dist-packages/main_interface/__init__.py
[0.682s] -- Up-to-date: /home/unique/ros2_ws/ros_test/install/main_interface/local/lib/python3.10/dist-packages/main_interface/main_interface_s__rosidl_typesupport_introspection_c.cpython-310-x86_64-linux-gnu.so
[0.723s] Listing '/home/unique/ros2_ws/ros_test/install/main_interface/local/lib/python3.10/dist-packages/main_interface'...
[0.723s] Listing '/home/unique/ros2_ws/ros_test/install/main_interface/local/lib/python3.10/dist-packages/main_interface/msg'...
[0.730s] -- Up-to-date: /home/unique/ros2_ws/ros_test/install/main_interface/local/lib/python3.10/dist-packages/main_interface/main_interface_s__rosidl_typesupport_fastrtps_c.cpython-310-x86_64-linux-gnu.so
[0.730s] -- Up-to-date: /home/unique/ros2_ws/ros_test/install/main_interface/local/lib/python3.10/dist-packages/main_interface/main_interface_s__rosidl_typesupport_introspection_c.cpython-310-x86_64-linux-gnu.so
[0.731s] -- Up-to-date: /home/unique/ros2_ws/ros_test/install/main_interface/local/lib/python3.10/dist-packages/main_interface/main_interface_s__rosidl_typesupport_c.cpython-310-x86_64-linux-gnu.so
[0.731s] -- Up-to-date: /home/unique/ros2_ws/ros_test/install/main_interface/lib/libmain_interface__rosidl_generator_py.so
[0.731s] -- Up-to-date: /home/unique/ros2_ws/ros_test/install/main_interface/share/ament_index/resource_index/rust_packages/main_interface
[0.731s] -- Up-to-date: /home/unique/ros2_ws/ros_test/install/main_interface/share/main_interface/rust
[0.731s] -- Up-to-date: /home/unique/ros2_ws/ros_test/install/main_interface/share/main_interface/rust/src
[0.732s] -- Up-to-date: /home/unique/ros2_ws/ros_test/install/main_interface/share/main_interface/rust/src/msg
[0.732s] -- Up-to-date: /home/unique/ros2_ws/ros_test/install/main_interface/share/main_interface/rust/src/msg/rmw.rs
[0.732s] -- Up-to-date: /home/unique/ros2_ws/ros_test/install/main_interface/share/main_interface/rust/src/lib.rs
[0.732s] -- Up-to-date: /home/unique/ros2_ws/ros_test/install/main_interface/share/main_interface/rust/src/msg.rs
[0.733s] -- Up-to-date: /home/unique/ros2_ws/ros_test/install/main_interface/share/main_interface/rust/build.rs
[0.733s] -- Up-to-date: /home/unique/ros2_ws/ros_test/install/main_interface/share/main_interface/rust/Cargo.toml
[0.733s] -- Up-to-date: /home/unique/ros2_ws/ros_test/install/main_interface/share/main_interface/msg/ByteRow.idl
[0.733s] -- Up-to-date: /home/unique/ros2_ws/ros_test/install/main_interface/share/main_interface/msg/ByteRows.idl
[0.733s] -- Up-to-date: /home/unique/ros2_ws/ros_test/install/main_interface/share/main_interface/msg/ByteRow.msg
[0.733s] -- Up-to-date: /home/unique/ros2_ws/ros_test/install/main_interface/share/main_interface/msg/ByteRows.msg
[0.733s] -- Up-to-date: /home/unique/ros2_ws/ros_test/install/main_interface/share/ament_index/resource_index/package_run_dependencies/main_interface
[0.733s] -- Up-to-date: /home/unique/ros2_ws/ros_test/install/main_interface/share/ament_index/resource_index/parent_prefix_path/main_interface
[0.734s] -- Up-to-date: /home/unique/ros2_ws/ros_test/install/main_interface/share/main_interface/environment/ament_prefix_path.sh
[0.734s] -- Up-to-date: /home/unique/ros2_ws/ros_test/install/main_interface/share/main_interface/environment/ament_prefix_path.dsv
[0.734s] -- Up-to-date: /home/unique/ros2_ws/ros_test/install/main_interface/share/main_interface/environment/path.sh
[0.734s] -- Up-to-date: /home/unique/ros2_ws/ros_test/install/main_interface/share/main_interface/environment/path.dsv
[0.734s] -- Up-to-date: /home/unique/ros2_ws/ros_test/install/main_interface/share/main_interface/local_setup.bash
[0.734s] -- Up-to-date: /home/unique/ros2_ws/ros_test/install/main_interface/share/main_interface/local_setup.sh
[0.734s] -- Up-to-date: /home/unique/ros2_ws/ros_test/install/main_interface/share/main_interface/local_setup.zsh
[0.734s] -- Up-to-date: /home/unique/ros2_ws/ros_test/install/main_interface/share/main_interface/local_setup.dsv
[0.734s] -- Installing: /home/unique/ros2_ws/ros_test/install/main_interface/share/main_interface/package.dsv
[0.734s] -- Up-to-date: /home/unique/ros2_ws/ros_test/install/main_interface/share/ament_index/resource_index/packages/main_interface
[0.735s] -- Up-to-date: /home/unique/ros2_ws/ros_test/install/main_interface/share/main_interface/cmake/export_main_interface__rosidl_generator_cExport.cmake
[0.735s] -- Up-to-date: /home/unique/ros2_ws/ros_test/install/main_interface/share/main_interface/cmake/export_main_interface__rosidl_generator_cExport-noconfig.cmake
[0.735s] -- Up-to-date: /home/unique/ros2_ws/ros_test/install/main_interface/share/main_interface/cmake/export_main_interface__rosidl_typesupport_fastrtps_cExport.cmake
[0.735s] -- Up-to-date: /home/unique/ros2_ws/ros_test/install/main_interface/share/main_interface/cmake/export_main_interface__rosidl_typesupport_fastrtps_cExport-noconfig.cmake
[0.735s] -- Up-to-date: /home/unique/ros2_ws/ros_test/install/main_interface/share/main_interface/cmake/export_main_interface__rosidl_generator_cppExport.cmake
[0.735s] -- Up-to-date: /home/unique/ros2_ws/ros_test/install/main_interface/share/main_interface/cmake/export_main_interface__rosidl_typesupport_fastrtps_cppExport.cmake
[0.735s] -- Up-to-date: /home/unique/ros2_ws/ros_test/install/main_interface/share/main_interface/cmake/export_main_interface__rosidl_typesupport_fastrtps_cppExport-noconfig.cmake
[0.735s] -- Up-to-date: /home/unique/ros2_ws/ros_test/install/main_interface/share/main_interface/cmake/main_interface__rosidl_typesupport_introspection_cExport.cmake
[0.735s] -- Up-to-date: /home/unique/ros2_ws/ros_test/install/main_interface/share/main_interface/cmake/main_interface__rosidl_typesupport_introspection_cExport-noconfig.cmake
[0.736s] -- Up-to-date: /home/unique/ros2_ws/ros_test/install/main_interface/share/main_interface/cmake/main_interface__rosidl_typesupport_cExport.cmake
[0.736s] -- Up-to-date: /home/unique/ros2_ws/ros_test/install/main_interface/share/main_interface/cmake/main_interface__rosidl_typesupport_cExport-noconfig.cmake
[0.736s] -- Up-to-date: /home/unique/ros2_ws/ros_test/install/main_interface/share/main_interface/cmake/main_interface__rosidl_typesupport_introspection_cppExport.cmake
[0.736s] -- Up-to-date: /home/unique/ros2_ws/ros_test/install/main_interface/share/main_interface/cmake/main_interface__rosidl_typesupport_introspection_cppExport-noconfig.cmake
[0.736s] -- Up-to-date: /home/unique/ros2_ws/ros_test/install/main_interface/share/main_interface/cmake/main_interface__rosidl_typesupport_cppExport.cmake
[0.736s] -- Up-to-date: /home/unique/ros2_ws/ros_test/install/main_interface/share/main_interface/cmake/main_interface__rosidl_typesupport_cppExport-noconfig.cmake
[0.736s] -- Up-to-date: /home/unique/ros2_ws/ros_test/install/main_interface/share/main_interface/cmake/export_main_interface__rosidl_generator_pyExport.cmake
[0.736s] -- Up-to-date: /home/unique/ros2_ws/ros_test/install/main_interface/share/main_interface/cmake/export_main_interface__rosidl_generator_pyExport-noconfig.cmake
[0.736s] -- Up-to-date: /home/unique/ros2_ws/ros_test/install/main_interface/share/main_interface/cmake/rosidl_cmake-extras.cmake
[0.737s] -- Up-to-date: /home/unique/ros2_ws/ros_test/install/main_interface/share/main_interface/cmake/ament_cmake_export_dependencies-extras.cmake
[0.737s] -- Up-to-date: /home/unique/ros2_ws/ros_test/install/main_interface/share/main_interface/cmake/ament_cmake_export_include_directories-extras.cmake
[0.737s] -- Up-to-date: /home/unique/ros2_ws/ros_test/install/main_interface/share/main_interface/cmake/ament_cmake_export_libraries-extras.cmake
[0.737s] -- Up-to-date: /home/unique/ros2_ws/ros_test/install/main_interface/share/main_interface/cmake/ament_cmake_export_targets-extras.cmake
[0.737s] -- Up-to-date: /home/unique/ros2_ws/ros_test/install/main_interface/share/main_interface/cmake/rosidl_cmake_export_typesupport_targets-extras.cmake
[0.737s] -- Up-to-date: /home/unique/ros2_ws/ros_test/install/main_interface/share/main_interface/cmake/rosidl_cmake_export_typesupport_libraries-extras.cmake
[0.737s] -- Up-to-date: /home/unique/ros2_ws/ros_test/install/main_interface/share/main_interface/cmake/main_interfaceConfig.cmake
[0.737s] -- Up-to-date: /home/unique/ros2_ws/ros_test/install/main_interface/share/main_interface/cmake/main_interfaceConfig-version.cmake
[0.737s] -- Up-to-date: /home/unique/ros2_ws/ros_test/install/main_interface/share/main_interface/package.xml
[0.741s] Invoked command in '/home/unique/ros2_ws/ros_test/build/main_interface' returned '0': CMAKE_PREFIX_PATH=${CMAKE_PREFIX_PATH}:/home/unique/ros2_ws/ros2_21_tutorials/install/learning_urdf:/home/unique/ros2_ws/ros2_21_tutorials/install/learning_topic:/home/unique/ros2_ws/ros2_21_tutorials/install/learning_tf:/home/unique/ros2_ws/ros2_21_tutorials/install/learning_service:/home/unique/ros2_ws/ros2_21_tutorials/install/learning_qos:/home/unique/ros2_ws/ros2_21_tutorials/install/learning_pkg_python:/home/unique/ros2_ws/ros2_21_tutorials/install/learning_parameter:/home/unique/ros2_ws/ros2_21_tutorials/install/learning_node:/home/unique/ros2_ws/ros2_21_tutorials/install/learning_launch:/home/unique/ros2_ws/ros2_21_tutorials/install/learning_action:/home/unique/ros2_ws/ros2_21_tutorials/install/learning_gazebo_harmonic:/home/unique/ros2_ws/ros2_21_tutorials/install/learning_gazebo:/home/unique/ros2_ws/ros2_21_tutorials/install/learning_cv:/opt/ros/humble /usr/bin/cmake --install /home/unique/ros2_ws/ros_test/build/main_interface
