-- Found ament_cmake: 1.3.14 (/opt/ros/humble/share/ament_cmake/cmake)
-- Found rclcpp: 16.0.19 (/opt/ros/humble/share/rclcpp/cmake)
-- Found rosidl_generator_c: 3.1.8 (/opt/ros/humble/share/rosidl_generator_c/cmake)
-- Found rosidl_adapter: 3.1.8 (/opt/ros/humble/share/rosidl_adapter/cmake)
-- Found rosidl_generator_cpp: 3.1.8 (/opt/ros/humble/share/rosidl_generator_cpp/cmake)
-- Using all available rosidl_typesupport_c: rosidl_typesupport_fastrtps_c;rosidl_typesupport_introspection_c
-- Using all available rosidl_typesupport_cpp: rosidl_typesupport_fastrtps_cpp;rosidl_typesupport_introspection_cpp
-- Found rmw_implementation_cmake: 6.1.2 (/opt/ros/humble/share/rmw_implementation_cmake/cmake)
-- Found rmw_fastrtps_cpp: 6.2.10 (/opt/ros/humble/share/rmw_fastrtps_cpp/cmake)
-- Using RMW implementation 'rmw_fastrtps_cpp' as default
-- Found rclcpp_components: 16.0.19 (/opt/ros/humble/share/rclcpp_components/cmake)
-- Found sensor_msgs: 4.9.1 (/opt/ros/humble/share/sensor_msgs/cmake)
-- Found realtime_common: 0.0.0 (/home/unique/ros2_ws/ros_test/install/realtime_common/share/realtime_common/cmake)
-- Found ament_lint_auto: 0.12.15 (/opt/ros/humble/share/ament_lint_auto/cmake)
-- Added test 'cppcheck' to perform static code analysis on C / C++ code
-- Configured cppcheck include dirs: $<BUILD_INTERFACE:/home/unique/ros2_ws/ros_test/src/high_prior/include>
-- Configured cppcheck exclude dirs and/or files: 
-- Added test 'lint_cmake' to check CMake code style
-- Added test 'uncrustify' to check C / C++ code style
-- Configured uncrustify additional arguments: 
-- Added test 'xmllint' to check XML markup files
-- Configuring done
-- Generating done
-- Build files have been written to: /home/unique/ros2_ws/ros_test/build/high_prior
[35m[1mConsolidate compiler generated dependencies of target high_prior[0m
[ 50%] [32mBuilding CXX object CMakeFiles/high_prior.dir/src/high_prior.cpp.o[0m
[100%] [32m[1mLinking CXX shared library libhigh_prior.so[0m
[100%] Built target high_prior
-- Install configuration: ""
-- Up-to-date: /home/unique/ros2_ws/ros_test/install/high_prior/include
-- Up-to-date: /home/unique/ros2_ws/ros_test/install/high_prior/include/high_prior
-- Installing: /home/unique/ros2_ws/ros_test/install/high_prior/include/high_prior/high_prior.hpp
-- Installing: /home/unique/ros2_ws/ros_test/install/high_prior/lib/libhigh_prior.so
-- Set runtime path of "/home/unique/ros2_ws/ros_test/install/high_prior/lib/libhigh_prior.so" to ""
-- Installing: /home/unique/ros2_ws/ros_test/install/high_prior/share/ament_index/resource_index/package_run_dependencies/high_prior
-- Installing: /home/unique/ros2_ws/ros_test/install/high_prior/share/ament_index/resource_index/parent_prefix_path/high_prior
-- Up-to-date: /home/unique/ros2_ws/ros_test/install/high_prior/share/high_prior/environment/ament_prefix_path.sh
-- Installing: /home/unique/ros2_ws/ros_test/install/high_prior/share/high_prior/environment/ament_prefix_path.dsv
-- Up-to-date: /home/unique/ros2_ws/ros_test/install/high_prior/share/high_prior/environment/path.sh
-- Installing: /home/unique/ros2_ws/ros_test/install/high_prior/share/high_prior/environment/path.dsv
-- Up-to-date: /home/unique/ros2_ws/ros_test/install/high_prior/share/high_prior/local_setup.bash
-- Up-to-date: /home/unique/ros2_ws/ros_test/install/high_prior/share/high_prior/local_setup.sh
-- Up-to-date: /home/unique/ros2_ws/ros_test/install/high_prior/share/high_prior/local_setup.zsh
-- Installing: /home/unique/ros2_ws/ros_test/install/high_prior/share/high_prior/local_setup.dsv
-- Installing: /home/unique/ros2_ws/ros_test/install/high_prior/share/high_prior/package.dsv
-- Up-to-date: /home/unique/ros2_ws/ros_test/install/high_prior/share/ament_index/resource_index/packages/high_prior
-- Installing: /home/unique/ros2_ws/ros_test/install/high_prior/share/ament_index/resource_index/rclcpp_components/high_prior
-- Up-to-date: /home/unique/ros2_ws/ros_test/install/high_prior/share/high_prior/cmake/high_priorConfig.cmake
-- Up-to-date: /home/unique/ros2_ws/ros_test/install/high_prior/share/high_prior/cmake/high_priorConfig-version.cmake
-- Installing: /home/unique/ros2_ws/ros_test/install/high_prior/share/high_prior/package.xml
