[  2%] Built target main_interface__rs
[ 12%] Built target main_interface__rosidl_generator_c
[ 15%] Built target main_interface__cpp
[35m[1mConsolidate compiler generated dependencies of target main_interface__rosidl_typesupport_fastrtps_c[0m
[35m[1mConsolidate compiler generated dependencies of target main_interface__rosidl_typesupport_cpp[0m
[ 15%] Built target ament_cmake_python_copy_main_interface
[35m[1mConsolidate compiler generated dependencies of target main_interface__rosidl_typesupport_fastrtps_cpp[0m
[35m[1mConsolidate compiler generated dependencies of target main_interface__rosidl_typesupport_introspection_cpp[0m
[ 35%] Built target main_interface__rosidl_typesupport_c
[ 35%] Built target main_interface__rosidl_typesupport_introspection_c
[ 45%] Built target main_interface__rosidl_typesupport_fastrtps_cpp
[ 55%] Built target main_interface__rosidl_typesupport_cpp
[ 65%] Built target main_interface__rosidl_typesupport_fastrtps_c
[ 75%] Built target main_interface__rosidl_typesupport_introspection_cpp
[ 75%] Built target main_interface
[ 77%] Built target main_interface__py
[35m[1mConsolidate compiler generated dependencies of target main_interface__rosidl_generator_py[0m
[ 85%] Built target main_interface__rosidl_generator_py
[35m[1mConsolidate compiler generated dependencies of target main_interface__rosidl_typesupport_fastrtps_c__pyext[0m
[35m[1mConsolidate compiler generated dependencies of target main_interface__rosidl_typesupport_c__pyext[0m
[35m[1mConsolidate compiler generated dependencies of target main_interface__rosidl_typesupport_introspection_c__pyext[0m
[100%] Built target main_interface__rosidl_typesupport_fastrtps_c__pyext
[100%] Built target main_interface__rosidl_typesupport_introspection_c__pyext
[100%] Built target main_interface__rosidl_typesupport_c__pyext
running egg_info
writing main_interface.egg-info/PKG-INFO
writing dependency_links to main_interface.egg-info/dependency_links.txt
writing top-level names to main_interface.egg-info/top_level.txt
reading manifest file 'main_interface.egg-info/SOURCES.txt'
writing manifest file 'main_interface.egg-info/SOURCES.txt'
[100%] Built target ament_cmake_python_build_main_interface_egg
