[0.038s] Invoking command in '/home/unique/ros2_ws/ros_test/build/main_interface': CMAKE_PREFIX_PATH=${CMAKE_PREFIX_PATH}:/home/unique/ros2_ws/ros2_21_tutorials/install/learning_urdf:/home/unique/ros2_ws/ros2_21_tutorials/install/learning_topic:/home/unique/ros2_ws/ros2_21_tutorials/install/learning_tf:/home/unique/ros2_ws/ros2_21_tutorials/install/learning_service:/home/unique/ros2_ws/ros2_21_tutorials/install/learning_qos:/home/unique/ros2_ws/ros2_21_tutorials/install/learning_pkg_python:/home/unique/ros2_ws/ros2_21_tutorials/install/learning_parameter:/home/unique/ros2_ws/ros2_21_tutorials/install/learning_node:/home/unique/ros2_ws/ros2_21_tutorials/install/learning_launch:/home/unique/ros2_ws/ros2_21_tutorials/install/learning_action:/home/unique/ros2_ws/ros2_21_tutorials/install/learning_gazebo_harmonic:/home/unique/ros2_ws/ros2_21_tutorials/install/learning_gazebo:/home/unique/ros2_ws/ros2_21_tutorials/install/learning_cv:/opt/ros/humble /usr/bin/cmake --build /home/unique/ros2_ws/ros_test/build/main_interface -- -j8 -l8
[0.145s] [  2%] Built target main_interface__rs
[0.154s] [ 12%] Built target main_interface__rosidl_generator_c
[0.160s] [ 15%] Built target main_interface__cpp
[0.177s] [35m[1mConsolidate compiler generated dependencies of target main_interface__rosidl_typesupport_fastrtps_c[0m
[0.185s] [35m[1mConsolidate compiler generated dependencies of target main_interface__rosidl_typesupport_cpp[0m
[0.185s] [ 15%] Built target ament_cmake_python_copy_main_interface
[0.186s] [35m[1mConsolidate compiler generated dependencies of target main_interface__rosidl_typesupport_fastrtps_cpp[0m
[0.189s] [35m[1mConsolidate compiler generated dependencies of target main_interface__rosidl_typesupport_introspection_cpp[0m
[0.204s] [ 35%] Built target main_interface__rosidl_typesupport_c
[0.205s] [ 35%] Built target main_interface__rosidl_typesupport_introspection_c
[0.212s] [ 45%] Built target main_interface__rosidl_typesupport_fastrtps_cpp
[0.212s] [ 55%] Built target main_interface__rosidl_typesupport_cpp
[0.212s] [ 65%] Built target main_interface__rosidl_typesupport_fastrtps_c
[0.221s] [ 75%] Built target main_interface__rosidl_typesupport_introspection_cpp
[0.257s] [ 75%] Built target main_interface
[0.291s] [ 77%] Built target main_interface__py
[0.310s] [35m[1mConsolidate compiler generated dependencies of target main_interface__rosidl_generator_py[0m
[0.335s] [ 85%] Built target main_interface__rosidl_generator_py
[0.362s] [35m[1mConsolidate compiler generated dependencies of target main_interface__rosidl_typesupport_fastrtps_c__pyext[0m
[0.363s] [35m[1mConsolidate compiler generated dependencies of target main_interface__rosidl_typesupport_c__pyext[0m
[0.364s] [35m[1mConsolidate compiler generated dependencies of target main_interface__rosidl_typesupport_introspection_c__pyext[0m
[0.397s] [100%] Built target main_interface__rosidl_typesupport_fastrtps_c__pyext
[0.397s] [100%] Built target main_interface__rosidl_typesupport_introspection_c__pyext
[0.397s] [100%] Built target main_interface__rosidl_typesupport_c__pyext
[0.552s] running egg_info
[0.553s] writing main_interface.egg-info/PKG-INFO
[0.554s] writing dependency_links to main_interface.egg-info/dependency_links.txt
[0.554s] writing top-level names to main_interface.egg-info/top_level.txt
[0.557s] reading manifest file 'main_interface.egg-info/SOURCES.txt'
[0.558s] writing manifest file 'main_interface.egg-info/SOURCES.txt'
[0.611s] [100%] Built target ament_cmake_python_build_main_interface_egg
