[0.035s] Invoking command in '/home/unique/ros2_ws/ros_test/build/high_prior': CMAKE_PREFIX_PATH=${CMAKE_PREFIX_PATH}:/home/unique/ros2_ws/ros2_21_tutorials/install/learning_urdf:/home/unique/ros2_ws/ros2_21_tutorials/install/learning_topic:/home/unique/ros2_ws/ros2_21_tutorials/install/learning_tf:/home/unique/ros2_ws/ros2_21_tutorials/install/learning_service:/home/unique/ros2_ws/ros2_21_tutorials/install/learning_qos:/home/unique/ros2_ws/ros2_21_tutorials/install/learning_pkg_python:/home/unique/ros2_ws/ros2_21_tutorials/install/learning_parameter:/home/unique/ros2_ws/ros2_21_tutorials/install/learning_node:/home/unique/ros2_ws/ros2_21_tutorials/install/learning_launch:/home/unique/ros2_ws/ros2_21_tutorials/install/learning_action:/home/unique/ros2_ws/ros2_21_tutorials/install/learning_gazebo_harmonic:/home/unique/ros2_ws/ros2_21_tutorials/install/learning_gazebo:/home/unique/ros2_ws/ros2_21_tutorials/install/learning_cv:/opt/ros/humble /usr/bin/cmake /home/unique/ros2_ws/ros_test/src/high_prior -DCMAKE_INSTALL_PREFIX=/home/unique/ros2_ws/ros_test/install/high_prior
[0.072s] -- Found ament_cmake: 1.3.14 (/opt/ros/humble/share/ament_cmake/cmake)
[0.342s] -- Found rclcpp: 16.0.19 (/opt/ros/humble/share/rclcpp/cmake)
[0.773s] -- Found rosidl_generator_c: 3.1.8 (/opt/ros/humble/share/rosidl_generator_c/cmake)
[0.777s] -- Found rosidl_adapter: 3.1.8 (/opt/ros/humble/share/rosidl_adapter/cmake)
[0.786s] -- Found rosidl_generator_cpp: 3.1.8 (/opt/ros/humble/share/rosidl_generator_cpp/cmake)
[0.807s] -- Using all available rosidl_typesupport_c: rosidl_typesupport_fastrtps_c;rosidl_typesupport_introspection_c
[0.829s] -- Using all available rosidl_typesupport_cpp: rosidl_typesupport_fastrtps_cpp;rosidl_typesupport_introspection_cpp
[0.909s] -- Found rmw_implementation_cmake: 6.1.2 (/opt/ros/humble/share/rmw_implementation_cmake/cmake)
[0.913s] -- Found rmw_fastrtps_cpp: 6.2.10 (/opt/ros/humble/share/rmw_fastrtps_cpp/cmake)
[13.803s] -- Using RMW implementation 'rmw_fastrtps_cpp' as default
[13.860s] -- Found rclcpp_components: 16.0.19 (/opt/ros/humble/share/rclcpp_components/cmake)
[13.879s] -- Found sensor_msgs: 4.9.1 (/opt/ros/humble/share/sensor_msgs/cmake)
[13.908s] -- Found realtime_common: 0.0.0 (/home/unique/ros2_ws/ros_test/install/realtime_common/share/realtime_common/cmake)
[13.928s] -- Found ament_lint_auto: 0.12.15 (/opt/ros/humble/share/ament_lint_auto/cmake)
[14.057s] -- Added test 'cppcheck' to perform static code analysis on C / C++ code
[14.058s] -- Configured cppcheck include dirs: $<BUILD_INTERFACE:/home/unique/ros2_ws/ros_test/src/high_prior/include>
[14.058s] -- Configured cppcheck exclude dirs and/or files: 
[14.059s] -- Added test 'lint_cmake' to check CMake code style
[14.061s] -- Added test 'uncrustify' to check C / C++ code style
[14.061s] -- Configured uncrustify additional arguments: 
[14.062s] -- Added test 'xmllint' to check XML markup files
[14.066s] -- Configuring done
[14.085s] -- Generating done
[14.090s] -- Build files have been written to: /home/unique/ros2_ws/ros_test/build/high_prior
[14.102s] Invoked command in '/home/unique/ros2_ws/ros_test/build/high_prior' returned '0': CMAKE_PREFIX_PATH=${CMAKE_PREFIX_PATH}:/home/unique/ros2_ws/ros2_21_tutorials/install/learning_urdf:/home/unique/ros2_ws/ros2_21_tutorials/install/learning_topic:/home/unique/ros2_ws/ros2_21_tutorials/install/learning_tf:/home/unique/ros2_ws/ros2_21_tutorials/install/learning_service:/home/unique/ros2_ws/ros2_21_tutorials/install/learning_qos:/home/unique/ros2_ws/ros2_21_tutorials/install/learning_pkg_python:/home/unique/ros2_ws/ros2_21_tutorials/install/learning_parameter:/home/unique/ros2_ws/ros2_21_tutorials/install/learning_node:/home/unique/ros2_ws/ros2_21_tutorials/install/learning_launch:/home/unique/ros2_ws/ros2_21_tutorials/install/learning_action:/home/unique/ros2_ws/ros2_21_tutorials/install/learning_gazebo_harmonic:/home/unique/ros2_ws/ros2_21_tutorials/install/learning_gazebo:/home/unique/ros2_ws/ros2_21_tutorials/install/learning_cv:/opt/ros/humble /usr/bin/cmake /home/unique/ros2_ws/ros_test/src/high_prior -DCMAKE_INSTALL_PREFIX=/home/unique/ros2_ws/ros_test/install/high_prior
[14.105s] Invoking command in '/home/unique/ros2_ws/ros_test/build/high_prior': CMAKE_PREFIX_PATH=${CMAKE_PREFIX_PATH}:/home/unique/ros2_ws/ros2_21_tutorials/install/learning_urdf:/home/unique/ros2_ws/ros2_21_tutorials/install/learning_topic:/home/unique/ros2_ws/ros2_21_tutorials/install/learning_tf:/home/unique/ros2_ws/ros2_21_tutorials/install/learning_service:/home/unique/ros2_ws/ros2_21_tutorials/install/learning_qos:/home/unique/ros2_ws/ros2_21_tutorials/install/learning_pkg_python:/home/unique/ros2_ws/ros2_21_tutorials/install/learning_parameter:/home/unique/ros2_ws/ros2_21_tutorials/install/learning_node:/home/unique/ros2_ws/ros2_21_tutorials/install/learning_launch:/home/unique/ros2_ws/ros2_21_tutorials/install/learning_action:/home/unique/ros2_ws/ros2_21_tutorials/install/learning_gazebo_harmonic:/home/unique/ros2_ws/ros2_21_tutorials/install/learning_gazebo:/home/unique/ros2_ws/ros2_21_tutorials/install/learning_cv:/opt/ros/humble /usr/bin/cmake --build /home/unique/ros2_ws/ros_test/build/high_prior -- -j8 -l8
[14.177s] [ 50%] [32mBuilding CXX object CMakeFiles/high_prior.dir/src/high_prior.cpp.o[0m
[24.485s] [100%] [32m[1mLinking CXX shared library libhigh_prior.so[0m
[25.276s] [100%] Built target high_prior
[25.295s] Invoked command in '/home/unique/ros2_ws/ros_test/build/high_prior' returned '0': CMAKE_PREFIX_PATH=${CMAKE_PREFIX_PATH}:/home/unique/ros2_ws/ros2_21_tutorials/install/learning_urdf:/home/unique/ros2_ws/ros2_21_tutorials/install/learning_topic:/home/unique/ros2_ws/ros2_21_tutorials/install/learning_tf:/home/unique/ros2_ws/ros2_21_tutorials/install/learning_service:/home/unique/ros2_ws/ros2_21_tutorials/install/learning_qos:/home/unique/ros2_ws/ros2_21_tutorials/install/learning_pkg_python:/home/unique/ros2_ws/ros2_21_tutorials/install/learning_parameter:/home/unique/ros2_ws/ros2_21_tutorials/install/learning_node:/home/unique/ros2_ws/ros2_21_tutorials/install/learning_launch:/home/unique/ros2_ws/ros2_21_tutorials/install/learning_action:/home/unique/ros2_ws/ros2_21_tutorials/install/learning_gazebo_harmonic:/home/unique/ros2_ws/ros2_21_tutorials/install/learning_gazebo:/home/unique/ros2_ws/ros2_21_tutorials/install/learning_cv:/opt/ros/humble /usr/bin/cmake --build /home/unique/ros2_ws/ros_test/build/high_prior -- -j8 -l8
[25.298s] Invoking command in '/home/unique/ros2_ws/ros_test/build/high_prior': CMAKE_PREFIX_PATH=${CMAKE_PREFIX_PATH}:/home/unique/ros2_ws/ros2_21_tutorials/install/learning_urdf:/home/unique/ros2_ws/ros2_21_tutorials/install/learning_topic:/home/unique/ros2_ws/ros2_21_tutorials/install/learning_tf:/home/unique/ros2_ws/ros2_21_tutorials/install/learning_service:/home/unique/ros2_ws/ros2_21_tutorials/install/learning_qos:/home/unique/ros2_ws/ros2_21_tutorials/install/learning_pkg_python:/home/unique/ros2_ws/ros2_21_tutorials/install/learning_parameter:/home/unique/ros2_ws/ros2_21_tutorials/install/learning_node:/home/unique/ros2_ws/ros2_21_tutorials/install/learning_launch:/home/unique/ros2_ws/ros2_21_tutorials/install/learning_action:/home/unique/ros2_ws/ros2_21_tutorials/install/learning_gazebo_harmonic:/home/unique/ros2_ws/ros2_21_tutorials/install/learning_gazebo:/home/unique/ros2_ws/ros2_21_tutorials/install/learning_cv:/opt/ros/humble /usr/bin/cmake --install /home/unique/ros2_ws/ros_test/build/high_prior
[25.309s] -- Install configuration: ""
[25.309s] -- Installing: /home/unique/ros2_ws/ros_test/install/high_prior/include
[25.309s] -- Installing: /home/unique/ros2_ws/ros_test/install/high_prior/include/high_prior
[25.309s] -- Installing: /home/unique/ros2_ws/ros_test/install/high_prior/include/high_prior/high_prior.hpp
[25.309s] -- Installing: /home/unique/ros2_ws/ros_test/install/high_prior/lib/libhigh_prior.so
[25.321s] -- Set runtime path of "/home/unique/ros2_ws/ros_test/install/high_prior/lib/libhigh_prior.so" to ""
[25.322s] -- Installing: /home/unique/ros2_ws/ros_test/install/high_prior/share/ament_index/resource_index/package_run_dependencies/high_prior
[25.322s] -- Installing: /home/unique/ros2_ws/ros_test/install/high_prior/share/ament_index/resource_index/parent_prefix_path/high_prior
[25.323s] -- Installing: /home/unique/ros2_ws/ros_test/install/high_prior/share/high_prior/environment/ament_prefix_path.sh
[25.323s] -- Installing: /home/unique/ros2_ws/ros_test/install/high_prior/share/high_prior/environment/ament_prefix_path.dsv
[25.323s] -- Installing: /home/unique/ros2_ws/ros_test/install/high_prior/share/high_prior/environment/path.sh
[25.323s] -- Installing: /home/unique/ros2_ws/ros_test/install/high_prior/share/high_prior/environment/path.dsv
[25.324s] -- Installing: /home/unique/ros2_ws/ros_test/install/high_prior/share/high_prior/local_setup.bash
[25.324s] -- Installing: /home/unique/ros2_ws/ros_test/install/high_prior/share/high_prior/local_setup.sh
[25.324s] -- Installing: /home/unique/ros2_ws/ros_test/install/high_prior/share/high_prior/local_setup.zsh
[25.324s] -- Installing: /home/unique/ros2_ws/ros_test/install/high_prior/share/high_prior/local_setup.dsv
[25.325s] -- Installing: /home/unique/ros2_ws/ros_test/install/high_prior/share/high_prior/package.dsv
[25.325s] -- Installing: /home/unique/ros2_ws/ros_test/install/high_prior/share/ament_index/resource_index/packages/high_prior
[25.325s] -- Installing: /home/unique/ros2_ws/ros_test/install/high_prior/share/ament_index/resource_index/rclcpp_components/high_prior
[25.326s] -- Installing: /home/unique/ros2_ws/ros_test/install/high_prior/share/high_prior/cmake/high_priorConfig.cmake
[25.326s] -- Installing: /home/unique/ros2_ws/ros_test/install/high_prior/share/high_prior/cmake/high_priorConfig-version.cmake
[25.326s] -- Installing: /home/unique/ros2_ws/ros_test/install/high_prior/share/high_prior/package.xml
[25.331s] Invoked command in '/home/unique/ros2_ws/ros_test/build/high_prior' returned '0': CMAKE_PREFIX_PATH=${CMAKE_PREFIX_PATH}:/home/unique/ros2_ws/ros2_21_tutorials/install/learning_urdf:/home/unique/ros2_ws/ros2_21_tutorials/install/learning_topic:/home/unique/ros2_ws/ros2_21_tutorials/install/learning_tf:/home/unique/ros2_ws/ros2_21_tutorials/install/learning_service:/home/unique/ros2_ws/ros2_21_tutorials/install/learning_qos:/home/unique/ros2_ws/ros2_21_tutorials/install/learning_pkg_python:/home/unique/ros2_ws/ros2_21_tutorials/install/learning_parameter:/home/unique/ros2_ws/ros2_21_tutorials/install/learning_node:/home/unique/ros2_ws/ros2_21_tutorials/install/learning_launch:/home/unique/ros2_ws/ros2_21_tutorials/install/learning_action:/home/unique/ros2_ws/ros2_21_tutorials/install/learning_gazebo_harmonic:/home/unique/ros2_ws/ros2_21_tutorials/install/learning_gazebo:/home/unique/ros2_ws/ros2_21_tutorials/install/learning_cv:/opt/ros/humble /usr/bin/cmake --install /home/unique/ros2_ws/ros_test/build/high_prior
