[35m[1mConsolidate compiler generated dependencies of target IOringbuffer[0m
[100%] Built target IOringbuffer
-- Install configuration: ""
-- Installing: /home/unique/ros2_ws/ros_test/install/IOringbuffer/include
-- Installing: /home/unique/ros2_ws/ros_test/install/IOringbuffer/include/IOringbuffer
-- Installing: /home/unique/ros2_ws/ros_test/install/IOringbuffer/include/IOringbuffer/IOringbuffer.hpp
-- Installing: /home/unique/ros2_ws/ros_test/install/IOringbuffer/share/ament_index/resource_index/package_run_dependencies/IOringbuffer
-- Installing: /home/unique/ros2_ws/ros_test/install/IOringbuffer/share/ament_index/resource_index/parent_prefix_path/IOringbuffer
-- Installing: /home/unique/ros2_ws/ros_test/install/IOringbuffer/share/IOringbuffer/environment/ament_prefix_path.sh
-- Installing: /home/unique/ros2_ws/ros_test/install/IOringbuffer/share/IOringbuffer/environment/ament_prefix_path.dsv
-- Installing: /home/unique/ros2_ws/ros_test/install/IOringbuffer/share/IOringbuffer/environment/path.sh
-- Installing: /home/unique/ros2_ws/ros_test/install/IOringbuffer/share/IOringbuffer/environment/path.dsv
-- Installing: /home/unique/ros2_ws/ros_test/install/IOringbuffer/share/IOringbuffer/local_setup.bash
-- Installing: /home/unique/ros2_ws/ros_test/install/IOringbuffer/share/IOringbuffer/local_setup.sh
-- Installing: /home/unique/ros2_ws/ros_test/install/IOringbuffer/share/IOringbuffer/local_setup.zsh
-- Installing: /home/unique/ros2_ws/ros_test/install/IOringbuffer/share/IOringbuffer/local_setup.dsv
-- Installing: /home/unique/ros2_ws/ros_test/install/IOringbuffer/share/IOringbuffer/package.dsv
-- Installing: /home/unique/ros2_ws/ros_test/install/IOringbuffer/share/ament_index/resource_index/packages/IOringbuffer
-- Installing: /home/unique/ros2_ws/ros_test/install/IOringbuffer/share/IOringbuffer/cmake/IOringbufferConfig.cmake
-- Installing: /home/unique/ros2_ws/ros_test/install/IOringbuffer/share/IOringbuffer/cmake/IOringbufferConfig-version.cmake
-- Installing: /home/unique/ros2_ws/ros_test/install/IOringbuffer/share/IOringbuffer/package.xml
