[0.027s] Invoking command in '/home/unique/ros2_ws/ros_test/build/realtime_common': CMAKE_PREFIX_PATH=${CMAKE_PREFIX_PATH}:/home/unique/ros2_ws/ros2_21_tutorials/install/learning_urdf:/home/unique/ros2_ws/ros2_21_tutorials/install/learning_topic:/home/unique/ros2_ws/ros2_21_tutorials/install/learning_tf:/home/unique/ros2_ws/ros2_21_tutorials/install/learning_service:/home/unique/ros2_ws/ros2_21_tutorials/install/learning_qos:/home/unique/ros2_ws/ros2_21_tutorials/install/learning_pkg_python:/home/unique/ros2_ws/ros2_21_tutorials/install/learning_parameter:/home/unique/ros2_ws/ros2_21_tutorials/install/learning_node:/home/unique/ros2_ws/ros2_21_tutorials/install/learning_launch:/home/unique/ros2_ws/ros2_21_tutorials/install/learning_action:/home/unique/ros2_ws/ros2_21_tutorials/install/learning_gazebo_harmonic:/home/unique/ros2_ws/ros2_21_tutorials/install/learning_gazebo:/home/unique/ros2_ws/ros2_21_tutorials/install/learning_cv:/opt/ros/humble /usr/bin/cmake --build /home/unique/ros2_ws/ros_test/build/realtime_common -- -j8 -l8
[0.066s] -- Found ament_cmake: 1.3.14 (/opt/ros/humble/share/ament_cmake/cmake)
[0.267s] -- Found rclcpp: 16.0.19 (/opt/ros/humble/share/rclcpp/cmake)
[0.676s] -- Found rosidl_generator_c: 3.1.8 (/opt/ros/humble/share/rosidl_generator_c/cmake)
[0.678s] -- Found rosidl_adapter: 3.1.8 (/opt/ros/humble/share/rosidl_adapter/cmake)
[0.684s] -- Found rosidl_generator_cpp: 3.1.8 (/opt/ros/humble/share/rosidl_generator_cpp/cmake)
[0.693s] -- Using all available rosidl_typesupport_c: rosidl_typesupport_fastrtps_c;rosidl_typesupport_introspection_c
[0.707s] -- Using all available rosidl_typesupport_cpp: rosidl_typesupport_fastrtps_cpp;rosidl_typesupport_introspection_cpp
[0.741s] -- Found rmw_implementation_cmake: 6.1.2 (/opt/ros/humble/share/rmw_implementation_cmake/cmake)
[0.743s] -- Found rmw_fastrtps_cpp: 6.2.10 (/opt/ros/humble/share/rmw_fastrtps_cpp/cmake)
[12.448s] -- Using RMW implementation 'rmw_fastrtps_cpp' as default
[12.490s] -- Found ament_lint_auto: 0.12.15 (/opt/ros/humble/share/ament_lint_auto/cmake)
[12.569s] -- Added test 'cppcheck' to perform static code analysis on C / C++ code
[12.569s] -- Configured cppcheck include dirs: $<BUILD_INTERFACE:/home/unique/ros2_ws/ros_test/src/realtime_common/include>
[12.570s] -- Configured cppcheck exclude dirs and/or files: 
[12.570s] -- Added test 'lint_cmake' to check CMake code style
[12.571s] -- Added test 'uncrustify' to check C / C++ code style
[12.571s] -- Configured uncrustify additional arguments: 
[12.571s] -- Added test 'xmllint' to check XML markup files
[12.575s] -- Configuring done
[12.586s] -- Generating done
[12.590s] -- Build files have been written to: /home/unique/ros2_ws/ros_test/build/realtime_common
[12.634s] Invoked command in '/home/unique/ros2_ws/ros_test/build/realtime_common' returned '0': CMAKE_PREFIX_PATH=${CMAKE_PREFIX_PATH}:/home/unique/ros2_ws/ros2_21_tutorials/install/learning_urdf:/home/unique/ros2_ws/ros2_21_tutorials/install/learning_topic:/home/unique/ros2_ws/ros2_21_tutorials/install/learning_tf:/home/unique/ros2_ws/ros2_21_tutorials/install/learning_service:/home/unique/ros2_ws/ros2_21_tutorials/install/learning_qos:/home/unique/ros2_ws/ros2_21_tutorials/install/learning_pkg_python:/home/unique/ros2_ws/ros2_21_tutorials/install/learning_parameter:/home/unique/ros2_ws/ros2_21_tutorials/install/learning_node:/home/unique/ros2_ws/ros2_21_tutorials/install/learning_launch:/home/unique/ros2_ws/ros2_21_tutorials/install/learning_action:/home/unique/ros2_ws/ros2_21_tutorials/install/learning_gazebo_harmonic:/home/unique/ros2_ws/ros2_21_tutorials/install/learning_gazebo:/home/unique/ros2_ws/ros2_21_tutorials/install/learning_cv:/opt/ros/humble /usr/bin/cmake --build /home/unique/ros2_ws/ros_test/build/realtime_common -- -j8 -l8
[12.636s] Invoking command in '/home/unique/ros2_ws/ros_test/build/realtime_common': CMAKE_PREFIX_PATH=${CMAKE_PREFIX_PATH}:/home/unique/ros2_ws/ros2_21_tutorials/install/learning_urdf:/home/unique/ros2_ws/ros2_21_tutorials/install/learning_topic:/home/unique/ros2_ws/ros2_21_tutorials/install/learning_tf:/home/unique/ros2_ws/ros2_21_tutorials/install/learning_service:/home/unique/ros2_ws/ros2_21_tutorials/install/learning_qos:/home/unique/ros2_ws/ros2_21_tutorials/install/learning_pkg_python:/home/unique/ros2_ws/ros2_21_tutorials/install/learning_parameter:/home/unique/ros2_ws/ros2_21_tutorials/install/learning_node:/home/unique/ros2_ws/ros2_21_tutorials/install/learning_launch:/home/unique/ros2_ws/ros2_21_tutorials/install/learning_action:/home/unique/ros2_ws/ros2_21_tutorials/install/learning_gazebo_harmonic:/home/unique/ros2_ws/ros2_21_tutorials/install/learning_gazebo:/home/unique/ros2_ws/ros2_21_tutorials/install/learning_cv:/opt/ros/humble /usr/bin/cmake --install /home/unique/ros2_ws/ros_test/build/realtime_common
[12.646s] -- Install configuration: ""
[12.646s] -- Up-to-date: /home/unique/ros2_ws/ros_test/install/realtime_common/include
[12.647s] -- Up-to-date: /home/unique/ros2_ws/ros_test/install/realtime_common/include/realtime_common
[12.647s] -- Up-to-date: /home/unique/ros2_ws/ros_test/install/realtime_common/include/realtime_common/rt_utils.hpp
[12.647s] -- Up-to-date: /home/unique/ros2_ws/ros_test/install/realtime_common/include/realtime_common/SPSC_ringbuffer.hpp
[12.648s] -- Up-to-date: /home/unique/ros2_ws/ros_test/install/realtime_common/include/realtime_common/SPSC_queue.hpp
[12.648s] -- Up-to-date: /home/unique/ros2_ws/ros_test/install/realtime_common/share/ament_index/resource_index/package_run_dependencies/realtime_common
[12.648s] -- Installing: /home/unique/ros2_ws/ros_test/install/realtime_common/share/ament_index/resource_index/parent_prefix_path/realtime_common
[12.648s] -- Up-to-date: /home/unique/ros2_ws/ros_test/install/realtime_common/share/realtime_common/environment/ament_prefix_path.sh
[12.648s] -- Installing: /home/unique/ros2_ws/ros_test/install/realtime_common/share/realtime_common/environment/ament_prefix_path.dsv
[12.648s] -- Up-to-date: /home/unique/ros2_ws/ros_test/install/realtime_common/share/realtime_common/environment/path.sh
[12.648s] -- Installing: /home/unique/ros2_ws/ros_test/install/realtime_common/share/realtime_common/environment/path.dsv
[12.649s] -- Up-to-date: /home/unique/ros2_ws/ros_test/install/realtime_common/share/realtime_common/local_setup.bash
[12.649s] -- Up-to-date: /home/unique/ros2_ws/ros_test/install/realtime_common/share/realtime_common/local_setup.sh
[12.649s] -- Up-to-date: /home/unique/ros2_ws/ros_test/install/realtime_common/share/realtime_common/local_setup.zsh
[12.649s] -- Installing: /home/unique/ros2_ws/ros_test/install/realtime_common/share/realtime_common/local_setup.dsv
[12.649s] -- Installing: /home/unique/ros2_ws/ros_test/install/realtime_common/share/realtime_common/package.dsv
[12.649s] -- Up-to-date: /home/unique/ros2_ws/ros_test/install/realtime_common/share/ament_index/resource_index/packages/realtime_common
[12.649s] -- Up-to-date: /home/unique/ros2_ws/ros_test/install/realtime_common/share/realtime_common/cmake/export_realtime_commonExport.cmake
[12.650s] -- Up-to-date: /home/unique/ros2_ws/ros_test/install/realtime_common/share/realtime_common/cmake/ament_cmake_export_targets-extras.cmake
[12.650s] -- Up-to-date: /home/unique/ros2_ws/ros_test/install/realtime_common/share/realtime_common/cmake/ament_cmake_export_include_directories-extras.cmake
[12.650s] -- Up-to-date: /home/unique/ros2_ws/ros_test/install/realtime_common/share/realtime_common/cmake/realtime_commonConfig.cmake
[12.650s] -- Up-to-date: /home/unique/ros2_ws/ros_test/install/realtime_common/share/realtime_common/cmake/realtime_commonConfig-version.cmake
[12.650s] -- Up-to-date: /home/unique/ros2_ws/ros_test/install/realtime_common/share/realtime_common/package.xml
[12.652s] Invoked command in '/home/unique/ros2_ws/ros_test/build/realtime_common' returned '0': CMAKE_PREFIX_PATH=${CMAKE_PREFIX_PATH}:/home/unique/ros2_ws/ros2_21_tutorials/install/learning_urdf:/home/unique/ros2_ws/ros2_21_tutorials/install/learning_topic:/home/unique/ros2_ws/ros2_21_tutorials/install/learning_tf:/home/unique/ros2_ws/ros2_21_tutorials/install/learning_service:/home/unique/ros2_ws/ros2_21_tutorials/install/learning_qos:/home/unique/ros2_ws/ros2_21_tutorials/install/learning_pkg_python:/home/unique/ros2_ws/ros2_21_tutorials/install/learning_parameter:/home/unique/ros2_ws/ros2_21_tutorials/install/learning_node:/home/unique/ros2_ws/ros2_21_tutorials/install/learning_launch:/home/unique/ros2_ws/ros2_21_tutorials/install/learning_action:/home/unique/ros2_ws/ros2_21_tutorials/install/learning_gazebo_harmonic:/home/unique/ros2_ws/ros2_21_tutorials/install/learning_gazebo:/home/unique/ros2_ws/ros2_21_tutorials/install/learning_cv:/opt/ros/humble /usr/bin/cmake --install /home/unique/ros2_ws/ros_test/build/realtime_common
