[0.017s] Invoking command in '/home/unique/ros2_ws/ros_test/build/main_interface': /usr/bin/cmake /home/unique/ros2_ws/ros_test/src/main_interface -DCMAKE_INSTALL_PREFIX=/home/unique/ros2_ws/ros_test/install/main_interface
[0.037s] -- Found ament_cmake: 1.3.14 (/opt/ros/humble/share/ament_cmake/cmake)
[0.197s] -- Found rclcpp: 16.0.19 (/opt/ros/humble/share/rclcpp/cmake)
[0.618s] -- Found rosidl_generator_c: 3.1.8 (/opt/ros/humble/share/rosidl_generator_c/cmake)
[0.620s] -- Found rosidl_adapter: 3.1.8 (/opt/ros/humble/share/rosidl_adapter/cmake)
[0.627s] -- Found rosidl_generator_cpp: 3.1.8 (/opt/ros/humble/share/rosidl_generator_cpp/cmake)
[0.636s] -- Using all available rosidl_typesupport_c: rosidl_typesupport_fastrtps_c;rosidl_typesupport_introspection_c
[0.647s] -- Using all available rosidl_typesupport_cpp: rosidl_typesupport_fastrtps_cpp;rosidl_typesupport_introspection_cpp
[0.800s] -- Found rmw_implementation_cmake: 6.1.2 (/opt/ros/humble/share/rmw_implementation_cmake/cmake)
[0.802s] -- Found rmw_fastrtps_cpp: 6.2.10 (/opt/ros/humble/share/rmw_fastrtps_cpp/cmake)
[14.859s] -- Using RMW implementation 'rmw_fastrtps_cpp' as default
[14.897s] -- Found rosidl_default_generators: 1.2.1 (/opt/ros/humble/share/rosidl_default_generators/cmake)
[15.104s] Error parsing '/home/unique/ros2_ws/ros_test/src/main_interface/package.xml':
[15.161s] Traceback (most recent call last):
[15.161s]   File "/opt/ros/humble/share/ament_cmake_core/cmake/core/package_xml_2_cmake.py", line 150, in <module>
[15.161s]     main()
[15.161s]   File "/opt/ros/humble/share/ament_cmake_core/cmake/core/package_xml_2_cmake.py", line 53, in main
[15.161s]     raise e
[15.161s]   File "/opt/ros/humble/share/ament_cmake_core/cmake/core/package_xml_2_cmake.py", line 49, in main
[15.161s]     package = parse_package_string(
[15.161s]   File "/usr/lib/python3/dist-packages/catkin_pkg/package.py", line 786, in parse_package_string
[15.162s]     raise InvalidPackage('Error(s):%s' % (''.join(['\n- %s' % e for e in errors])), filename)
[15.162s] catkin_pkg.package.InvalidPackage: Error(s) in package '/home/unique/ros2_ws/ros_test/src/main_interface/package.xml':
[15.162s] Error(s):
[15.162s] - The generic dependency on 'rosidl_default_generators' is redundant with: build_depend
[15.182s] [31mCMake Error at /opt/ros/humble/share/ament_cmake_core/cmake/core/ament_package_xml.cmake:95 (message):
[15.182s]   execute_process(/usr/bin/python3
[15.182s]   /opt/ros/humble/share/ament_cmake_core/cmake/core/package_xml_2_cmake.py
[15.182s]   /home/unique/ros2_ws/ros_test/src/main_interface/package.xml
[15.182s]   /home/unique/ros2_ws/ros_test/build/main_interface/ament_cmake_core/package.cmake)
[15.182s]   returned error code 1
[15.183s] Call Stack (most recent call first):
[15.183s]   /opt/ros/humble/share/ament_cmake_core/cmake/core/ament_package_xml.cmake:49 (_ament_package_xml)
[15.183s]   /opt/ros/humble/share/rosidl_cmake/cmake/rosidl_generate_interfaces.cmake:226 (ament_package_xml)
[15.183s]   CMakeLists.txt:14 (rosidl_generate_interfaces)
[15.183s] 
[15.183s] [0m
[15.183s] -- Configuring incomplete, errors occurred!
[15.183s] See also "/home/unique/ros2_ws/ros_test/build/main_interface/CMakeFiles/CMakeOutput.log".
[15.194s] Invoked command in '/home/unique/ros2_ws/ros_test/build/main_interface' returned '1': /usr/bin/cmake /home/unique/ros2_ws/ros_test/src/main_interface -DCMAKE_INSTALL_PREFIX=/home/unique/ros2_ws/ros_test/install/main_interface
