[0.061s] Invoking command in '/home/unique/ros2_ws/ros_test/build/low_prior': CMAKE_PREFIX_PATH=${CMAKE_PREFIX_PATH}:/home/unique/ros2_ws/ros2_21_tutorials/install/learning_urdf:/home/unique/ros2_ws/ros2_21_tutorials/install/learning_topic:/home/unique/ros2_ws/ros2_21_tutorials/install/learning_tf:/home/unique/ros2_ws/ros2_21_tutorials/install/learning_service:/home/unique/ros2_ws/ros2_21_tutorials/install/learning_qos:/home/unique/ros2_ws/ros2_21_tutorials/install/learning_pkg_python:/home/unique/ros2_ws/ros2_21_tutorials/install/learning_parameter:/home/unique/ros2_ws/ros2_21_tutorials/install/learning_node:/home/unique/ros2_ws/ros2_21_tutorials/install/learning_launch:/home/unique/ros2_ws/ros2_21_tutorials/install/learning_action:/home/unique/ros2_ws/ros2_21_tutorials/install/learning_gazebo_harmonic:/home/unique/ros2_ws/ros2_21_tutorials/install/learning_gazebo:/home/unique/ros2_ws/ros2_21_tutorials/install/learning_cv:/opt/ros/humble /usr/bin/cmake --build /home/unique/ros2_ws/ros_test/build/low_prior -- -j8 -l8
[0.178s] [35m[1mConsolidate compiler generated dependencies of target low_prior[0m
[0.233s] [100%] Built target low_prior
[0.313s] Invoked command in '/home/unique/ros2_ws/ros_test/build/low_prior' returned '0': CMAKE_PREFIX_PATH=${CMAKE_PREFIX_PATH}:/home/unique/ros2_ws/ros2_21_tutorials/install/learning_urdf:/home/unique/ros2_ws/ros2_21_tutorials/install/learning_topic:/home/unique/ros2_ws/ros2_21_tutorials/install/learning_tf:/home/unique/ros2_ws/ros2_21_tutorials/install/learning_service:/home/unique/ros2_ws/ros2_21_tutorials/install/learning_qos:/home/unique/ros2_ws/ros2_21_tutorials/install/learning_pkg_python:/home/unique/ros2_ws/ros2_21_tutorials/install/learning_parameter:/home/unique/ros2_ws/ros2_21_tutorials/install/learning_node:/home/unique/ros2_ws/ros2_21_tutorials/install/learning_launch:/home/unique/ros2_ws/ros2_21_tutorials/install/learning_action:/home/unique/ros2_ws/ros2_21_tutorials/install/learning_gazebo_harmonic:/home/unique/ros2_ws/ros2_21_tutorials/install/learning_gazebo:/home/unique/ros2_ws/ros2_21_tutorials/install/learning_cv:/opt/ros/humble /usr/bin/cmake --build /home/unique/ros2_ws/ros_test/build/low_prior -- -j8 -l8
[0.317s] Invoking command in '/home/unique/ros2_ws/ros_test/build/low_prior': CMAKE_PREFIX_PATH=${CMAKE_PREFIX_PATH}:/home/unique/ros2_ws/ros2_21_tutorials/install/learning_urdf:/home/unique/ros2_ws/ros2_21_tutorials/install/learning_topic:/home/unique/ros2_ws/ros2_21_tutorials/install/learning_tf:/home/unique/ros2_ws/ros2_21_tutorials/install/learning_service:/home/unique/ros2_ws/ros2_21_tutorials/install/learning_qos:/home/unique/ros2_ws/ros2_21_tutorials/install/learning_pkg_python:/home/unique/ros2_ws/ros2_21_tutorials/install/learning_parameter:/home/unique/ros2_ws/ros2_21_tutorials/install/learning_node:/home/unique/ros2_ws/ros2_21_tutorials/install/learning_launch:/home/unique/ros2_ws/ros2_21_tutorials/install/learning_action:/home/unique/ros2_ws/ros2_21_tutorials/install/learning_gazebo_harmonic:/home/unique/ros2_ws/ros2_21_tutorials/install/learning_gazebo:/home/unique/ros2_ws/ros2_21_tutorials/install/learning_cv:/opt/ros/humble /usr/bin/cmake --install /home/unique/ros2_ws/ros_test/build/low_prior
[0.334s] -- Install configuration: ""
[0.335s] -- Up-to-date: /home/unique/ros2_ws/ros_test/install/low_prior/include
[0.335s] -- Up-to-date: /home/unique/ros2_ws/ros_test/install/low_prior/include/low_prior
[0.335s] -- Up-to-date: /home/unique/ros2_ws/ros_test/install/low_prior/include/low_prior/low_prior.hpp
[0.335s] -- Up-to-date: /home/unique/ros2_ws/ros_test/install/low_prior/lib/liblow_prior.so
[0.335s] -- Up-to-date: /home/unique/ros2_ws/ros_test/install/low_prior/share/ament_index/resource_index/package_run_dependencies/low_prior
[0.336s] -- Up-to-date: /home/unique/ros2_ws/ros_test/install/low_prior/share/ament_index/resource_index/parent_prefix_path/low_prior
[0.336s] -- Up-to-date: /home/unique/ros2_ws/ros_test/install/low_prior/share/low_prior/environment/ament_prefix_path.sh
[0.336s] -- Up-to-date: /home/unique/ros2_ws/ros_test/install/low_prior/share/low_prior/environment/ament_prefix_path.dsv
[0.337s] -- Up-to-date: /home/unique/ros2_ws/ros_test/install/low_prior/share/low_prior/environment/path.sh
[0.340s] -- Up-to-date: /home/unique/ros2_ws/ros_test/install/low_prior/share/low_prior/environment/path.dsv
[0.341s] -- Up-to-date: /home/unique/ros2_ws/ros_test/install/low_prior/share/low_prior/local_setup.bash
[0.341s] -- Up-to-date: /home/unique/ros2_ws/ros_test/install/low_prior/share/low_prior/local_setup.sh
[0.342s] -- Up-to-date: /home/unique/ros2_ws/ros_test/install/low_prior/share/low_prior/local_setup.zsh
[0.342s] -- Up-to-date: /home/unique/ros2_ws/ros_test/install/low_prior/share/low_prior/local_setup.dsv
[0.342s] -- Installing: /home/unique/ros2_ws/ros_test/install/low_prior/share/low_prior/package.dsv
[0.344s] -- Up-to-date: /home/unique/ros2_ws/ros_test/install/low_prior/share/ament_index/resource_index/packages/low_prior
[0.345s] -- Up-to-date: /home/unique/ros2_ws/ros_test/install/low_prior/share/ament_index/resource_index/rclcpp_components/low_prior
[0.346s] -- Up-to-date: /home/unique/ros2_ws/ros_test/install/low_prior/share/low_prior/cmake/low_priorConfig.cmake
[0.346s] -- Up-to-date: /home/unique/ros2_ws/ros_test/install/low_prior/share/low_prior/cmake/low_priorConfig-version.cmake
[0.346s] -- Up-to-date: /home/unique/ros2_ws/ros_test/install/low_prior/share/low_prior/package.xml
[0.388s] Invoked command in '/home/unique/ros2_ws/ros_test/build/low_prior' returned '0': CMAKE_PREFIX_PATH=${CMAKE_PREFIX_PATH}:/home/unique/ros2_ws/ros2_21_tutorials/install/learning_urdf:/home/unique/ros2_ws/ros2_21_tutorials/install/learning_topic:/home/unique/ros2_ws/ros2_21_tutorials/install/learning_tf:/home/unique/ros2_ws/ros2_21_tutorials/install/learning_service:/home/unique/ros2_ws/ros2_21_tutorials/install/learning_qos:/home/unique/ros2_ws/ros2_21_tutorials/install/learning_pkg_python:/home/unique/ros2_ws/ros2_21_tutorials/install/learning_parameter:/home/unique/ros2_ws/ros2_21_tutorials/install/learning_node:/home/unique/ros2_ws/ros2_21_tutorials/install/learning_launch:/home/unique/ros2_ws/ros2_21_tutorials/install/learning_action:/home/unique/ros2_ws/ros2_21_tutorials/install/learning_gazebo_harmonic:/home/unique/ros2_ws/ros2_21_tutorials/install/learning_gazebo:/home/unique/ros2_ws/ros2_21_tutorials/install/learning_cv:/opt/ros/humble /usr/bin/cmake --install /home/unique/ros2_ws/ros_test/build/low_prior
