[0.020s] Invoking command in '/home/unique/ros2_ws/ros_test/build/main_interface': /usr/bin/cmake /home/unique/ros2_ws/ros_test/src/main_interface -DCMAKE_INSTALL_PREFIX=/home/unique/ros2_ws/ros_test/install/main_interface
[0.038s] -- Found ament_cmake: 1.3.14 (/opt/ros/humble/share/ament_cmake/cmake)
[0.204s] -- Found rclcpp: 16.0.19 (/opt/ros/humble/share/rclcpp/cmake)
[0.634s] -- Found rosidl_generator_c: 3.1.8 (/opt/ros/humble/share/rosidl_generator_c/cmake)
[0.636s] -- Found rosidl_adapter: 3.1.8 (/opt/ros/humble/share/rosidl_adapter/cmake)
[0.642s] -- Found rosidl_generator_cpp: 3.1.8 (/opt/ros/humble/share/rosidl_generator_cpp/cmake)
[0.651s] -- Using all available rosidl_typesupport_c: rosidl_typesupport_fastrtps_c;rosidl_typesupport_introspection_c
[0.662s] -- Using all available rosidl_typesupport_cpp: rosidl_typesupport_fastrtps_cpp;rosidl_typesupport_introspection_cpp
[0.809s] -- Found rmw_implementation_cmake: 6.1.2 (/opt/ros/humble/share/rmw_implementation_cmake/cmake)
[0.811s] -- Found rmw_fastrtps_cpp: 6.2.10 (/opt/ros/humble/share/rmw_fastrtps_cpp/cmake)
[14.628s] -- Using RMW implementation 'rmw_fastrtps_cpp' as default
[14.668s] -- Found rosidl_default_generators: 1.2.1 (/opt/ros/humble/share/rosidl_default_generators/cmake)
[14.883s] Error parsing '/home/unique/ros2_ws/ros_test/src/main_interface/package.xml':
[14.931s] Traceback (most recent call last):
[14.931s]   File "/opt/ros/humble/share/ament_cmake_core/cmake/core/package_xml_2_cmake.py", line 150, in <module>
[14.931s]     main()
[14.931s]   File "/opt/ros/humble/share/ament_cmake_core/cmake/core/package_xml_2_cmake.py", line 53, in main
[14.931s]     raise e
[14.931s]   File "/opt/ros/humble/share/ament_cmake_core/cmake/core/package_xml_2_cmake.py", line 49, in main
[14.931s]     package = parse_package_string(
[14.931s]   File "/usr/lib/python3/dist-packages/catkin_pkg/package.py", line 786, in parse_package_string
[14.931s]     raise InvalidPackage('Error(s):%s' % (''.join(['\n- %s' % e for e in errors])), filename)
[14.931s] catkin_pkg.package.InvalidPackage: Error(s) in package '/home/unique/ros2_ws/ros_test/src/main_interface/package.xml':
[14.931s] Error(s):
[14.931s] - The generic dependency on 'rosidl_default_generators' is redundant with: build_depend
[14.947s] [31mCMake Error at /opt/ros/humble/share/ament_cmake_core/cmake/core/ament_package_xml.cmake:95 (message):
[14.947s]   execute_process(/usr/bin/python3
[14.947s]   /opt/ros/humble/share/ament_cmake_core/cmake/core/package_xml_2_cmake.py
[14.947s]   /home/unique/ros2_ws/ros_test/src/main_interface/package.xml
[14.947s]   /home/unique/ros2_ws/ros_test/build/main_interface/ament_cmake_core/package.cmake)
[14.948s]   returned error code 1
[14.948s] Call Stack (most recent call first):
[14.948s]   /opt/ros/humble/share/ament_cmake_core/cmake/core/ament_package_xml.cmake:49 (_ament_package_xml)
[14.948s]   /opt/ros/humble/share/rosidl_cmake/cmake/rosidl_generate_interfaces.cmake:226 (ament_package_xml)
[14.948s]   CMakeLists.txt:14 (rosidl_generate_interfaces)
[14.948s] 
[14.948s] [0m
[14.948s] -- Configuring incomplete, errors occurred!
[14.948s] See also "/home/unique/ros2_ws/ros_test/build/main_interface/CMakeFiles/CMakeOutput.log".
[14.963s] Invoked command in '/home/unique/ros2_ws/ros_test/build/main_interface' returned '1': /usr/bin/cmake /home/unique/ros2_ws/ros_test/src/main_interface -DCMAKE_INSTALL_PREFIX=/home/unique/ros2_ws/ros_test/install/main_interface
