[0.056s] Invoking command in '/home/unique/ros2_ws/ros_test/build/realtime_common': CMAKE_PREFIX_PATH=${CMAKE_PREFIX_PATH}:/home/unique/ros2_ws/ros2_21_tutorials/install/learning_urdf:/home/unique/ros2_ws/ros2_21_tutorials/install/learning_topic:/home/unique/ros2_ws/ros2_21_tutorials/install/learning_tf:/home/unique/ros2_ws/ros2_21_tutorials/install/learning_service:/home/unique/ros2_ws/ros2_21_tutorials/install/learning_qos:/home/unique/ros2_ws/ros2_21_tutorials/install/learning_pkg_python:/home/unique/ros2_ws/ros2_21_tutorials/install/learning_parameter:/home/unique/ros2_ws/ros2_21_tutorials/install/learning_node:/home/unique/ros2_ws/ros2_21_tutorials/install/learning_launch:/home/unique/ros2_ws/ros2_21_tutorials/install/learning_action:/home/unique/ros2_ws/ros2_21_tutorials/install/learning_gazebo_harmonic:/home/unique/ros2_ws/ros2_21_tutorials/install/learning_gazebo:/home/unique/ros2_ws/ros2_21_tutorials/install/learning_cv:/opt/ros/humble /usr/bin/cmake --build /home/unique/ros2_ws/ros_test/build/realtime_common -- -j8 -l8
[0.173s] Invoked command in '/home/unique/ros2_ws/ros_test/build/realtime_common' returned '0': CMAKE_PREFIX_PATH=${CMAKE_PREFIX_PATH}:/home/unique/ros2_ws/ros2_21_tutorials/install/learning_urdf:/home/unique/ros2_ws/ros2_21_tutorials/install/learning_topic:/home/unique/ros2_ws/ros2_21_tutorials/install/learning_tf:/home/unique/ros2_ws/ros2_21_tutorials/install/learning_service:/home/unique/ros2_ws/ros2_21_tutorials/install/learning_qos:/home/unique/ros2_ws/ros2_21_tutorials/install/learning_pkg_python:/home/unique/ros2_ws/ros2_21_tutorials/install/learning_parameter:/home/unique/ros2_ws/ros2_21_tutorials/install/learning_node:/home/unique/ros2_ws/ros2_21_tutorials/install/learning_launch:/home/unique/ros2_ws/ros2_21_tutorials/install/learning_action:/home/unique/ros2_ws/ros2_21_tutorials/install/learning_gazebo_harmonic:/home/unique/ros2_ws/ros2_21_tutorials/install/learning_gazebo:/home/unique/ros2_ws/ros2_21_tutorials/install/learning_cv:/opt/ros/humble /usr/bin/cmake --build /home/unique/ros2_ws/ros_test/build/realtime_common -- -j8 -l8
[0.207s] Invoking command in '/home/unique/ros2_ws/ros_test/build/realtime_common': CMAKE_PREFIX_PATH=${CMAKE_PREFIX_PATH}:/home/unique/ros2_ws/ros2_21_tutorials/install/learning_urdf:/home/unique/ros2_ws/ros2_21_tutorials/install/learning_topic:/home/unique/ros2_ws/ros2_21_tutorials/install/learning_tf:/home/unique/ros2_ws/ros2_21_tutorials/install/learning_service:/home/unique/ros2_ws/ros2_21_tutorials/install/learning_qos:/home/unique/ros2_ws/ros2_21_tutorials/install/learning_pkg_python:/home/unique/ros2_ws/ros2_21_tutorials/install/learning_parameter:/home/unique/ros2_ws/ros2_21_tutorials/install/learning_node:/home/unique/ros2_ws/ros2_21_tutorials/install/learning_launch:/home/unique/ros2_ws/ros2_21_tutorials/install/learning_action:/home/unique/ros2_ws/ros2_21_tutorials/install/learning_gazebo_harmonic:/home/unique/ros2_ws/ros2_21_tutorials/install/learning_gazebo:/home/unique/ros2_ws/ros2_21_tutorials/install/learning_cv:/opt/ros/humble /usr/bin/cmake --install /home/unique/ros2_ws/ros_test/build/realtime_common
[0.230s] -- Install configuration: ""
[0.236s] -- Up-to-date: /home/unique/ros2_ws/ros_test/install/realtime_common/include
[0.236s] -- Up-to-date: /home/unique/ros2_ws/ros_test/install/realtime_common/include/realtime_common
[0.236s] -- Up-to-date: /home/unique/ros2_ws/ros_test/install/realtime_common/include/realtime_common/rt_utils.hpp
[0.236s] -- Up-to-date: /home/unique/ros2_ws/ros_test/install/realtime_common/include/realtime_common/SPSC_ringbuffer.hpp
[0.236s] -- Up-to-date: /home/unique/ros2_ws/ros_test/install/realtime_common/include/realtime_common/SPSC_queue.hpp
[0.236s] -- Up-to-date: /home/unique/ros2_ws/ros_test/install/realtime_common/share/ament_index/resource_index/package_run_dependencies/realtime_common
[0.236s] -- Up-to-date: /home/unique/ros2_ws/ros_test/install/realtime_common/share/ament_index/resource_index/parent_prefix_path/realtime_common
[0.237s] -- Up-to-date: /home/unique/ros2_ws/ros_test/install/realtime_common/share/realtime_common/environment/ament_prefix_path.sh
[0.237s] -- Up-to-date: /home/unique/ros2_ws/ros_test/install/realtime_common/share/realtime_common/environment/ament_prefix_path.dsv
[0.237s] -- Up-to-date: /home/unique/ros2_ws/ros_test/install/realtime_common/share/realtime_common/environment/path.sh
[0.237s] -- Up-to-date: /home/unique/ros2_ws/ros_test/install/realtime_common/share/realtime_common/environment/path.dsv
[0.237s] -- Up-to-date: /home/unique/ros2_ws/ros_test/install/realtime_common/share/realtime_common/local_setup.bash
[0.237s] -- Up-to-date: /home/unique/ros2_ws/ros_test/install/realtime_common/share/realtime_common/local_setup.sh
[0.237s] -- Up-to-date: /home/unique/ros2_ws/ros_test/install/realtime_common/share/realtime_common/local_setup.zsh
[0.237s] -- Up-to-date: /home/unique/ros2_ws/ros_test/install/realtime_common/share/realtime_common/local_setup.dsv
[0.238s] -- Installing: /home/unique/ros2_ws/ros_test/install/realtime_common/share/realtime_common/package.dsv
[0.238s] -- Up-to-date: /home/unique/ros2_ws/ros_test/install/realtime_common/share/ament_index/resource_index/packages/realtime_common
[0.238s] -- Up-to-date: /home/unique/ros2_ws/ros_test/install/realtime_common/share/realtime_common/cmake/export_realtime_commonExport.cmake
[0.238s] -- Up-to-date: /home/unique/ros2_ws/ros_test/install/realtime_common/share/realtime_common/cmake/ament_cmake_export_targets-extras.cmake
[0.238s] -- Up-to-date: /home/unique/ros2_ws/ros_test/install/realtime_common/share/realtime_common/cmake/ament_cmake_export_include_directories-extras.cmake
[0.238s] -- Up-to-date: /home/unique/ros2_ws/ros_test/install/realtime_common/share/realtime_common/cmake/realtime_commonConfig.cmake
[0.238s] -- Up-to-date: /home/unique/ros2_ws/ros_test/install/realtime_common/share/realtime_common/cmake/realtime_commonConfig-version.cmake
[0.239s] -- Up-to-date: /home/unique/ros2_ws/ros_test/install/realtime_common/share/realtime_common/package.xml
[0.252s] Invoked command in '/home/unique/ros2_ws/ros_test/build/realtime_common' returned '0': CMAKE_PREFIX_PATH=${CMAKE_PREFIX_PATH}:/home/unique/ros2_ws/ros2_21_tutorials/install/learning_urdf:/home/unique/ros2_ws/ros2_21_tutorials/install/learning_topic:/home/unique/ros2_ws/ros2_21_tutorials/install/learning_tf:/home/unique/ros2_ws/ros2_21_tutorials/install/learning_service:/home/unique/ros2_ws/ros2_21_tutorials/install/learning_qos:/home/unique/ros2_ws/ros2_21_tutorials/install/learning_pkg_python:/home/unique/ros2_ws/ros2_21_tutorials/install/learning_parameter:/home/unique/ros2_ws/ros2_21_tutorials/install/learning_node:/home/unique/ros2_ws/ros2_21_tutorials/install/learning_launch:/home/unique/ros2_ws/ros2_21_tutorials/install/learning_action:/home/unique/ros2_ws/ros2_21_tutorials/install/learning_gazebo_harmonic:/home/unique/ros2_ws/ros2_21_tutorials/install/learning_gazebo:/home/unique/ros2_ws/ros2_21_tutorials/install/learning_cv:/opt/ros/humble /usr/bin/cmake --install /home/unique/ros2_ws/ros_test/build/realtime_common
