[ 25%] [32mBuilding CXX object CMakeFiles/IOqueue.dir/src/IOqueue.cpp.o[0m
[ 75%] Built target IOqueue_node
[01m[K/home/unique/ros2_ws/ros_test/src/IOqueue/src/IOqueue.cpp:[m[K In member function ‘[01m[Kvoid io_queue::IOqueue::read_io_thread()[m[K’:
[01m[K/home/unique/ros2_ws/ros_test/src/IOqueue/src/IOqueue.cpp:195:10:[m[K [01;35m[Kwarning: [m[Kvariable ‘[01m[Kstart[m[K’ set but not used [[01;35m[K]8;;https://gcc.gnu.org/onlinedocs/gcc/Warning-Options.html#index-Wunused-but-set-variable-Wunused-but-set-variable]8;;[m[K]
  195 |     auto [01;35m[Kstart[m[K = clock::now();
      |          [01;35m[K^~~~~[m[K
[01m[K/home/unique/ros2_ws/ros_test/src/IOqueue/src/IOqueue.cpp:[m[K In member function ‘[01m[Kvoid io_queue::IOqueue::write_io_thread()[m[K’:
[01m[K/home/unique/ros2_ws/ros_test/src/IOqueue/src/IOqueue.cpp:270:10:[m[K [01;35m[Kwarning: [m[Kvariable ‘[01m[Kstart[m[K’ set but not used [[01;35m[K]8;;https://gcc.gnu.org/onlinedocs/gcc/Warning-Options.html#index-Wunused-but-set-variable-Wunused-but-set-variable]8;;[m[K]
  270 |     auto [01;35m[Kstart[m[K = clock::now();
      |          [01;35m[K^~~~~[m[K
In file included from [01m[K/home/unique/ros2_ws/ros_test/src/IOqueue/include/IOqueue/IOqueue.hpp:8[m[K,
                 from [01m[K/home/unique/ros2_ws/ros_test/src/IOqueue/src/IOqueue.cpp:2[m[K:
/home/unique/ros2_ws/ros_test/install/realtime_common/include/realtime_common/SPSC_queue.hpp: In instantiation of ‘[01m[Krealtime_common::SPSCQueue<T, Capacity>::SPSCQueue() [with T = QueueSlot; long unsigned int Capacity = 256][m[K’:
[01m[K/home/unique/ros2_ws/ros_test/src/IOqueue/src/IOqueue.cpp:14:38:[m[K   required from here
[01m[K/home/unique/ros2_ws/ros_test/install/realtime_common/include/realtime_common/SPSC_queue.hpp:41:30:[m[K [01;31m[Kerror: [m[K‘[01m[KQueueSlot[m[K’ is not a base of ‘[01m[Krealtime_common::SPSCQueue<QueueSlot, 256>::Slot::Storage[m[K’
   41 |       [01;31m[Kbuffer_[i].storage.T::~T[m[K();  // 确保处于未初始化状态
      |       [01;31m[K~~~~~~~~~~~~~~~~~~~~~~~^[m[K
/home/unique/ros2_ws/ros_test/install/realtime_common/include/realtime_common/SPSC_queue.hpp: In instantiation of ‘[01m[Krealtime_common::SPSCQueue<T, Capacity>::~SPSCQueue() [with T = QueueSlot; long unsigned int Capacity = 256][m[K’:
[01m[K/home/unique/ros2_ws/ros_test/src/IOqueue/src/IOqueue.cpp:14:38:[m[K   required from here
[01m[K/home/unique/ros2_ws/ros_test/install/realtime_common/include/realtime_common/SPSC_queue.hpp:52:50:[m[K [01;31m[Kerror: [m[K‘[01m[KQueueSlot[m[K’ is not a base of ‘[01m[Krealtime_common::SPSCQueue<QueueSlot, 256>::Slot::Storage[m[K’
   52 |       [01;31m[Kbuffer_[read & (Capacity - 1)].storage.T::~T[m[K();
      |       [01;31m[K~~~~~~~~~~~~~~~~~~~~~~~~~~~~~~~~~~~~~~~~~~~^[m[K
/home/unique/ros2_ws/ros_test/install/realtime_common/include/realtime_common/SPSC_queue.hpp: In instantiation of ‘[01m[Kbool realtime_common::SPSCQueue<T, Capacity>::pop(T&) [with T = QueueSlot; long unsigned int Capacity = 256][m[K’:
[01m[K/home/unique/ros2_ws/ros_test/src/IOqueue/src/IOqueue.cpp:244:27:[m[K   required from here
[01m[K/home/unique/ros2_ws/ros_test/install/realtime_common/include/realtime_common/SPSC_queue.hpp:117:60:[m[K [01;31m[Kerror: [m[K‘[01m[Kunion realtime_common::SPSCQueue<QueueSlot, 256>::Slot::Storage[m[K’ has no member named ‘[01m[KT[m[K’
  117 |     out = std::move([01;31m[Kbuffer_[read & (Capacity - 1)].storage.T[m[K);
      |                     [01;31m[K~~~~~~~~~~~~~~~~~~~~~~~~~~~~~~~~~~~~~~~^[m[K
[01m[K/home/unique/ros2_ws/ros_test/install/realtime_common/include/realtime_common/SPSC_queue.hpp:120:48:[m[K [01;31m[Kerror: [m[K‘[01m[KQueueSlot[m[K’ is not a base of ‘[01m[Krealtime_common::SPSCQueue<QueueSlot, 256>::Slot::Storage[m[K’
  120 |     [01;31m[Kbuffer_[read & (Capacity - 1)].storage.T::~T[m[K();
      |     [01;31m[K~~~~~~~~~~~~~~~~~~~~~~~~~~~~~~~~~~~~~~~~~~~^[m[K
gmake[2]: *** [CMakeFiles/IOqueue.dir/build.make:76: CMakeFiles/IOqueue.dir/src/IOqueue.cpp.o] Error 1
gmake[1]: *** [CMakeFiles/Makefile2:139: CMakeFiles/IOqueue.dir/all] Error 2
gmake: *** [Makefile:146: all] Error 2
