[0.511s] Invoking command in '/home/unique/ros2_ws/ros_test/build/IOqueue': CMAKE_PREFIX_PATH=/home/unique/ros2_ws/ros_test/install/realtime_common:/home/unique/ros2_ws/ros_test/install/main_interface:/home/unique/ros2_ws/ros_test/install/test_ringbuffer_loopback:/home/unique/ros2_ws/ros_test/install/test_loopback:/home/unique/ros2_ws/ros_test/install/realtime_launch:/home/unique/ros2_ws/ros_test/install/IOringbuffer:/home/unique/ros2_ws/ros_test/install/IOqueue:/home/unique/ros2_ws/install/village_wang:/home/unique/ros2_ws/install/village_interface:/home/unique/ros2_ws/install/my_cpp_pkg:/home/unique/ros2_ws/ros2_21_tutorials/install/learning_topic_cpp:/home/unique/ros2_ws/ros2_21_tutorials/install/learning_tf_cpp:/home/unique/ros2_ws/ros2_21_tutorials/install/learning_service_cpp:/home/unique/ros2_ws/ros2_21_tutorials/install/learning_pkg_c:/home/unique/ros2_ws/ros2_21_tutorials/install/learning_parameter_cpp:/home/unique/ros2_ws/ros2_21_tutorials/install/learning_node_cpp:/home/unique/ros2_ws/ros2_21_tutorials/install/learning_action_cpp:/home/unique/ros2_ws/ros2_21_tutorials/install/learning_interface:/home/unique/ros2_ws/ros2_21_tutorials/install/learning_urdf:/home/unique/ros2_ws/ros2_21_tutorials/install/learning_topic:/home/unique/ros2_ws/ros2_21_tutorials/install/learning_tf:/home/unique/ros2_ws/ros2_21_tutorials/install/learning_service:/home/unique/ros2_ws/ros2_21_tutorials/install/learning_qos:/home/unique/ros2_ws/ros2_21_tutorials/install/learning_pkg_python:/home/unique/ros2_ws/ros2_21_tutorials/install/learning_parameter:/home/unique/ros2_ws/ros2_21_tutorials/install/learning_node:/home/unique/ros2_ws/ros2_21_tutorials/install/learning_launch:/home/unique/ros2_ws/ros2_21_tutorials/install/learning_action:/home/unique/ros2_ws/ros2_21_tutorials/install/learning_gazebo_harmonic:/home/unique/ros2_ws/ros2_21_tutorials/install/learning_gazebo:/home/unique/ros2_ws/ros2_21_tutorials/install/learning_cv:/opt/ros/humble LD_LIBRARY_PATH=/home/unique/ros2_ws/ros_test/install/main_interface/lib:/home/unique/ros2_ws/ros_test/install/test_ringbuffer_loopback/lib:/home/unique/ros2_ws/ros_test/install/test_loopback/lib:/home/unique/ros2_ws/ros_test/install/IOringbuffer/lib:/home/unique/ros2_ws/ros_test/install/IOqueue/lib:/home/unique/ros2_ws/install/village_interface/lib:/home/unique/ros2_ws/ros2_21_tutorials/install/learning_interface/lib:/opt/ros/humble/opt/rviz_ogre_vendor/lib:/opt/ros/humble/lib/x86_64-linux-gnu:/opt/ros/humble/lib /usr/bin/cmake --build /home/unique/ros2_ws/ros_test/build/IOqueue -- -j8 -l8
[0.632s] [ 25%] [32mBuilding CXX object CMakeFiles/IOqueue.dir/src/IOqueue.cpp.o[0m
[0.640s] [ 75%] Built target IOqueue_node
[4.202s] [01m[K/home/unique/ros2_ws/ros_test/src/IOqueue/src/IOqueue.cpp:[m[K In member function ‘[01m[Kvoid io_queue::IOqueue::read_io_thread()[m[K’:
[4.202s] [01m[K/home/unique/ros2_ws/ros_test/src/IOqueue/src/IOqueue.cpp:195:10:[m[K [01;35m[Kwarning: [m[Kvariable ‘[01m[Kstart[m[K’ set but not used [[01;35m[K]8;;https://gcc.gnu.org/onlinedocs/gcc/Warning-Options.html#index-Wunused-but-set-variable-Wunused-but-set-variable]8;;[m[K]
[4.202s]   195 |     auto [01;35m[Kstart[m[K = clock::now();
[4.202s]       |          [01;35m[K^~~~~[m[K
[4.206s] [01m[K/home/unique/ros2_ws/ros_test/src/IOqueue/src/IOqueue.cpp:[m[K In member function ‘[01m[Kvoid io_queue::IOqueue::write_io_thread()[m[K’:
[4.206s] [01m[K/home/unique/ros2_ws/ros_test/src/IOqueue/src/IOqueue.cpp:270:10:[m[K [01;35m[Kwarning: [m[Kvariable ‘[01m[Kstart[m[K’ set but not used [[01;35m[K]8;;https://gcc.gnu.org/onlinedocs/gcc/Warning-Options.html#index-Wunused-but-set-variable-Wunused-but-set-variable]8;;[m[K]
[4.206s]   270 |     auto [01;35m[Kstart[m[K = clock::now();
[4.206s]       |          [01;35m[K^~~~~[m[K
[4.335s] In file included from [01m[K/home/unique/ros2_ws/ros_test/src/IOqueue/include/IOqueue/IOqueue.hpp:8[m[K,
[4.336s]                  from [01m[K/home/unique/ros2_ws/ros_test/src/IOqueue/src/IOqueue.cpp:2[m[K:
[4.336s] /home/unique/ros2_ws/ros_test/install/realtime_common/include/realtime_common/SPSC_queue.hpp: In instantiation of ‘[01m[Krealtime_common::SPSCQueue<T, Capacity>::SPSCQueue() [with T = QueueSlot; long unsigned int Capacity = 256][m[K’:
[4.336s] [01m[K/home/unique/ros2_ws/ros_test/src/IOqueue/src/IOqueue.cpp:14:38:[m[K   required from here
[4.337s] [01m[K/home/unique/ros2_ws/ros_test/install/realtime_common/include/realtime_common/SPSC_queue.hpp:41:30:[m[K [01;31m[Kerror: [m[K‘[01m[KQueueSlot[m[K’ is not a base of ‘[01m[Krealtime_common::SPSCQueue<QueueSlot, 256>::Slot::Storage[m[K’
[4.337s]    41 |       [01;31m[Kbuffer_[i].storage.T::~T[m[K();  // 确保处于未初始化状态
[4.337s]       |       [01;31m[K~~~~~~~~~~~~~~~~~~~~~~~^[m[K
[4.337s] /home/unique/ros2_ws/ros_test/install/realtime_common/include/realtime_common/SPSC_queue.hpp: In instantiation of ‘[01m[Krealtime_common::SPSCQueue<T, Capacity>::~SPSCQueue() [with T = QueueSlot; long unsigned int Capacity = 256][m[K’:
[4.337s] [01m[K/home/unique/ros2_ws/ros_test/src/IOqueue/src/IOqueue.cpp:14:38:[m[K   required from here
[4.337s] [01m[K/home/unique/ros2_ws/ros_test/install/realtime_common/include/realtime_common/SPSC_queue.hpp:52:50:[m[K [01;31m[Kerror: [m[K‘[01m[KQueueSlot[m[K’ is not a base of ‘[01m[Krealtime_common::SPSCQueue<QueueSlot, 256>::Slot::Storage[m[K’
[4.337s]    52 |       [01;31m[Kbuffer_[read & (Capacity - 1)].storage.T::~T[m[K();
[4.337s]       |       [01;31m[K~~~~~~~~~~~~~~~~~~~~~~~~~~~~~~~~~~~~~~~~~~~^[m[K
[4.370s] /home/unique/ros2_ws/ros_test/install/realtime_common/include/realtime_common/SPSC_queue.hpp: In instantiation of ‘[01m[Kbool realtime_common::SPSCQueue<T, Capacity>::pop(T&) [with T = QueueSlot; long unsigned int Capacity = 256][m[K’:
[4.371s] [01m[K/home/unique/ros2_ws/ros_test/src/IOqueue/src/IOqueue.cpp:244:27:[m[K   required from here
[4.371s] [01m[K/home/unique/ros2_ws/ros_test/install/realtime_common/include/realtime_common/SPSC_queue.hpp:117:60:[m[K [01;31m[Kerror: [m[K‘[01m[Kunion realtime_common::SPSCQueue<QueueSlot, 256>::Slot::Storage[m[K’ has no member named ‘[01m[KT[m[K’
[4.371s]   117 |     out = std::move([01;31m[Kbuffer_[read & (Capacity - 1)].storage.T[m[K);
[4.371s]       |                     [01;31m[K~~~~~~~~~~~~~~~~~~~~~~~~~~~~~~~~~~~~~~~^[m[K
[4.371s] [01m[K/home/unique/ros2_ws/ros_test/install/realtime_common/include/realtime_common/SPSC_queue.hpp:120:48:[m[K [01;31m[Kerror: [m[K‘[01m[KQueueSlot[m[K’ is not a base of ‘[01m[Krealtime_common::SPSCQueue<QueueSlot, 256>::Slot::Storage[m[K’
[4.371s]   120 |     [01;31m[Kbuffer_[read & (Capacity - 1)].storage.T::~T[m[K();
[4.371s]       |     [01;31m[K~~~~~~~~~~~~~~~~~~~~~~~~~~~~~~~~~~~~~~~~~~~^[m[K
[7.617s] gmake[2]: *** [CMakeFiles/IOqueue.dir/build.make:76: CMakeFiles/IOqueue.dir/src/IOqueue.cpp.o] Error 1
[7.617s] gmake[1]: *** [CMakeFiles/Makefile2:139: CMakeFiles/IOqueue.dir/all] Error 2
[7.618s] gmake: *** [Makefile:146: all] Error 2
[7.622s] Invoked command in '/home/unique/ros2_ws/ros_test/build/IOqueue' returned '2': CMAKE_PREFIX_PATH=/home/unique/ros2_ws/ros_test/install/realtime_common:/home/unique/ros2_ws/ros_test/install/main_interface:/home/unique/ros2_ws/ros_test/install/test_ringbuffer_loopback:/home/unique/ros2_ws/ros_test/install/test_loopback:/home/unique/ros2_ws/ros_test/install/realtime_launch:/home/unique/ros2_ws/ros_test/install/IOringbuffer:/home/unique/ros2_ws/ros_test/install/IOqueue:/home/unique/ros2_ws/install/village_wang:/home/unique/ros2_ws/install/village_interface:/home/unique/ros2_ws/install/my_cpp_pkg:/home/unique/ros2_ws/ros2_21_tutorials/install/learning_topic_cpp:/home/unique/ros2_ws/ros2_21_tutorials/install/learning_tf_cpp:/home/unique/ros2_ws/ros2_21_tutorials/install/learning_service_cpp:/home/unique/ros2_ws/ros2_21_tutorials/install/learning_pkg_c:/home/unique/ros2_ws/ros2_21_tutorials/install/learning_parameter_cpp:/home/unique/ros2_ws/ros2_21_tutorials/install/learning_node_cpp:/home/unique/ros2_ws/ros2_21_tutorials/install/learning_action_cpp:/home/unique/ros2_ws/ros2_21_tutorials/install/learning_interface:/home/unique/ros2_ws/ros2_21_tutorials/install/learning_urdf:/home/unique/ros2_ws/ros2_21_tutorials/install/learning_topic:/home/unique/ros2_ws/ros2_21_tutorials/install/learning_tf:/home/unique/ros2_ws/ros2_21_tutorials/install/learning_service:/home/unique/ros2_ws/ros2_21_tutorials/install/learning_qos:/home/unique/ros2_ws/ros2_21_tutorials/install/learning_pkg_python:/home/unique/ros2_ws/ros2_21_tutorials/install/learning_parameter:/home/unique/ros2_ws/ros2_21_tutorials/install/learning_node:/home/unique/ros2_ws/ros2_21_tutorials/install/learning_launch:/home/unique/ros2_ws/ros2_21_tutorials/install/learning_action:/home/unique/ros2_ws/ros2_21_tutorials/install/learning_gazebo_harmonic:/home/unique/ros2_ws/ros2_21_tutorials/install/learning_gazebo:/home/unique/ros2_ws/ros2_21_tutorials/install/learning_cv:/opt/ros/humble LD_LIBRARY_PATH=/home/unique/ros2_ws/ros_test/install/main_interface/lib:/home/unique/ros2_ws/ros_test/install/test_ringbuffer_loopback/lib:/home/unique/ros2_ws/ros_test/install/test_loopback/lib:/home/unique/ros2_ws/ros_test/install/IOringbuffer/lib:/home/unique/ros2_ws/ros_test/install/IOqueue/lib:/home/unique/ros2_ws/install/village_interface/lib:/home/unique/ros2_ws/ros2_21_tutorials/install/learning_interface/lib:/opt/ros/humble/opt/rviz_ogre_vendor/lib:/opt/ros/humble/lib/x86_64-linux-gnu:/opt/ros/humble/lib /usr/bin/cmake --build /home/unique/ros2_ws/ros_test/build/IOqueue -- -j8 -l8
