[01m[K/home/unique/ros2_ws/ros_test/src/high_prior/src/high_prior.cpp:6:1:[m[K [01;31m[Kerror: [m[K‘[01m[KHighPrior[m[K’ does not name a type
    6 | [01;31m[KHighPrior[m[K::HighPrior(const rclcpp::NodeOptions & options)
      | [01;31m[K^~~~~~~~~[m[K
In file included from [01m[K/opt/ros/humble/include/class_loader/class_loader/class_loader.hpp:56[m[K,
                 from [01m[K/opt/ros/humble/include/rclcpp_components/rclcpp_components/register_node_macro.hpp:18[m[K,
                 from [01m[K/home/unique/ros2_ws/ros_test/src/high_prior/src/high_prior.cpp:49[m[K:
[01m[K/home/unique/ros2_ws/ros_test/src/high_prior/src/high_prior.cpp:50:33:[m[K [01;31m[Kerror: [m[K‘[01m[KHighPrior[m[K’ was not declared in this scope; did you mean ‘[01m[Khigh_prior::HighPrior[m[K’?
   50 | RCLCPP_COMPONENTS_REGISTER_NODE([01;31m[KHighPrior[m[K)
      |                                 [01;31m[K^~~~~~~~~[m[K
In file included from [01m[K/home/unique/ros2_ws/ros_test/src/high_prior/src/high_prior.cpp:1[m[K:
[01m[K/home/unique/ros2_ws/ros_test/src/high_prior/include/high_prior/high_prior.hpp:10:7:[m[K [01;36m[Knote: [m[K‘[01m[Khigh_prior::HighPrior[m[K’ declared here
   10 | class [01;36m[KHighPrior[m[K : public rclcpp::Node
      |       [01;36m[K^~~~~~~~~[m[K
In file included from [01m[K/opt/ros/humble/include/class_loader/class_loader/class_loader.hpp:56[m[K,
                 from [01m[K/opt/ros/humble/include/rclcpp_components/rclcpp_components/register_node_macro.hpp:18[m[K,
                 from [01m[K/home/unique/ros2_ws/ros_test/src/high_prior/src/high_prior.cpp:49[m[K:
[01m[K/home/unique/ros2_ws/ros_test/src/high_prior/src/high_prior.cpp:50:1:[m[K [01;31m[Kerror: [m[Ktemplate argument 1 is invalid
   50 | [01;31m[KRCLCPP_COMPONENTS_REGISTER_NODE[m[K(HighPrior)
      | [01;31m[K^~~~~~~~~~~~~~~~~~~~~~~~~~~~~~~[m[K
In file included from [01m[K/opt/ros/humble/include/class_loader/class_loader/class_loader_core.hpp:57[m[K,
                 from [01m[K/opt/ros/humble/include/class_loader/class_loader/class_loader.hpp:55[m[K,
                 from [01m[K/opt/ros/humble/include/rclcpp_components/rclcpp_components/register_node_macro.hpp:18[m[K,
                 from [01m[K/home/unique/ros2_ws/ros_test/src/high_prior/src/high_prior.cpp:49[m[K:
/opt/ros/humble/include/class_loader/class_loader/meta_object.hpp: In instantiation of ‘[01m[KB* class_loader::impl::MetaObject<C, B>::create() const [with C = int; B = rclcpp_components::NodeFactory][m[K’:
[01m[K/opt/ros/humble/include/class_loader/class_loader/meta_object.hpp:216:7:[m[K   required from here
[01m[K/opt/ros/humble/include/class_loader/class_loader/meta_object.hpp:218:12:[m[K [01;31m[Kerror: [m[Kcannot convert ‘[01m[Kint*[m[K’ to ‘[01m[Krclcpp_components::NodeFactory*[m[K’ in return
  218 |     return [01;31m[Knew C[m[K;
      |            [01;31m[K^~~~~[m[K
      |            [01;31m[K|[m[K
      |            [01;31m[Kint*[m[K
gmake[2]: *** [CMakeFiles/high_prior.dir/build.make:76: CMakeFiles/high_prior.dir/src/high_prior.cpp.o] Error 1
gmake[1]: *** [CMakeFiles/Makefile2:137: CMakeFiles/high_prior.dir/all] Error 2
gmake: *** [Makefile:146: all] Error 2
