[0.052s] Invoking command in '/home/unique/ros2_ws/ros_test/build/high_prior': CMAKE_PREFIX_PATH=${CMAKE_PREFIX_PATH}:/home/unique/ros2_ws/ros2_21_tutorials/install/learning_urdf:/home/unique/ros2_ws/ros2_21_tutorials/install/learning_topic:/home/unique/ros2_ws/ros2_21_tutorials/install/learning_tf:/home/unique/ros2_ws/ros2_21_tutorials/install/learning_service:/home/unique/ros2_ws/ros2_21_tutorials/install/learning_qos:/home/unique/ros2_ws/ros2_21_tutorials/install/learning_pkg_python:/home/unique/ros2_ws/ros2_21_tutorials/install/learning_parameter:/home/unique/ros2_ws/ros2_21_tutorials/install/learning_node:/home/unique/ros2_ws/ros2_21_tutorials/install/learning_launch:/home/unique/ros2_ws/ros2_21_tutorials/install/learning_action:/home/unique/ros2_ws/ros2_21_tutorials/install/learning_gazebo_harmonic:/home/unique/ros2_ws/ros2_21_tutorials/install/learning_gazebo:/home/unique/ros2_ws/ros2_21_tutorials/install/learning_cv:/opt/ros/humble /usr/bin/cmake --build /home/unique/ros2_ws/ros_test/build/high_prior -- -j8 -l8
[0.215s] [ 50%] [32mBuilding CXX object CMakeFiles/high_prior.dir/src/high_prior.cpp.o[0m
[4.462s] [01m[K/home/unique/ros2_ws/ros_test/src/high_prior/src/high_prior.cpp:6:1:[m[K [01;31m[Kerror: [m[K‘[01m[KHighPrior[m[K’ does not name a type
[4.463s]     6 | [01;31m[KHighPrior[m[K::HighPrior(const rclcpp::NodeOptions & options)
[4.463s]       | [01;31m[K^~~~~~~~~[m[K
[4.495s] In file included from [01m[K/opt/ros/humble/include/class_loader/class_loader/class_loader.hpp:56[m[K,
[4.495s]                  from [01m[K/opt/ros/humble/include/rclcpp_components/rclcpp_components/register_node_macro.hpp:18[m[K,
[4.496s]                  from [01m[K/home/unique/ros2_ws/ros_test/src/high_prior/src/high_prior.cpp:49[m[K:
[4.496s] [01m[K/home/unique/ros2_ws/ros_test/src/high_prior/src/high_prior.cpp:50:33:[m[K [01;31m[Kerror: [m[K‘[01m[KHighPrior[m[K’ was not declared in this scope; did you mean ‘[01m[Khigh_prior::HighPrior[m[K’?
[4.496s]    50 | RCLCPP_COMPONENTS_REGISTER_NODE([01;31m[KHighPrior[m[K)
[4.496s]       |                                 [01;31m[K^~~~~~~~~[m[K
[4.496s] In file included from [01m[K/home/unique/ros2_ws/ros_test/src/high_prior/src/high_prior.cpp:1[m[K:
[4.496s] [01m[K/home/unique/ros2_ws/ros_test/src/high_prior/include/high_prior/high_prior.hpp:10:7:[m[K [01;36m[Knote: [m[K‘[01m[Khigh_prior::HighPrior[m[K’ declared here
[4.496s]    10 | class [01;36m[KHighPrior[m[K : public rclcpp::Node
[4.497s]       |       [01;36m[K^~~~~~~~~[m[K
[4.497s] In file included from [01m[K/opt/ros/humble/include/class_loader/class_loader/class_loader.hpp:56[m[K,
[4.497s]                  from [01m[K/opt/ros/humble/include/rclcpp_components/rclcpp_components/register_node_macro.hpp:18[m[K,
[4.497s]                  from [01m[K/home/unique/ros2_ws/ros_test/src/high_prior/src/high_prior.cpp:49[m[K:
[4.497s] [01m[K/home/unique/ros2_ws/ros_test/src/high_prior/src/high_prior.cpp:50:1:[m[K [01;31m[Kerror: [m[Ktemplate argument 1 is invalid
[4.497s]    50 | [01;31m[KRCLCPP_COMPONENTS_REGISTER_NODE[m[K(HighPrior)
[4.497s]       | [01;31m[K^~~~~~~~~~~~~~~~~~~~~~~~~~~~~~~[m[K
[5.075s] In file included from [01m[K/opt/ros/humble/include/class_loader/class_loader/class_loader_core.hpp:57[m[K,
[5.075s]                  from [01m[K/opt/ros/humble/include/class_loader/class_loader/class_loader.hpp:55[m[K,
[5.075s]                  from [01m[K/opt/ros/humble/include/rclcpp_components/rclcpp_components/register_node_macro.hpp:18[m[K,
[5.075s]                  from [01m[K/home/unique/ros2_ws/ros_test/src/high_prior/src/high_prior.cpp:49[m[K:
[5.075s] /opt/ros/humble/include/class_loader/class_loader/meta_object.hpp: In instantiation of ‘[01m[KB* class_loader::impl::MetaObject<C, B>::create() const [with C = int; B = rclcpp_components::NodeFactory][m[K’:
[5.076s] [01m[K/opt/ros/humble/include/class_loader/class_loader/meta_object.hpp:216:7:[m[K   required from here
[5.076s] [01m[K/opt/ros/humble/include/class_loader/class_loader/meta_object.hpp:218:12:[m[K [01;31m[Kerror: [m[Kcannot convert ‘[01m[Kint*[m[K’ to ‘[01m[Krclcpp_components::NodeFactory*[m[K’ in return
[5.076s]   218 |     return [01;31m[Knew C[m[K;
[5.076s]       |            [01;31m[K^~~~~[m[K
[5.076s]       |            [01;31m[K|[m[K
[5.076s]       |            [01;31m[Kint*[m[K
[5.237s] gmake[2]: *** [CMakeFiles/high_prior.dir/build.make:76: CMakeFiles/high_prior.dir/src/high_prior.cpp.o] Error 1
[5.237s] gmake[1]: *** [CMakeFiles/Makefile2:137: CMakeFiles/high_prior.dir/all] Error 2
[5.237s] gmake: *** [Makefile:146: all] Error 2
[5.245s] Invoked command in '/home/unique/ros2_ws/ros_test/build/high_prior' returned '2': CMAKE_PREFIX_PATH=${CMAKE_PREFIX_PATH}:/home/unique/ros2_ws/ros2_21_tutorials/install/learning_urdf:/home/unique/ros2_ws/ros2_21_tutorials/install/learning_topic:/home/unique/ros2_ws/ros2_21_tutorials/install/learning_tf:/home/unique/ros2_ws/ros2_21_tutorials/install/learning_service:/home/unique/ros2_ws/ros2_21_tutorials/install/learning_qos:/home/unique/ros2_ws/ros2_21_tutorials/install/learning_pkg_python:/home/unique/ros2_ws/ros2_21_tutorials/install/learning_parameter:/home/unique/ros2_ws/ros2_21_tutorials/install/learning_node:/home/unique/ros2_ws/ros2_21_tutorials/install/learning_launch:/home/unique/ros2_ws/ros2_21_tutorials/install/learning_action:/home/unique/ros2_ws/ros2_21_tutorials/install/learning_gazebo_harmonic:/home/unique/ros2_ws/ros2_21_tutorials/install/learning_gazebo:/home/unique/ros2_ws/ros2_21_tutorials/install/learning_cv:/opt/ros/humble /usr/bin/cmake --build /home/unique/ros2_ws/ros_test/build/high_prior -- -j8 -l8
