[0.034s] Invoking command in '/home/unique/ros2_ws/ros_test/build/realtime_common': CMAKE_PREFIX_PATH=${CMAKE_PREFIX_PATH}:/home/unique/ros2_ws/ros2_21_tutorials/install/learning_urdf:/home/unique/ros2_ws/ros2_21_tutorials/install/learning_topic:/home/unique/ros2_ws/ros2_21_tutorials/install/learning_tf:/home/unique/ros2_ws/ros2_21_tutorials/install/learning_service:/home/unique/ros2_ws/ros2_21_tutorials/install/learning_qos:/home/unique/ros2_ws/ros2_21_tutorials/install/learning_pkg_python:/home/unique/ros2_ws/ros2_21_tutorials/install/learning_parameter:/home/unique/ros2_ws/ros2_21_tutorials/install/learning_node:/home/unique/ros2_ws/ros2_21_tutorials/install/learning_launch:/home/unique/ros2_ws/ros2_21_tutorials/install/learning_action:/home/unique/ros2_ws/ros2_21_tutorials/install/learning_gazebo_harmonic:/home/unique/ros2_ws/ros2_21_tutorials/install/learning_gazebo:/home/unique/ros2_ws/ros2_21_tutorials/install/learning_cv:/opt/ros/humble /usr/bin/cmake /home/unique/ros2_ws/ros_test/src/realtime_common -DCMAKE_INSTALL_PREFIX=/home/unique/ros2_ws/ros_test/install/realtime_common
[0.800s] -- The C compiler identification is GNU 11.4.0
[2.759s] -- The CXX compiler identification is GNU 11.4.0
[3.916s] -- Detecting C compiler ABI info
[4.289s] -- Detecting C compiler ABI info - done
[4.295s] -- Check for working C compiler: /usr/bin/cc - skipped
[4.296s] -- Detecting C compile features
[4.297s] -- Detecting C compile features - done
[4.302s] -- Detecting CXX compiler ABI info
[4.681s] -- Detecting CXX compiler ABI info - done
[4.692s] -- Check for working CXX compiler: /usr/bin/c++ - skipped
[4.692s] -- Detecting CXX compile features
[4.693s] -- Detecting CXX compile features - done
[4.720s] -- Found ament_cmake: 1.3.14 (/opt/ros/humble/share/ament_cmake/cmake)
[4.947s] -- Found Python3: /usr/bin/python3 (found version "3.10.12") found components: Interpreter 
[5.163s] -- Found rclcpp: 16.0.19 (/opt/ros/humble/share/rclcpp/cmake)
[5.664s] -- Found rosidl_generator_c: 3.1.8 (/opt/ros/humble/share/rosidl_generator_c/cmake)
[5.685s] -- Found rosidl_adapter: 3.1.8 (/opt/ros/humble/share/rosidl_adapter/cmake)
[5.715s] -- Found rosidl_generator_cpp: 3.1.8 (/opt/ros/humble/share/rosidl_generator_cpp/cmake)
[5.752s] -- Using all available rosidl_typesupport_c: rosidl_typesupport_fastrtps_c;rosidl_typesupport_introspection_c
[5.799s] -- Using all available rosidl_typesupport_cpp: rosidl_typesupport_fastrtps_cpp;rosidl_typesupport_introspection_cpp
[5.933s] -- Found rmw_implementation_cmake: 6.1.2 (/opt/ros/humble/share/rmw_implementation_cmake/cmake)
[5.945s] -- Found rmw_fastrtps_cpp: 6.2.10 (/opt/ros/humble/share/rmw_fastrtps_cpp/cmake)
[9.595s] -- Found OpenSSL: /usr/lib/x86_64-linux-gnu/libcrypto.so (found version "3.0.2")  
[13.493s] -- Found FastRTPS: /opt/ros/humble/include  
[20.572s] -- Using RMW implementation 'rmw_fastrtps_cpp' as default
[20.614s] -- Looking for pthread.h
[21.005s] -- Looking for pthread.h - found
[21.005s] -- Performing Test CMAKE_HAVE_LIBC_PTHREAD
[21.377s] -- Performing Test CMAKE_HAVE_LIBC_PTHREAD - Success
[21.378s] -- Found Threads: TRUE  
[21.501s] [31mCMake Error at CMakeLists.txt:15 (target_include_directories):
[21.501s]   target_include_directories may only set INTERFACE properties on INTERFACE
[21.501s]   targets
[21.501s] 
[21.501s] [0m
[21.512s] -- Found ament_lint_auto: 0.12.15 (/opt/ros/humble/share/ament_lint_auto/cmake)
[21.662s] -- Added test 'cppcheck' to perform static code analysis on C / C++ code
[21.662s] -- Configured cppcheck include dirs: 
[21.662s] -- Configured cppcheck exclude dirs and/or files: 
[21.665s] -- Added test 'lint_cmake' to check CMake code style
[21.668s] -- Added test 'uncrustify' to check C / C++ code style
[21.668s] -- Configured uncrustify additional arguments: 
[21.670s] -- Added test 'xmllint' to check XML markup files
[21.675s] -- Configuring incomplete, errors occurred!
[21.676s] See also "/home/unique/ros2_ws/ros_test/build/realtime_common/CMakeFiles/CMakeOutput.log".
[21.690s] Invoked command in '/home/unique/ros2_ws/ros_test/build/realtime_common' returned '1': CMAKE_PREFIX_PATH=${CMAKE_PREFIX_PATH}:/home/unique/ros2_ws/ros2_21_tutorials/install/learning_urdf:/home/unique/ros2_ws/ros2_21_tutorials/install/learning_topic:/home/unique/ros2_ws/ros2_21_tutorials/install/learning_tf:/home/unique/ros2_ws/ros2_21_tutorials/install/learning_service:/home/unique/ros2_ws/ros2_21_tutorials/install/learning_qos:/home/unique/ros2_ws/ros2_21_tutorials/install/learning_pkg_python:/home/unique/ros2_ws/ros2_21_tutorials/install/learning_parameter:/home/unique/ros2_ws/ros2_21_tutorials/install/learning_node:/home/unique/ros2_ws/ros2_21_tutorials/install/learning_launch:/home/unique/ros2_ws/ros2_21_tutorials/install/learning_action:/home/unique/ros2_ws/ros2_21_tutorials/install/learning_gazebo_harmonic:/home/unique/ros2_ws/ros2_21_tutorials/install/learning_gazebo:/home/unique/ros2_ws/ros2_21_tutorials/install/learning_cv:/opt/ros/humble /usr/bin/cmake /home/unique/ros2_ws/ros_test/src/realtime_common -DCMAKE_INSTALL_PREFIX=/home/unique/ros2_ws/ros_test/install/realtime_common
