[0.061s] Invoking command in '/home/unique/ros2_ws/ros_test/build/realtime_launch': CMAKE_PREFIX_PATH=${CMAKE_PREFIX_PATH}:/home/unique/ros2_ws/ros2_21_tutorials/install/learning_urdf:/home/unique/ros2_ws/ros2_21_tutorials/install/learning_topic:/home/unique/ros2_ws/ros2_21_tutorials/install/learning_tf:/home/unique/ros2_ws/ros2_21_tutorials/install/learning_service:/home/unique/ros2_ws/ros2_21_tutorials/install/learning_qos:/home/unique/ros2_ws/ros2_21_tutorials/install/learning_pkg_python:/home/unique/ros2_ws/ros2_21_tutorials/install/learning_parameter:/home/unique/ros2_ws/ros2_21_tutorials/install/learning_node:/home/unique/ros2_ws/ros2_21_tutorials/install/learning_launch:/home/unique/ros2_ws/ros2_21_tutorials/install/learning_action:/home/unique/ros2_ws/ros2_21_tutorials/install/learning_gazebo_harmonic:/home/unique/ros2_ws/ros2_21_tutorials/install/learning_gazebo:/home/unique/ros2_ws/ros2_21_tutorials/install/learning_cv:/opt/ros/humble /usr/bin/cmake /home/unique/ros2_ws/ros_test/src/realtime_launch -DCMAKE_INSTALL_PREFIX=/home/unique/ros2_ws/ros_test/install/realtime_launch
[0.635s] -- The C compiler identification is GNU 11.4.0
[2.347s] -- The CXX compiler identification is GNU 11.4.0
[3.498s] -- Detecting C compiler ABI info
[3.849s] -- Detecting C compiler ABI info - done
[3.857s] -- Check for working C compiler: /usr/bin/cc - skipped
[3.858s] -- Detecting C compile features
[3.858s] -- Detecting C compile features - done
[3.861s] -- Detecting CXX compiler ABI info
[4.228s] -- Detecting CXX compiler ABI info - done
[4.236s] -- Check for working CXX compiler: /usr/bin/c++ - skipped
[4.236s] -- Detecting CXX compile features
[4.236s] -- Detecting CXX compile features - done
[4.245s] -- Found ament_cmake: 1.3.14 (/opt/ros/humble/share/ament_cmake/cmake)
[4.449s] -- Found Python3: /usr/bin/python3 (found version "3.10.12") found components: Interpreter 
[4.602s] -- Found ament_lint_auto: 0.12.15 (/opt/ros/humble/share/ament_lint_auto/cmake)
[4.727s] -- Added test 'flake8' to check Python code syntax and style conventions
[4.729s] -- Added test 'lint_cmake' to check CMake code style
[4.730s] -- Added test 'pep257' to check Python code against some of the docstring style conventions in PEP 257
[4.732s] -- Added test 'xmllint' to check XML markup files
[4.735s] -- Configuring done
[4.742s] -- Generating done
[4.746s] -- Build files have been written to: /home/unique/ros2_ws/ros_test/build/realtime_launch
[4.755s] Invoked command in '/home/unique/ros2_ws/ros_test/build/realtime_launch' returned '0': CMAKE_PREFIX_PATH=${CMAKE_PREFIX_PATH}:/home/unique/ros2_ws/ros2_21_tutorials/install/learning_urdf:/home/unique/ros2_ws/ros2_21_tutorials/install/learning_topic:/home/unique/ros2_ws/ros2_21_tutorials/install/learning_tf:/home/unique/ros2_ws/ros2_21_tutorials/install/learning_service:/home/unique/ros2_ws/ros2_21_tutorials/install/learning_qos:/home/unique/ros2_ws/ros2_21_tutorials/install/learning_pkg_python:/home/unique/ros2_ws/ros2_21_tutorials/install/learning_parameter:/home/unique/ros2_ws/ros2_21_tutorials/install/learning_node:/home/unique/ros2_ws/ros2_21_tutorials/install/learning_launch:/home/unique/ros2_ws/ros2_21_tutorials/install/learning_action:/home/unique/ros2_ws/ros2_21_tutorials/install/learning_gazebo_harmonic:/home/unique/ros2_ws/ros2_21_tutorials/install/learning_gazebo:/home/unique/ros2_ws/ros2_21_tutorials/install/learning_cv:/opt/ros/humble /usr/bin/cmake /home/unique/ros2_ws/ros_test/src/realtime_launch -DCMAKE_INSTALL_PREFIX=/home/unique/ros2_ws/ros_test/install/realtime_launch
[4.757s] Invoking command in '/home/unique/ros2_ws/ros_test/build/realtime_launch': CMAKE_PREFIX_PATH=${CMAKE_PREFIX_PATH}:/home/unique/ros2_ws/ros2_21_tutorials/install/learning_urdf:/home/unique/ros2_ws/ros2_21_tutorials/install/learning_topic:/home/unique/ros2_ws/ros2_21_tutorials/install/learning_tf:/home/unique/ros2_ws/ros2_21_tutorials/install/learning_service:/home/unique/ros2_ws/ros2_21_tutorials/install/learning_qos:/home/unique/ros2_ws/ros2_21_tutorials/install/learning_pkg_python:/home/unique/ros2_ws/ros2_21_tutorials/install/learning_parameter:/home/unique/ros2_ws/ros2_21_tutorials/install/learning_node:/home/unique/ros2_ws/ros2_21_tutorials/install/learning_launch:/home/unique/ros2_ws/ros2_21_tutorials/install/learning_action:/home/unique/ros2_ws/ros2_21_tutorials/install/learning_gazebo_harmonic:/home/unique/ros2_ws/ros2_21_tutorials/install/learning_gazebo:/home/unique/ros2_ws/ros2_21_tutorials/install/learning_cv:/opt/ros/humble /usr/bin/cmake --build /home/unique/ros2_ws/ros_test/build/realtime_launch -- -j8 -l8
[4.811s] Invoked command in '/home/unique/ros2_ws/ros_test/build/realtime_launch' returned '0': CMAKE_PREFIX_PATH=${CMAKE_PREFIX_PATH}:/home/unique/ros2_ws/ros2_21_tutorials/install/learning_urdf:/home/unique/ros2_ws/ros2_21_tutorials/install/learning_topic:/home/unique/ros2_ws/ros2_21_tutorials/install/learning_tf:/home/unique/ros2_ws/ros2_21_tutorials/install/learning_service:/home/unique/ros2_ws/ros2_21_tutorials/install/learning_qos:/home/unique/ros2_ws/ros2_21_tutorials/install/learning_pkg_python:/home/unique/ros2_ws/ros2_21_tutorials/install/learning_parameter:/home/unique/ros2_ws/ros2_21_tutorials/install/learning_node:/home/unique/ros2_ws/ros2_21_tutorials/install/learning_launch:/home/unique/ros2_ws/ros2_21_tutorials/install/learning_action:/home/unique/ros2_ws/ros2_21_tutorials/install/learning_gazebo_harmonic:/home/unique/ros2_ws/ros2_21_tutorials/install/learning_gazebo:/home/unique/ros2_ws/ros2_21_tutorials/install/learning_cv:/opt/ros/humble /usr/bin/cmake --build /home/unique/ros2_ws/ros_test/build/realtime_launch -- -j8 -l8
[4.813s] Invoking command in '/home/unique/ros2_ws/ros_test/build/realtime_launch': CMAKE_PREFIX_PATH=${CMAKE_PREFIX_PATH}:/home/unique/ros2_ws/ros2_21_tutorials/install/learning_urdf:/home/unique/ros2_ws/ros2_21_tutorials/install/learning_topic:/home/unique/ros2_ws/ros2_21_tutorials/install/learning_tf:/home/unique/ros2_ws/ros2_21_tutorials/install/learning_service:/home/unique/ros2_ws/ros2_21_tutorials/install/learning_qos:/home/unique/ros2_ws/ros2_21_tutorials/install/learning_pkg_python:/home/unique/ros2_ws/ros2_21_tutorials/install/learning_parameter:/home/unique/ros2_ws/ros2_21_tutorials/install/learning_node:/home/unique/ros2_ws/ros2_21_tutorials/install/learning_launch:/home/unique/ros2_ws/ros2_21_tutorials/install/learning_action:/home/unique/ros2_ws/ros2_21_tutorials/install/learning_gazebo_harmonic:/home/unique/ros2_ws/ros2_21_tutorials/install/learning_gazebo:/home/unique/ros2_ws/ros2_21_tutorials/install/learning_cv:/opt/ros/humble /usr/bin/cmake --install /home/unique/ros2_ws/ros_test/build/realtime_launch
[4.822s] -- Install configuration: ""
[4.823s] -- Installing: /home/unique/ros2_ws/ros_test/install/realtime_launch/share/realtime_launch/launch
[4.823s] -- Installing: /home/unique/ros2_ws/ros_test/install/realtime_launch/share/realtime_launch/launch/realtime.launch.py
[4.823s] -- Installing: /home/unique/ros2_ws/ros_test/install/realtime_launch/share/ament_index/resource_index/package_run_dependencies/realtime_launch
[4.824s] -- Installing: /home/unique/ros2_ws/ros_test/install/realtime_launch/share/ament_index/resource_index/parent_prefix_path/realtime_launch
[4.825s] -- Installing: /home/unique/ros2_ws/ros_test/install/realtime_launch/share/realtime_launch/environment/ament_prefix_path.sh
[4.825s] -- Installing: /home/unique/ros2_ws/ros_test/install/realtime_launch/share/realtime_launch/environment/ament_prefix_path.dsv
[4.825s] -- Installing: /home/unique/ros2_ws/ros_test/install/realtime_launch/share/realtime_launch/environment/path.sh
[4.826s] -- Installing: /home/unique/ros2_ws/ros_test/install/realtime_launch/share/realtime_launch/environment/path.dsv
[4.826s] -- Installing: /home/unique/ros2_ws/ros_test/install/realtime_launch/share/realtime_launch/local_setup.bash
[4.826s] -- Installing: /home/unique/ros2_ws/ros_test/install/realtime_launch/share/realtime_launch/local_setup.sh
[4.826s] -- Installing: /home/unique/ros2_ws/ros_test/install/realtime_launch/share/realtime_launch/local_setup.zsh
[4.827s] -- Installing: /home/unique/ros2_ws/ros_test/install/realtime_launch/share/realtime_launch/local_setup.dsv
[4.827s] -- Installing: /home/unique/ros2_ws/ros_test/install/realtime_launch/share/realtime_launch/package.dsv
[4.827s] -- Installing: /home/unique/ros2_ws/ros_test/install/realtime_launch/share/ament_index/resource_index/packages/realtime_launch
[4.828s] -- Installing: /home/unique/ros2_ws/ros_test/install/realtime_launch/share/realtime_launch/cmake/realtime_launchConfig.cmake
[4.828s] -- Installing: /home/unique/ros2_ws/ros_test/install/realtime_launch/share/realtime_launch/cmake/realtime_launchConfig-version.cmake
[4.828s] -- Installing: /home/unique/ros2_ws/ros_test/install/realtime_launch/share/realtime_launch/package.xml
[4.832s] Invoked command in '/home/unique/ros2_ws/ros_test/build/realtime_launch' returned '0': CMAKE_PREFIX_PATH=${CMAKE_PREFIX_PATH}:/home/unique/ros2_ws/ros2_21_tutorials/install/learning_urdf:/home/unique/ros2_ws/ros2_21_tutorials/install/learning_topic:/home/unique/ros2_ws/ros2_21_tutorials/install/learning_tf:/home/unique/ros2_ws/ros2_21_tutorials/install/learning_service:/home/unique/ros2_ws/ros2_21_tutorials/install/learning_qos:/home/unique/ros2_ws/ros2_21_tutorials/install/learning_pkg_python:/home/unique/ros2_ws/ros2_21_tutorials/install/learning_parameter:/home/unique/ros2_ws/ros2_21_tutorials/install/learning_node:/home/unique/ros2_ws/ros2_21_tutorials/install/learning_launch:/home/unique/ros2_ws/ros2_21_tutorials/install/learning_action:/home/unique/ros2_ws/ros2_21_tutorials/install/learning_gazebo_harmonic:/home/unique/ros2_ws/ros2_21_tutorials/install/learning_gazebo:/home/unique/ros2_ws/ros2_21_tutorials/install/learning_cv:/opt/ros/humble /usr/bin/cmake --install /home/unique/ros2_ws/ros_test/build/realtime_launch
