[0.045s] Invoking command in '/home/unique/ros2_ws/ros_test/build/realtime_launch': CMAKE_PREFIX_PATH=${CMAKE_PREFIX_PATH}:/home/unique/ros2_ws/ros2_21_tutorials/install/learning_urdf:/home/unique/ros2_ws/ros2_21_tutorials/install/learning_topic:/home/unique/ros2_ws/ros2_21_tutorials/install/learning_tf:/home/unique/ros2_ws/ros2_21_tutorials/install/learning_service:/home/unique/ros2_ws/ros2_21_tutorials/install/learning_qos:/home/unique/ros2_ws/ros2_21_tutorials/install/learning_pkg_python:/home/unique/ros2_ws/ros2_21_tutorials/install/learning_parameter:/home/unique/ros2_ws/ros2_21_tutorials/install/learning_node:/home/unique/ros2_ws/ros2_21_tutorials/install/learning_launch:/home/unique/ros2_ws/ros2_21_tutorials/install/learning_action:/home/unique/ros2_ws/ros2_21_tutorials/install/learning_gazebo_harmonic:/home/unique/ros2_ws/ros2_21_tutorials/install/learning_gazebo:/home/unique/ros2_ws/ros2_21_tutorials/install/learning_cv:/opt/ros/humble /usr/bin/cmake /home/unique/ros2_ws/ros_test/src/realtime_launch -DCMAKE_INSTALL_PREFIX=/home/unique/ros2_ws/ros_test/install/realtime_launch
[0.646s] -- The C compiler identification is GNU 11.4.0
[2.974s] -- The CXX compiler identification is GNU 11.4.0
[4.172s] -- Detecting C compiler ABI info
[4.586s] -- Detecting C compiler ABI info - done
[4.594s] -- Check for working C compiler: /usr/bin/cc - skipped
[4.594s] -- Detecting C compile features
[4.594s] -- Detecting C compile features - done
[4.597s] -- Detecting CXX compiler ABI info
[5.111s] -- Detecting CXX compiler ABI info - done
[5.121s] -- Check for working CXX compiler: /usr/bin/c++ - skipped
[5.121s] -- Detecting CXX compile features
[5.122s] -- Detecting CXX compile features - done
[5.132s] -- Found ament_cmake: 1.3.14 (/opt/ros/humble/share/ament_cmake/cmake)
[5.418s] -- Found Python3: /usr/bin/python3 (found version "3.10.12") found components: Interpreter 
[5.633s] -- Found ament_lint_auto: 0.12.15 (/opt/ros/humble/share/ament_lint_auto/cmake)
[5.811s] -- Added test 'flake8' to check Python code syntax and style conventions
[5.813s] -- Added test 'lint_cmake' to check CMake code style
[5.815s] -- Added test 'pep257' to check Python code against some of the docstring style conventions in PEP 257
[5.819s] -- Added test 'xmllint' to check XML markup files
[5.824s] -- Configuring done
[5.830s] -- Generating done
[5.834s] -- Build files have been written to: /home/unique/ros2_ws/ros_test/build/realtime_launch
[5.843s] Invoked command in '/home/unique/ros2_ws/ros_test/build/realtime_launch' returned '0': CMAKE_PREFIX_PATH=${CMAKE_PREFIX_PATH}:/home/unique/ros2_ws/ros2_21_tutorials/install/learning_urdf:/home/unique/ros2_ws/ros2_21_tutorials/install/learning_topic:/home/unique/ros2_ws/ros2_21_tutorials/install/learning_tf:/home/unique/ros2_ws/ros2_21_tutorials/install/learning_service:/home/unique/ros2_ws/ros2_21_tutorials/install/learning_qos:/home/unique/ros2_ws/ros2_21_tutorials/install/learning_pkg_python:/home/unique/ros2_ws/ros2_21_tutorials/install/learning_parameter:/home/unique/ros2_ws/ros2_21_tutorials/install/learning_node:/home/unique/ros2_ws/ros2_21_tutorials/install/learning_launch:/home/unique/ros2_ws/ros2_21_tutorials/install/learning_action:/home/unique/ros2_ws/ros2_21_tutorials/install/learning_gazebo_harmonic:/home/unique/ros2_ws/ros2_21_tutorials/install/learning_gazebo:/home/unique/ros2_ws/ros2_21_tutorials/install/learning_cv:/opt/ros/humble /usr/bin/cmake /home/unique/ros2_ws/ros_test/src/realtime_launch -DCMAKE_INSTALL_PREFIX=/home/unique/ros2_ws/ros_test/install/realtime_launch
[5.846s] Invoking command in '/home/unique/ros2_ws/ros_test/build/realtime_launch': CMAKE_PREFIX_PATH=${CMAKE_PREFIX_PATH}:/home/unique/ros2_ws/ros2_21_tutorials/install/learning_urdf:/home/unique/ros2_ws/ros2_21_tutorials/install/learning_topic:/home/unique/ros2_ws/ros2_21_tutorials/install/learning_tf:/home/unique/ros2_ws/ros2_21_tutorials/install/learning_service:/home/unique/ros2_ws/ros2_21_tutorials/install/learning_qos:/home/unique/ros2_ws/ros2_21_tutorials/install/learning_pkg_python:/home/unique/ros2_ws/ros2_21_tutorials/install/learning_parameter:/home/unique/ros2_ws/ros2_21_tutorials/install/learning_node:/home/unique/ros2_ws/ros2_21_tutorials/install/learning_launch:/home/unique/ros2_ws/ros2_21_tutorials/install/learning_action:/home/unique/ros2_ws/ros2_21_tutorials/install/learning_gazebo_harmonic:/home/unique/ros2_ws/ros2_21_tutorials/install/learning_gazebo:/home/unique/ros2_ws/ros2_21_tutorials/install/learning_cv:/opt/ros/humble /usr/bin/cmake --build /home/unique/ros2_ws/ros_test/build/realtime_launch -- -j8 -l8
[5.920s] Invoked command in '/home/unique/ros2_ws/ros_test/build/realtime_launch' returned '0': CMAKE_PREFIX_PATH=${CMAKE_PREFIX_PATH}:/home/unique/ros2_ws/ros2_21_tutorials/install/learning_urdf:/home/unique/ros2_ws/ros2_21_tutorials/install/learning_topic:/home/unique/ros2_ws/ros2_21_tutorials/install/learning_tf:/home/unique/ros2_ws/ros2_21_tutorials/install/learning_service:/home/unique/ros2_ws/ros2_21_tutorials/install/learning_qos:/home/unique/ros2_ws/ros2_21_tutorials/install/learning_pkg_python:/home/unique/ros2_ws/ros2_21_tutorials/install/learning_parameter:/home/unique/ros2_ws/ros2_21_tutorials/install/learning_node:/home/unique/ros2_ws/ros2_21_tutorials/install/learning_launch:/home/unique/ros2_ws/ros2_21_tutorials/install/learning_action:/home/unique/ros2_ws/ros2_21_tutorials/install/learning_gazebo_harmonic:/home/unique/ros2_ws/ros2_21_tutorials/install/learning_gazebo:/home/unique/ros2_ws/ros2_21_tutorials/install/learning_cv:/opt/ros/humble /usr/bin/cmake --build /home/unique/ros2_ws/ros_test/build/realtime_launch -- -j8 -l8
[5.940s] Invoking command in '/home/unique/ros2_ws/ros_test/build/realtime_launch': CMAKE_PREFIX_PATH=${CMAKE_PREFIX_PATH}:/home/unique/ros2_ws/ros2_21_tutorials/install/learning_urdf:/home/unique/ros2_ws/ros2_21_tutorials/install/learning_topic:/home/unique/ros2_ws/ros2_21_tutorials/install/learning_tf:/home/unique/ros2_ws/ros2_21_tutorials/install/learning_service:/home/unique/ros2_ws/ros2_21_tutorials/install/learning_qos:/home/unique/ros2_ws/ros2_21_tutorials/install/learning_pkg_python:/home/unique/ros2_ws/ros2_21_tutorials/install/learning_parameter:/home/unique/ros2_ws/ros2_21_tutorials/install/learning_node:/home/unique/ros2_ws/ros2_21_tutorials/install/learning_launch:/home/unique/ros2_ws/ros2_21_tutorials/install/learning_action:/home/unique/ros2_ws/ros2_21_tutorials/install/learning_gazebo_harmonic:/home/unique/ros2_ws/ros2_21_tutorials/install/learning_gazebo:/home/unique/ros2_ws/ros2_21_tutorials/install/learning_cv:/opt/ros/humble /usr/bin/cmake --install /home/unique/ros2_ws/ros_test/build/realtime_launch
[5.952s] -- Install configuration: ""
[5.952s] -- Installing: /home/unique/ros2_ws/ros_test/install/realtime_launch/share/realtime_launch/launch
[5.952s] -- Installing: /home/unique/ros2_ws/ros_test/install/realtime_launch/share/realtime_launch/launch/realtime.launch.py
[5.953s] -- Installing: /home/unique/ros2_ws/ros_test/install/realtime_launch/share/ament_index/resource_index/package_run_dependencies/realtime_launch
[5.953s] -- Installing: /home/unique/ros2_ws/ros_test/install/realtime_launch/share/ament_index/resource_index/parent_prefix_path/realtime_launch
[5.954s] -- Installing: /home/unique/ros2_ws/ros_test/install/realtime_launch/share/realtime_launch/environment/ament_prefix_path.sh
[5.954s] -- Installing: /home/unique/ros2_ws/ros_test/install/realtime_launch/share/realtime_launch/environment/ament_prefix_path.dsv
[5.954s] -- Installing: /home/unique/ros2_ws/ros_test/install/realtime_launch/share/realtime_launch/environment/path.sh
[5.955s] -- Installing: /home/unique/ros2_ws/ros_test/install/realtime_launch/share/realtime_launch/environment/path.dsv
[5.955s] -- Installing: /home/unique/ros2_ws/ros_test/install/realtime_launch/share/realtime_launch/local_setup.bash
[5.955s] -- Installing: /home/unique/ros2_ws/ros_test/install/realtime_launch/share/realtime_launch/local_setup.sh
[5.955s] -- Installing: /home/unique/ros2_ws/ros_test/install/realtime_launch/share/realtime_launch/local_setup.zsh
[5.955s] -- Installing: /home/unique/ros2_ws/ros_test/install/realtime_launch/share/realtime_launch/local_setup.dsv
[5.956s] -- Installing: /home/unique/ros2_ws/ros_test/install/realtime_launch/share/realtime_launch/package.dsv
[5.956s] -- Installing: /home/unique/ros2_ws/ros_test/install/realtime_launch/share/ament_index/resource_index/packages/realtime_launch
[5.956s] -- Installing: /home/unique/ros2_ws/ros_test/install/realtime_launch/share/realtime_launch/cmake/realtime_launchConfig.cmake
[5.957s] -- Installing: /home/unique/ros2_ws/ros_test/install/realtime_launch/share/realtime_launch/cmake/realtime_launchConfig-version.cmake
[5.957s] -- Installing: /home/unique/ros2_ws/ros_test/install/realtime_launch/share/realtime_launch/package.xml
[5.961s] Invoked command in '/home/unique/ros2_ws/ros_test/build/realtime_launch' returned '0': CMAKE_PREFIX_PATH=${CMAKE_PREFIX_PATH}:/home/unique/ros2_ws/ros2_21_tutorials/install/learning_urdf:/home/unique/ros2_ws/ros2_21_tutorials/install/learning_topic:/home/unique/ros2_ws/ros2_21_tutorials/install/learning_tf:/home/unique/ros2_ws/ros2_21_tutorials/install/learning_service:/home/unique/ros2_ws/ros2_21_tutorials/install/learning_qos:/home/unique/ros2_ws/ros2_21_tutorials/install/learning_pkg_python:/home/unique/ros2_ws/ros2_21_tutorials/install/learning_parameter:/home/unique/ros2_ws/ros2_21_tutorials/install/learning_node:/home/unique/ros2_ws/ros2_21_tutorials/install/learning_launch:/home/unique/ros2_ws/ros2_21_tutorials/install/learning_action:/home/unique/ros2_ws/ros2_21_tutorials/install/learning_gazebo_harmonic:/home/unique/ros2_ws/ros2_21_tutorials/install/learning_gazebo:/home/unique/ros2_ws/ros2_21_tutorials/install/learning_cv:/opt/ros/humble /usr/bin/cmake --install /home/unique/ros2_ws/ros_test/build/realtime_launch
