[0.048s] Invoking command in '/home/unique/ros2_ws/ros_test/build/realtime_common': CMAKE_PREFIX_PATH=${CMAKE_PREFIX_PATH}:/home/unique/ros2_ws/ros2_21_tutorials/install/learning_urdf:/home/unique/ros2_ws/ros2_21_tutorials/install/learning_topic:/home/unique/ros2_ws/ros2_21_tutorials/install/learning_tf:/home/unique/ros2_ws/ros2_21_tutorials/install/learning_service:/home/unique/ros2_ws/ros2_21_tutorials/install/learning_qos:/home/unique/ros2_ws/ros2_21_tutorials/install/learning_pkg_python:/home/unique/ros2_ws/ros2_21_tutorials/install/learning_parameter:/home/unique/ros2_ws/ros2_21_tutorials/install/learning_node:/home/unique/ros2_ws/ros2_21_tutorials/install/learning_launch:/home/unique/ros2_ws/ros2_21_tutorials/install/learning_action:/home/unique/ros2_ws/ros2_21_tutorials/install/learning_gazebo_harmonic:/home/unique/ros2_ws/ros2_21_tutorials/install/learning_gazebo:/home/unique/ros2_ws/ros2_21_tutorials/install/learning_cv:/opt/ros/humble /usr/bin/cmake /home/unique/ros2_ws/ros_test/src/realtime_common -DCMAKE_INSTALL_PREFIX=/home/unique/ros2_ws/ros_test/install/realtime_common
[0.661s] -- The C compiler identification is GNU 11.4.0
[2.669s] -- The CXX compiler identification is GNU 11.4.0
[3.724s] -- Detecting C compiler ABI info
[4.197s] -- Detecting C compiler ABI info - done
[4.206s] -- Check for working C compiler: /usr/bin/cc - skipped
[4.206s] -- Detecting C compile features
[4.207s] -- Detecting C compile features - done
[4.213s] -- Detecting CXX compiler ABI info
[4.690s] -- Detecting CXX compiler ABI info - done
[4.698s] -- Check for working CXX compiler: /usr/bin/c++ - skipped
[4.699s] -- Detecting CXX compile features
[4.699s] -- Detecting CXX compile features - done
[4.718s] -- Found ament_cmake: 1.3.14 (/opt/ros/humble/share/ament_cmake/cmake)
[5.025s] -- Found Python3: /usr/bin/python3 (found version "3.10.12") found components: Interpreter 
[5.292s] -- Found rclcpp: 16.0.19 (/opt/ros/humble/share/rclcpp/cmake)
[5.942s] -- Found rosidl_generator_c: 3.1.8 (/opt/ros/humble/share/rosidl_generator_c/cmake)
[5.962s] -- Found rosidl_adapter: 3.1.8 (/opt/ros/humble/share/rosidl_adapter/cmake)
[5.991s] -- Found rosidl_generator_cpp: 3.1.8 (/opt/ros/humble/share/rosidl_generator_cpp/cmake)
[6.030s] -- Using all available rosidl_typesupport_c: rosidl_typesupport_fastrtps_c;rosidl_typesupport_introspection_c
[6.086s] -- Using all available rosidl_typesupport_cpp: rosidl_typesupport_fastrtps_cpp;rosidl_typesupport_introspection_cpp
[6.219s] -- Found rmw_implementation_cmake: 6.1.2 (/opt/ros/humble/share/rmw_implementation_cmake/cmake)
[6.231s] -- Found rmw_fastrtps_cpp: 6.2.10 (/opt/ros/humble/share/rmw_fastrtps_cpp/cmake)
[8.111s] -- Found OpenSSL: /usr/lib/x86_64-linux-gnu/libcrypto.so (found version "3.0.2")  
[10.144s] -- Found FastRTPS: /opt/ros/humble/include  
[13.395s] -- Using RMW implementation 'rmw_fastrtps_cpp' as default
[13.434s] -- Looking for pthread.h
[13.761s] -- Looking for pthread.h - found
[13.761s] -- Performing Test CMAKE_HAVE_LIBC_PTHREAD
[14.065s] -- Performing Test CMAKE_HAVE_LIBC_PTHREAD - Success
[14.067s] -- Found Threads: TRUE  
[14.171s] -- Found ament_lint_auto: 0.12.15 (/opt/ros/humble/share/ament_lint_auto/cmake)
[14.293s] -- Added test 'cppcheck' to perform static code analysis on C / C++ code
[14.293s] -- Configured cppcheck include dirs: $<BUILD_INTERFACE:/home/unique/ros2_ws/ros_test/src/realtime_common/include>
[14.294s] -- Configured cppcheck exclude dirs and/or files: 
[14.295s] -- Added test 'lint_cmake' to check CMake code style
[14.297s] -- Added test 'uncrustify' to check C / C++ code style
[14.297s] -- Configured uncrustify additional arguments: 
[14.298s] -- Added test 'xmllint' to check XML markup files
[14.302s] -- Configuring done
[14.310s] -- Generating done
[14.312s] -- Build files have been written to: /home/unique/ros2_ws/ros_test/build/realtime_common
[14.328s] Invoked command in '/home/unique/ros2_ws/ros_test/build/realtime_common' returned '0': CMAKE_PREFIX_PATH=${CMAKE_PREFIX_PATH}:/home/unique/ros2_ws/ros2_21_tutorials/install/learning_urdf:/home/unique/ros2_ws/ros2_21_tutorials/install/learning_topic:/home/unique/ros2_ws/ros2_21_tutorials/install/learning_tf:/home/unique/ros2_ws/ros2_21_tutorials/install/learning_service:/home/unique/ros2_ws/ros2_21_tutorials/install/learning_qos:/home/unique/ros2_ws/ros2_21_tutorials/install/learning_pkg_python:/home/unique/ros2_ws/ros2_21_tutorials/install/learning_parameter:/home/unique/ros2_ws/ros2_21_tutorials/install/learning_node:/home/unique/ros2_ws/ros2_21_tutorials/install/learning_launch:/home/unique/ros2_ws/ros2_21_tutorials/install/learning_action:/home/unique/ros2_ws/ros2_21_tutorials/install/learning_gazebo_harmonic:/home/unique/ros2_ws/ros2_21_tutorials/install/learning_gazebo:/home/unique/ros2_ws/ros2_21_tutorials/install/learning_cv:/opt/ros/humble /usr/bin/cmake /home/unique/ros2_ws/ros_test/src/realtime_common -DCMAKE_INSTALL_PREFIX=/home/unique/ros2_ws/ros_test/install/realtime_common
[14.332s] Invoking command in '/home/unique/ros2_ws/ros_test/build/realtime_common': CMAKE_PREFIX_PATH=${CMAKE_PREFIX_PATH}:/home/unique/ros2_ws/ros2_21_tutorials/install/learning_urdf:/home/unique/ros2_ws/ros2_21_tutorials/install/learning_topic:/home/unique/ros2_ws/ros2_21_tutorials/install/learning_tf:/home/unique/ros2_ws/ros2_21_tutorials/install/learning_service:/home/unique/ros2_ws/ros2_21_tutorials/install/learning_qos:/home/unique/ros2_ws/ros2_21_tutorials/install/learning_pkg_python:/home/unique/ros2_ws/ros2_21_tutorials/install/learning_parameter:/home/unique/ros2_ws/ros2_21_tutorials/install/learning_node:/home/unique/ros2_ws/ros2_21_tutorials/install/learning_launch:/home/unique/ros2_ws/ros2_21_tutorials/install/learning_action:/home/unique/ros2_ws/ros2_21_tutorials/install/learning_gazebo_harmonic:/home/unique/ros2_ws/ros2_21_tutorials/install/learning_gazebo:/home/unique/ros2_ws/ros2_21_tutorials/install/learning_cv:/opt/ros/humble /usr/bin/cmake --build /home/unique/ros2_ws/ros_test/build/realtime_common -- -j8 -l8
[14.388s] Invoked command in '/home/unique/ros2_ws/ros_test/build/realtime_common' returned '0': CMAKE_PREFIX_PATH=${CMAKE_PREFIX_PATH}:/home/unique/ros2_ws/ros2_21_tutorials/install/learning_urdf:/home/unique/ros2_ws/ros2_21_tutorials/install/learning_topic:/home/unique/ros2_ws/ros2_21_tutorials/install/learning_tf:/home/unique/ros2_ws/ros2_21_tutorials/install/learning_service:/home/unique/ros2_ws/ros2_21_tutorials/install/learning_qos:/home/unique/ros2_ws/ros2_21_tutorials/install/learning_pkg_python:/home/unique/ros2_ws/ros2_21_tutorials/install/learning_parameter:/home/unique/ros2_ws/ros2_21_tutorials/install/learning_node:/home/unique/ros2_ws/ros2_21_tutorials/install/learning_launch:/home/unique/ros2_ws/ros2_21_tutorials/install/learning_action:/home/unique/ros2_ws/ros2_21_tutorials/install/learning_gazebo_harmonic:/home/unique/ros2_ws/ros2_21_tutorials/install/learning_gazebo:/home/unique/ros2_ws/ros2_21_tutorials/install/learning_cv:/opt/ros/humble /usr/bin/cmake --build /home/unique/ros2_ws/ros_test/build/realtime_common -- -j8 -l8
[14.391s] Invoking command in '/home/unique/ros2_ws/ros_test/build/realtime_common': CMAKE_PREFIX_PATH=${CMAKE_PREFIX_PATH}:/home/unique/ros2_ws/ros2_21_tutorials/install/learning_urdf:/home/unique/ros2_ws/ros2_21_tutorials/install/learning_topic:/home/unique/ros2_ws/ros2_21_tutorials/install/learning_tf:/home/unique/ros2_ws/ros2_21_tutorials/install/learning_service:/home/unique/ros2_ws/ros2_21_tutorials/install/learning_qos:/home/unique/ros2_ws/ros2_21_tutorials/install/learning_pkg_python:/home/unique/ros2_ws/ros2_21_tutorials/install/learning_parameter:/home/unique/ros2_ws/ros2_21_tutorials/install/learning_node:/home/unique/ros2_ws/ros2_21_tutorials/install/learning_launch:/home/unique/ros2_ws/ros2_21_tutorials/install/learning_action:/home/unique/ros2_ws/ros2_21_tutorials/install/learning_gazebo_harmonic:/home/unique/ros2_ws/ros2_21_tutorials/install/learning_gazebo:/home/unique/ros2_ws/ros2_21_tutorials/install/learning_cv:/opt/ros/humble /usr/bin/cmake --install /home/unique/ros2_ws/ros_test/build/realtime_common
[14.402s] -- Install configuration: ""
[14.402s] -- Installing: /home/unique/ros2_ws/ros_test/install/realtime_common/include
[14.402s] -- Installing: /home/unique/ros2_ws/ros_test/install/realtime_common/include/realtime_common
[14.403s] -- Installing: /home/unique/ros2_ws/ros_test/install/realtime_common/include/realtime_common/rt_utils.hpp
[14.403s] -- Installing: /home/unique/ros2_ws/ros_test/install/realtime_common/include/realtime_common/SPSC_ringbuffer.hpp
[14.403s] -- Installing: /home/unique/ros2_ws/ros_test/install/realtime_common/include/realtime_common/SPSC_queue.hpp
[14.404s] -- Installing: /home/unique/ros2_ws/ros_test/install/realtime_common/share/ament_index/resource_index/package_run_dependencies/realtime_common
[14.404s] -- Installing: /home/unique/ros2_ws/ros_test/install/realtime_common/share/ament_index/resource_index/parent_prefix_path/realtime_common
[14.404s] -- Installing: /home/unique/ros2_ws/ros_test/install/realtime_common/share/realtime_common/environment/ament_prefix_path.sh
[14.404s] -- Installing: /home/unique/ros2_ws/ros_test/install/realtime_common/share/realtime_common/environment/ament_prefix_path.dsv
[14.405s] -- Installing: /home/unique/ros2_ws/ros_test/install/realtime_common/share/realtime_common/environment/path.sh
[14.405s] -- Installing: /home/unique/ros2_ws/ros_test/install/realtime_common/share/realtime_common/environment/path.dsv
[14.405s] -- Installing: /home/unique/ros2_ws/ros_test/install/realtime_common/share/realtime_common/local_setup.bash
[14.405s] -- Installing: /home/unique/ros2_ws/ros_test/install/realtime_common/share/realtime_common/local_setup.sh
[14.406s] -- Installing: /home/unique/ros2_ws/ros_test/install/realtime_common/share/realtime_common/local_setup.zsh
[14.406s] -- Installing: /home/unique/ros2_ws/ros_test/install/realtime_common/share/realtime_common/local_setup.dsv
[14.406s] -- Installing: /home/unique/ros2_ws/ros_test/install/realtime_common/share/realtime_common/package.dsv
[14.406s] -- Installing: /home/unique/ros2_ws/ros_test/install/realtime_common/share/ament_index/resource_index/packages/realtime_common
[14.407s] -- Installing: /home/unique/ros2_ws/ros_test/install/realtime_common/share/realtime_common/cmake/export_realtime_commonExport.cmake
[14.407s] -- Installing: /home/unique/ros2_ws/ros_test/install/realtime_common/share/realtime_common/cmake/ament_cmake_export_targets-extras.cmake
[14.407s] -- Installing: /home/unique/ros2_ws/ros_test/install/realtime_common/share/realtime_common/cmake/ament_cmake_export_include_directories-extras.cmake
[14.408s] -- Installing: /home/unique/ros2_ws/ros_test/install/realtime_common/share/realtime_common/cmake/realtime_commonConfig.cmake
[14.408s] -- Installing: /home/unique/ros2_ws/ros_test/install/realtime_common/share/realtime_common/cmake/realtime_commonConfig-version.cmake
[14.408s] -- Installing: /home/unique/ros2_ws/ros_test/install/realtime_common/share/realtime_common/package.xml
[14.412s] Invoked command in '/home/unique/ros2_ws/ros_test/build/realtime_common' returned '0': CMAKE_PREFIX_PATH=${CMAKE_PREFIX_PATH}:/home/unique/ros2_ws/ros2_21_tutorials/install/learning_urdf:/home/unique/ros2_ws/ros2_21_tutorials/install/learning_topic:/home/unique/ros2_ws/ros2_21_tutorials/install/learning_tf:/home/unique/ros2_ws/ros2_21_tutorials/install/learning_service:/home/unique/ros2_ws/ros2_21_tutorials/install/learning_qos:/home/unique/ros2_ws/ros2_21_tutorials/install/learning_pkg_python:/home/unique/ros2_ws/ros2_21_tutorials/install/learning_parameter:/home/unique/ros2_ws/ros2_21_tutorials/install/learning_node:/home/unique/ros2_ws/ros2_21_tutorials/install/learning_launch:/home/unique/ros2_ws/ros2_21_tutorials/install/learning_action:/home/unique/ros2_ws/ros2_21_tutorials/install/learning_gazebo_harmonic:/home/unique/ros2_ws/ros2_21_tutorials/install/learning_gazebo:/home/unique/ros2_ws/ros2_21_tutorials/install/learning_cv:/opt/ros/humble /usr/bin/cmake --install /home/unique/ros2_ws/ros_test/build/realtime_common
