[0.022s] Invoking command in '/home/unique/ros2_ws/ros_test/build/high_prior': CMAKE_PREFIX_PATH=/opt/ros/humble /usr/bin/cmake /home/unique/ros2_ws/ros_test/src/high_prior -DCMAKE_INSTALL_PREFIX=/home/unique/ros2_ws/ros_test/install/high_prior
[0.051s] -- Found ament_cmake: 1.3.14 (/opt/ros/humble/share/ament_cmake/cmake)
[0.292s] -- Found rclcpp: 16.0.19 (/opt/ros/humble/share/rclcpp/cmake)
[0.699s] -- Found rosidl_generator_c: 3.1.8 (/opt/ros/humble/share/rosidl_generator_c/cmake)
[0.702s] -- Found rosidl_adapter: 3.1.8 (/opt/ros/humble/share/rosidl_adapter/cmake)
[0.710s] -- Found rosidl_generator_cpp: 3.1.8 (/opt/ros/humble/share/rosidl_generator_cpp/cmake)
[0.721s] -- Using all available rosidl_typesupport_c: rosidl_typesupport_fastrtps_c;rosidl_typesupport_introspection_c
[0.739s] -- Using all available rosidl_typesupport_cpp: rosidl_typesupport_fastrtps_cpp;rosidl_typesupport_introspection_cpp
[0.788s] -- Found rmw_implementation_cmake: 6.1.2 (/opt/ros/humble/share/rmw_implementation_cmake/cmake)
[0.790s] -- Found rmw_fastrtps_cpp: 6.2.10 (/opt/ros/humble/share/rmw_fastrtps_cpp/cmake)
[5.730s] -- Using RMW implementation 'rmw_fastrtps_cpp' as default
[5.781s] -- Found rclcpp_components: 16.0.19 (/opt/ros/humble/share/rclcpp_components/cmake)
[5.799s] -- Found sensor_msgs: 4.9.1 (/opt/ros/humble/share/sensor_msgs/cmake)
[5.825s] -- Found realtime_common: 0.0.0 (/home/unique/ros2_ws/ros_test/install/realtime_common/share/realtime_common/cmake)
[5.826s] CMake Error at /home/unique/ros2_ws/ros_test/install/realtime_common/share/realtime_common/cmake/ament_cmake_export_libraries-extras.cmake:48 (message):
[5.827s]   Package 'realtime_common' exports the library 'realtime_common' which
[5.827s]   couldn't be found
[5.827s] Call Stack (most recent call first):
[5.827s]   /home/unique/ros2_ws/ros_test/install/realtime_common/share/realtime_common/cmake/realtime_commonConfig.cmake:41 (include)
[5.827s]   CMakeLists.txt:14 (find_package)
[5.827s] 
[5.827s] 
[5.827s] -- Configuring incomplete, errors occurred!
[5.827s] See also "/home/unique/ros2_ws/ros_test/build/high_prior/CMakeFiles/CMakeOutput.log".
[5.838s] Invoked command in '/home/unique/ros2_ws/ros_test/build/high_prior' returned '1': CMAKE_PREFIX_PATH=/opt/ros/humble /usr/bin/cmake /home/unique/ros2_ws/ros_test/src/high_prior -DCMAKE_INSTALL_PREFIX=/home/unique/ros2_ws/ros_test/install/high_prior
