-- Found ament_cmake: 1.3.14 (/opt/ros/humble/share/ament_cmake/cmake)
-- Found rclcpp: 16.0.19 (/opt/ros/humble/share/rclcpp/cmake)
-- Found rosidl_generator_c: 3.1.8 (/opt/ros/humble/share/rosidl_generator_c/cmake)
-- Found rosidl_adapter: 3.1.8 (/opt/ros/humble/share/rosidl_adapter/cmake)
-- Found rosidl_generator_cpp: 3.1.8 (/opt/ros/humble/share/rosidl_generator_cpp/cmake)
-- Using all available rosidl_typesupport_c: rosidl_typesupport_fastrtps_c;rosidl_typesupport_introspection_c
-- Using all available rosidl_typesupport_cpp: rosidl_typesupport_fastrtps_cpp;rosidl_typesupport_introspection_cpp
-- Found rmw_implementation_cmake: 6.1.2 (/opt/ros/humble/share/rmw_implementation_cmake/cmake)
-- Found rmw_fastrtps_cpp: 6.2.10 (/opt/ros/humble/share/rmw_fastrtps_cpp/cmake)
-- Using RMW implementation 'rmw_fastrtps_cpp' as default
-- Found rclcpp_components: 16.0.19 (/opt/ros/humble/share/rclcpp_components/cmake)
-- Found realtime_common: 0.0.0 (/home/unique/ros2_ws/ros_test/install/realtime_common/share/realtime_common/cmake)
-- Found main_interface: 0.0.0 (/home/unique/ros2_ws/ros_test/install/main_interface/share/main_interface/cmake)
-- Found ament_lint_auto: 0.12.15 (/opt/ros/humble/share/ament_lint_auto/cmake)
WARNING: Package name "IOringbuffer" does not follow the naming conventions. It should start with a lower case letter and only contain lower case letters, digits, underscores, and dashes.
-- Added test 'cppcheck' to perform static code analysis on C / C++ code
-- Configured cppcheck include dirs: $<BUILD_INTERFACE:/home/unique/ros2_ws/ros_test/src/IOringbuffer/include>
-- Configured cppcheck exclude dirs and/or files: 
-- Added test 'lint_cmake' to check CMake code style
-- Added test 'uncrustify' to check C / C++ code style
-- Configured uncrustify additional arguments: 
-- Added test 'xmllint' to check XML markup files
-- Configuring done
-- Generating done
-- Build files have been written to: /home/unique/ros2_ws/ros_test/build/IOringbuffer
[ 50%] [32mBuilding CXX object CMakeFiles/IOringbuffer.dir/src/IOringbuffer.cpp.o[0m
In file included from [01m[K/home/unique/ros2_ws/ros_test/src/IOringbuffer/include/IOringbuffer/IOringbuffer.hpp:5[m[K,
                 from [01m[K/home/unique/ros2_ws/ros_test/src/IOringbuffer/src/IOringbuffer.cpp:1[m[K:
/home/unique/ros2_ws/ros_test/install/realtime_common/include/realtime_common/SPSC_ringbuffer.hpp: In instantiation of ‘[01m[Kclass realtime_common::SPSCRingBuffer<main_interface::msg::ByteRow_<std::allocator<void> >, 200>[m[K’:
[01m[K/home/unique/ros2_ws/ros_test/src/IOringbuffer/include/IOringbuffer/IOringbuffer.hpp:39:72:[m[K   required from here
[01m[K/home/unique/ros2_ws/ros_test/install/realtime_common/include/realtime_common/SPSC_ringbuffer.hpp:33:22:[m[K [01;31m[Kerror: [m[Kstatic assertion failed: SPSCRingBuffer requires trivially copyable type
   33 |   static_assert([01;31m[Kstd::is_trivially_copyable_v<T>[m[K,
      |                 [01;31m[K~~~~~^~~~~~~~~~~~~~~~~~~~~~~~~~[m[K
[01m[K/home/unique/ros2_ws/ros_test/install/realtime_common/include/realtime_common/SPSC_ringbuffer.hpp:33:22:[m[K [01;36m[Knote: [m[K‘[01m[Kstd::is_trivially_copyable_v<main_interface::msg::ByteRow_<std::allocator<void> > >[m[K’ evaluates to false
[01m[K/home/unique/ros2_ws/ros_test/install/realtime_common/include/realtime_common/SPSC_ringbuffer.hpp:35:45:[m[K [01;31m[Kerror: [m[Kstatic assertion failed: Capacity must be power of two
   35 |   static_assert([01;31m[K(Capacity & (Capacity - 1)) == 0[m[K,
      |                 [01;31m[K~~~~~~~~~~~~~~~~~~~~~~~~~~~~^~~~[m[K
[01m[K/home/unique/ros2_ws/ros_test/install/realtime_common/include/realtime_common/SPSC_ringbuffer.hpp:35:45:[m[K [01;36m[Knote: [m[K‘[01m[K((200 & (200 - 1)) == 0)[m[K’ evaluates to false
/home/unique/ros2_ws/ros_test/install/realtime_common/include/realtime_common/SPSC_ringbuffer.hpp: In instantiation of ‘[01m[Kclass realtime_common::SPSCRingBuffer<main_interface::msg::ByteRow_<std::allocator<void> >, 100>[m[K’:
[01m[K/home/unique/ros2_ws/ros_test/src/IOringbuffer/include/IOringbuffer/IOringbuffer.hpp:40:72:[m[K   required from here
[01m[K/home/unique/ros2_ws/ros_test/install/realtime_common/include/realtime_common/SPSC_ringbuffer.hpp:33:22:[m[K [01;31m[Kerror: [m[Kstatic assertion failed: SPSCRingBuffer requires trivially copyable type
   33 |   static_assert([01;31m[Kstd::is_trivially_copyable_v<T>[m[K,
      |                 [01;31m[K~~~~~^~~~~~~~~~~~~~~~~~~~~~~~~~[m[K
[01m[K/home/unique/ros2_ws/ros_test/install/realtime_common/include/realtime_common/SPSC_ringbuffer.hpp:33:22:[m[K [01;36m[Knote: [m[K‘[01m[Kstd::is_trivially_copyable_v<main_interface::msg::ByteRow_<std::allocator<void> > >[m[K’ evaluates to false
[01m[K/home/unique/ros2_ws/ros_test/install/realtime_common/include/realtime_common/SPSC_ringbuffer.hpp:35:45:[m[K [01;31m[Kerror: [m[Kstatic assertion failed: Capacity must be power of two
   35 |   static_assert([01;31m[K(Capacity & (Capacity - 1)) == 0[m[K,
      |                 [01;31m[K~~~~~~~~~~~~~~~~~~~~~~~~~~~~^~~~[m[K
[01m[K/home/unique/ros2_ws/ros_test/install/realtime_common/include/realtime_common/SPSC_ringbuffer.hpp:35:45:[m[K [01;36m[Knote: [m[K‘[01m[K((100 & (100 - 1)) == 0)[m[K’ evaluates to false
[01m[K/home/unique/ros2_ws/ros_test/src/IOringbuffer/src/IOringbuffer.cpp:[m[K In member function ‘[01m[Kbool io_ringbuffer::IOringbuffer::read_hardware(main_interface::msg::ByteRow&)[m[K’:
[01m[K/home/unique/ros2_ws/ros_test/src/IOringbuffer/src/IOringbuffer.cpp:171:65:[m[K [01;35m[Kwarning: [m[Kunused parameter ‘[01m[Kdata[m[K’ [[01;35m[K]8;;https://gcc.gnu.org/onlinedocs/gcc/Warning-Options.html#index-Wunused-parameter-Wunused-parameter]8;;[m[K]
  171 | bool IOringbuffer::read_hardware([01;35m[Kmain_interface::msg::ByteRow & data[m[K)
      |                                  [01;35m[K~~~~~~~~~~~~~~~~~~~~~~~~~~~~~~~^~~~[m[K
[01m[K/home/unique/ros2_ws/ros_test/src/IOringbuffer/src/IOringbuffer.cpp:[m[K In member function ‘[01m[Kbool io_ringbuffer::IOringbuffer::write_hardware(const ByteRow&)[m[K’:
[01m[K/home/unique/ros2_ws/ros_test/src/IOringbuffer/src/IOringbuffer.cpp:177:72:[m[K [01;35m[Kwarning: [m[Kunused parameter ‘[01m[Kdata[m[K’ [[01;35m[K]8;;https://gcc.gnu.org/onlinedocs/gcc/Warning-Options.html#index-Wunused-parameter-Wunused-parameter]8;;[m[K]
  177 | bool IOringbuffer::write_hardware([01;35m[Kconst main_interface::msg::ByteRow & data[m[K)
      |                                   [01;35m[K~~~~~~~~~~~~~~~~~~~~~~~~~~~~~~~~~~~~~^~~~[m[K
gmake[2]: *** [CMakeFiles/IOringbuffer.dir/build.make:76: CMakeFiles/IOringbuffer.dir/src/IOringbuffer.cpp.o] Error 1
gmake[1]: *** [CMakeFiles/Makefile2:137: CMakeFiles/IOringbuffer.dir/all] Error 2
gmake: *** [Makefile:146: all] Error 2
