[0.299s] Invoking command in '/home/unique/ros2_ws/ros_test/build/IOringbuffer': CMAKE_PREFIX_PATH=/home/unique/ros2_ws/ros_test/install/realtime_common:/home/unique/ros2_ws/ros_test/install/main_interface:/home/unique/ros2_ws/ros_test/install/realtime_launch:/home/unique/ros2_ws/ros_test/install/low_prior:/home/unique/ros2_ws/ros_test/install/high_prior:/home/unique/ros2_ws/install/village_wang:/home/unique/ros2_ws/install/village_interface:/home/unique/ros2_ws/install/my_cpp_pkg:/home/unique/ros2_ws/ros2_21_tutorials/install/learning_topic_cpp:/home/unique/ros2_ws/ros2_21_tutorials/install/learning_tf_cpp:/home/unique/ros2_ws/ros2_21_tutorials/install/learning_service_cpp:/home/unique/ros2_ws/ros2_21_tutorials/install/learning_pkg_c:/home/unique/ros2_ws/ros2_21_tutorials/install/learning_parameter_cpp:/home/unique/ros2_ws/ros2_21_tutorials/install/learning_node_cpp:/home/unique/ros2_ws/ros2_21_tutorials/install/learning_action_cpp:/home/unique/ros2_ws/ros2_21_tutorials/install/learning_interface:/home/unique/ros2_ws/ros2_21_tutorials/install/learning_urdf:/home/unique/ros2_ws/ros2_21_tutorials/install/learning_topic:/home/unique/ros2_ws/ros2_21_tutorials/install/learning_tf:/home/unique/ros2_ws/ros2_21_tutorials/install/learning_service:/home/unique/ros2_ws/ros2_21_tutorials/install/learning_qos:/home/unique/ros2_ws/ros2_21_tutorials/install/learning_pkg_python:/home/unique/ros2_ws/ros2_21_tutorials/install/learning_parameter:/home/unique/ros2_ws/ros2_21_tutorials/install/learning_node:/home/unique/ros2_ws/ros2_21_tutorials/install/learning_launch:/home/unique/ros2_ws/ros2_21_tutorials/install/learning_action:/home/unique/ros2_ws/ros2_21_tutorials/install/learning_gazebo_harmonic:/home/unique/ros2_ws/ros2_21_tutorials/install/learning_gazebo:/home/unique/ros2_ws/ros2_21_tutorials/install/learning_cv:/opt/ros/humble LD_LIBRARY_PATH=/home/unique/ros2_ws/ros_test/install/main_interface/lib:/home/unique/ros2_ws/ros_test/install/low_prior/lib:/home/unique/ros2_ws/ros_test/install/high_prior/lib:/home/unique/ros2_ws/install/village_interface/lib:/home/unique/ros2_ws/ros2_21_tutorials/install/learning_interface/lib:/opt/ros/humble/opt/rviz_ogre_vendor/lib:/opt/ros/humble/lib/x86_64-linux-gnu:/opt/ros/humble/lib /usr/bin/cmake --build /home/unique/ros2_ws/ros_test/build/IOringbuffer -- -j8 -l8
[0.335s] -- Found ament_cmake: 1.3.14 (/opt/ros/humble/share/ament_cmake/cmake)
[0.496s] -- Found rclcpp: 16.0.19 (/opt/ros/humble/share/rclcpp/cmake)
[0.736s] -- Found rosidl_generator_c: 3.1.8 (/opt/ros/humble/share/rosidl_generator_c/cmake)
[0.739s] -- Found rosidl_adapter: 3.1.8 (/opt/ros/humble/share/rosidl_adapter/cmake)
[0.744s] -- Found rosidl_generator_cpp: 3.1.8 (/opt/ros/humble/share/rosidl_generator_cpp/cmake)
[0.758s] -- Using all available rosidl_typesupport_c: rosidl_typesupport_fastrtps_c;rosidl_typesupport_introspection_c
[0.771s] -- Using all available rosidl_typesupport_cpp: rosidl_typesupport_fastrtps_cpp;rosidl_typesupport_introspection_cpp
[0.802s] -- Found rmw_implementation_cmake: 6.1.2 (/opt/ros/humble/share/rmw_implementation_cmake/cmake)
[0.804s] -- Found rmw_fastrtps_cpp: 6.2.10 (/opt/ros/humble/share/rmw_fastrtps_cpp/cmake)
[5.491s] -- Using RMW implementation 'rmw_fastrtps_cpp' as default
[5.545s] -- Found rclcpp_components: 16.0.19 (/opt/ros/humble/share/rclcpp_components/cmake)
[5.595s] -- Found realtime_common: 0.0.0 (/home/unique/ros2_ws/ros_test/install/realtime_common/share/realtime_common/cmake)
[5.596s] -- Found main_interface: 0.0.0 (/home/unique/ros2_ws/ros_test/install/main_interface/share/main_interface/cmake)
[5.606s] -- Found ament_lint_auto: 0.12.15 (/opt/ros/humble/share/ament_lint_auto/cmake)
[5.661s] WARNING: Package name "IOringbuffer" does not follow the naming conventions. It should start with a lower case letter and only contain lower case letters, digits, underscores, and dashes.
[5.676s] -- Added test 'cppcheck' to perform static code analysis on C / C++ code
[5.677s] -- Configured cppcheck include dirs: $<BUILD_INTERFACE:/home/unique/ros2_ws/ros_test/src/IOringbuffer/include>
[5.677s] -- Configured cppcheck exclude dirs and/or files: 
[5.677s] -- Added test 'lint_cmake' to check CMake code style
[5.678s] -- Added test 'uncrustify' to check C / C++ code style
[5.678s] -- Configured uncrustify additional arguments: 
[5.678s] -- Added test 'xmllint' to check XML markup files
[5.679s] -- Configuring done
[5.692s] -- Generating done
[5.697s] -- Build files have been written to: /home/unique/ros2_ws/ros_test/build/IOringbuffer
[5.745s] [ 50%] [32mBuilding CXX object CMakeFiles/IOringbuffer.dir/src/IOringbuffer.cpp.o[0m
[8.352s] In file included from [01m[K/home/unique/ros2_ws/ros_test/src/IOringbuffer/include/IOringbuffer/IOringbuffer.hpp:5[m[K,
[8.352s]                  from [01m[K/home/unique/ros2_ws/ros_test/src/IOringbuffer/src/IOringbuffer.cpp:1[m[K:
[8.353s] /home/unique/ros2_ws/ros_test/install/realtime_common/include/realtime_common/SPSC_ringbuffer.hpp: In instantiation of ‘[01m[Kclass realtime_common::SPSCRingBuffer<main_interface::msg::ByteRow_<std::allocator<void> >, 200>[m[K’:
[8.353s] [01m[K/home/unique/ros2_ws/ros_test/src/IOringbuffer/include/IOringbuffer/IOringbuffer.hpp:39:72:[m[K   required from here
[8.353s] [01m[K/home/unique/ros2_ws/ros_test/install/realtime_common/include/realtime_common/SPSC_ringbuffer.hpp:33:22:[m[K [01;31m[Kerror: [m[Kstatic assertion failed: SPSCRingBuffer requires trivially copyable type
[8.353s]    33 |   static_assert([01;31m[Kstd::is_trivially_copyable_v<T>[m[K,
[8.353s]       |                 [01;31m[K~~~~~^~~~~~~~~~~~~~~~~~~~~~~~~~[m[K
[8.353s] [01m[K/home/unique/ros2_ws/ros_test/install/realtime_common/include/realtime_common/SPSC_ringbuffer.hpp:33:22:[m[K [01;36m[Knote: [m[K‘[01m[Kstd::is_trivially_copyable_v<main_interface::msg::ByteRow_<std::allocator<void> > >[m[K’ evaluates to false
[8.353s] [01m[K/home/unique/ros2_ws/ros_test/install/realtime_common/include/realtime_common/SPSC_ringbuffer.hpp:35:45:[m[K [01;31m[Kerror: [m[Kstatic assertion failed: Capacity must be power of two
[8.353s]    35 |   static_assert([01;31m[K(Capacity & (Capacity - 1)) == 0[m[K,
[8.353s]       |                 [01;31m[K~~~~~~~~~~~~~~~~~~~~~~~~~~~~^~~~[m[K
[8.353s] [01m[K/home/unique/ros2_ws/ros_test/install/realtime_common/include/realtime_common/SPSC_ringbuffer.hpp:35:45:[m[K [01;36m[Knote: [m[K‘[01m[K((200 & (200 - 1)) == 0)[m[K’ evaluates to false
[8.353s] /home/unique/ros2_ws/ros_test/install/realtime_common/include/realtime_common/SPSC_ringbuffer.hpp: In instantiation of ‘[01m[Kclass realtime_common::SPSCRingBuffer<main_interface::msg::ByteRow_<std::allocator<void> >, 100>[m[K’:
[8.353s] [01m[K/home/unique/ros2_ws/ros_test/src/IOringbuffer/include/IOringbuffer/IOringbuffer.hpp:40:72:[m[K   required from here
[8.353s] [01m[K/home/unique/ros2_ws/ros_test/install/realtime_common/include/realtime_common/SPSC_ringbuffer.hpp:33:22:[m[K [01;31m[Kerror: [m[Kstatic assertion failed: SPSCRingBuffer requires trivially copyable type
[8.353s]    33 |   static_assert([01;31m[Kstd::is_trivially_copyable_v<T>[m[K,
[8.353s]       |                 [01;31m[K~~~~~^~~~~~~~~~~~~~~~~~~~~~~~~~[m[K
[8.353s] [01m[K/home/unique/ros2_ws/ros_test/install/realtime_common/include/realtime_common/SPSC_ringbuffer.hpp:33:22:[m[K [01;36m[Knote: [m[K‘[01m[Kstd::is_trivially_copyable_v<main_interface::msg::ByteRow_<std::allocator<void> > >[m[K’ evaluates to false
[8.353s] [01m[K/home/unique/ros2_ws/ros_test/install/realtime_common/include/realtime_common/SPSC_ringbuffer.hpp:35:45:[m[K [01;31m[Kerror: [m[Kstatic assertion failed: Capacity must be power of two
[8.353s]    35 |   static_assert([01;31m[K(Capacity & (Capacity - 1)) == 0[m[K,
[8.353s]       |                 [01;31m[K~~~~~~~~~~~~~~~~~~~~~~~~~~~~^~~~[m[K
[8.353s] [01m[K/home/unique/ros2_ws/ros_test/install/realtime_common/include/realtime_common/SPSC_ringbuffer.hpp:35:45:[m[K [01;36m[Knote: [m[K‘[01m[K((100 & (100 - 1)) == 0)[m[K’ evaluates to false
[8.375s] [01m[K/home/unique/ros2_ws/ros_test/src/IOringbuffer/src/IOringbuffer.cpp:[m[K In member function ‘[01m[Kbool io_ringbuffer::IOringbuffer::read_hardware(main_interface::msg::ByteRow&)[m[K’:
[8.375s] [01m[K/home/unique/ros2_ws/ros_test/src/IOringbuffer/src/IOringbuffer.cpp:171:65:[m[K [01;35m[Kwarning: [m[Kunused parameter ‘[01m[Kdata[m[K’ [[01;35m[K]8;;https://gcc.gnu.org/onlinedocs/gcc/Warning-Options.html#index-Wunused-parameter-Wunused-parameter]8;;[m[K]
[8.375s]   171 | bool IOringbuffer::read_hardware([01;35m[Kmain_interface::msg::ByteRow & data[m[K)
[8.375s]       |                                  [01;35m[K~~~~~~~~~~~~~~~~~~~~~~~~~~~~~~~^~~~[m[K
[8.375s] [01m[K/home/unique/ros2_ws/ros_test/src/IOringbuffer/src/IOringbuffer.cpp:[m[K In member function ‘[01m[Kbool io_ringbuffer::IOringbuffer::write_hardware(const ByteRow&)[m[K’:
[8.375s] [01m[K/home/unique/ros2_ws/ros_test/src/IOringbuffer/src/IOringbuffer.cpp:177:72:[m[K [01;35m[Kwarning: [m[Kunused parameter ‘[01m[Kdata[m[K’ [[01;35m[K]8;;https://gcc.gnu.org/onlinedocs/gcc/Warning-Options.html#index-Wunused-parameter-Wunused-parameter]8;;[m[K]
[8.376s]   177 | bool IOringbuffer::write_hardware([01;35m[Kconst main_interface::msg::ByteRow & data[m[K)
[8.376s]       |                                   [01;35m[K~~~~~~~~~~~~~~~~~~~~~~~~~~~~~~~~~~~~~^~~~[m[K
[11.387s] gmake[2]: *** [CMakeFiles/IOringbuffer.dir/build.make:76: CMakeFiles/IOringbuffer.dir/src/IOringbuffer.cpp.o] Error 1
[11.387s] gmake[1]: *** [CMakeFiles/Makefile2:137: CMakeFiles/IOringbuffer.dir/all] Error 2
[11.387s] gmake: *** [Makefile:146: all] Error 2
[11.392s] Invoked command in '/home/unique/ros2_ws/ros_test/build/IOringbuffer' returned '2': CMAKE_PREFIX_PATH=/home/unique/ros2_ws/ros_test/install/realtime_common:/home/unique/ros2_ws/ros_test/install/main_interface:/home/unique/ros2_ws/ros_test/install/realtime_launch:/home/unique/ros2_ws/ros_test/install/low_prior:/home/unique/ros2_ws/ros_test/install/high_prior:/home/unique/ros2_ws/install/village_wang:/home/unique/ros2_ws/install/village_interface:/home/unique/ros2_ws/install/my_cpp_pkg:/home/unique/ros2_ws/ros2_21_tutorials/install/learning_topic_cpp:/home/unique/ros2_ws/ros2_21_tutorials/install/learning_tf_cpp:/home/unique/ros2_ws/ros2_21_tutorials/install/learning_service_cpp:/home/unique/ros2_ws/ros2_21_tutorials/install/learning_pkg_c:/home/unique/ros2_ws/ros2_21_tutorials/install/learning_parameter_cpp:/home/unique/ros2_ws/ros2_21_tutorials/install/learning_node_cpp:/home/unique/ros2_ws/ros2_21_tutorials/install/learning_action_cpp:/home/unique/ros2_ws/ros2_21_tutorials/install/learning_interface:/home/unique/ros2_ws/ros2_21_tutorials/install/learning_urdf:/home/unique/ros2_ws/ros2_21_tutorials/install/learning_topic:/home/unique/ros2_ws/ros2_21_tutorials/install/learning_tf:/home/unique/ros2_ws/ros2_21_tutorials/install/learning_service:/home/unique/ros2_ws/ros2_21_tutorials/install/learning_qos:/home/unique/ros2_ws/ros2_21_tutorials/install/learning_pkg_python:/home/unique/ros2_ws/ros2_21_tutorials/install/learning_parameter:/home/unique/ros2_ws/ros2_21_tutorials/install/learning_node:/home/unique/ros2_ws/ros2_21_tutorials/install/learning_launch:/home/unique/ros2_ws/ros2_21_tutorials/install/learning_action:/home/unique/ros2_ws/ros2_21_tutorials/install/learning_gazebo_harmonic:/home/unique/ros2_ws/ros2_21_tutorials/install/learning_gazebo:/home/unique/ros2_ws/ros2_21_tutorials/install/learning_cv:/opt/ros/humble LD_LIBRARY_PATH=/home/unique/ros2_ws/ros_test/install/main_interface/lib:/home/unique/ros2_ws/ros_test/install/low_prior/lib:/home/unique/ros2_ws/ros_test/install/high_prior/lib:/home/unique/ros2_ws/install/village_interface/lib:/home/unique/ros2_ws/ros2_21_tutorials/install/learning_interface/lib:/opt/ros/humble/opt/rviz_ogre_vendor/lib:/opt/ros/humble/lib/x86_64-linux-gnu:/opt/ros/humble/lib /usr/bin/cmake --build /home/unique/ros2_ws/ros_test/build/IOringbuffer -- -j8 -l8
