[0.021s] Invoking command in '/home/unique/ros2_ws/ros_test/build/realtime_common': CMAKE_PREFIX_PATH=${CMAKE_PREFIX_PATH}:/home/unique/ros2_ws/ros2_21_tutorials/install/learning_urdf:/home/unique/ros2_ws/ros2_21_tutorials/install/learning_topic:/home/unique/ros2_ws/ros2_21_tutorials/install/learning_tf:/home/unique/ros2_ws/ros2_21_tutorials/install/learning_service:/home/unique/ros2_ws/ros2_21_tutorials/install/learning_qos:/home/unique/ros2_ws/ros2_21_tutorials/install/learning_pkg_python:/home/unique/ros2_ws/ros2_21_tutorials/install/learning_parameter:/home/unique/ros2_ws/ros2_21_tutorials/install/learning_node:/home/unique/ros2_ws/ros2_21_tutorials/install/learning_launch:/home/unique/ros2_ws/ros2_21_tutorials/install/learning_action:/home/unique/ros2_ws/ros2_21_tutorials/install/learning_gazebo_harmonic:/home/unique/ros2_ws/ros2_21_tutorials/install/learning_gazebo:/home/unique/ros2_ws/ros2_21_tutorials/install/learning_cv:/opt/ros/humble /usr/bin/cmake /home/unique/ros2_ws/ros_test/src/realtime_common -DCMAKE_INSTALL_PREFIX=/home/unique/ros2_ws/ros_test/install/realtime_common
[0.056s] -- Found ament_cmake: 1.3.14 (/opt/ros/humble/share/ament_cmake/cmake)
[0.313s] -- Found rclcpp: 16.0.19 (/opt/ros/humble/share/rclcpp/cmake)
[0.873s] -- Found rosidl_generator_c: 3.1.8 (/opt/ros/humble/share/rosidl_generator_c/cmake)
[0.877s] -- Found rosidl_adapter: 3.1.8 (/opt/ros/humble/share/rosidl_adapter/cmake)
[0.885s] -- Found rosidl_generator_cpp: 3.1.8 (/opt/ros/humble/share/rosidl_generator_cpp/cmake)
[0.898s] -- Using all available rosidl_typesupport_c: rosidl_typesupport_fastrtps_c;rosidl_typesupport_introspection_c
[0.915s] -- Using all available rosidl_typesupport_cpp: rosidl_typesupport_fastrtps_cpp;rosidl_typesupport_introspection_cpp
[0.959s] -- Found rmw_implementation_cmake: 6.1.2 (/opt/ros/humble/share/rmw_implementation_cmake/cmake)
[0.961s] -- Found rmw_fastrtps_cpp: 6.2.10 (/opt/ros/humble/share/rmw_fastrtps_cpp/cmake)
[15.860s] -- Using RMW implementation 'rmw_fastrtps_cpp' as default
[15.907s] -- Found ament_lint_auto: 0.12.15 (/opt/ros/humble/share/ament_lint_auto/cmake)
[15.996s] -- Added test 'cppcheck' to perform static code analysis on C / C++ code
[15.996s] -- Configured cppcheck include dirs: $<BUILD_INTERFACE:/home/unique/ros2_ws/ros_test/src/realtime_common/include>
[15.996s] -- Configured cppcheck exclude dirs and/or files: 
[15.997s] -- Added test 'lint_cmake' to check CMake code style
[15.998s] -- Added test 'uncrustify' to check C / C++ code style
[15.998s] -- Configured uncrustify additional arguments: 
[15.998s] -- Added test 'xmllint' to check XML markup files
[15.999s] -- Configuring done
[16.007s] -- Generating done
[16.011s] -- Build files have been written to: /home/unique/ros2_ws/ros_test/build/realtime_common
[16.024s] Invoked command in '/home/unique/ros2_ws/ros_test/build/realtime_common' returned '0': CMAKE_PREFIX_PATH=${CMAKE_PREFIX_PATH}:/home/unique/ros2_ws/ros2_21_tutorials/install/learning_urdf:/home/unique/ros2_ws/ros2_21_tutorials/install/learning_topic:/home/unique/ros2_ws/ros2_21_tutorials/install/learning_tf:/home/unique/ros2_ws/ros2_21_tutorials/install/learning_service:/home/unique/ros2_ws/ros2_21_tutorials/install/learning_qos:/home/unique/ros2_ws/ros2_21_tutorials/install/learning_pkg_python:/home/unique/ros2_ws/ros2_21_tutorials/install/learning_parameter:/home/unique/ros2_ws/ros2_21_tutorials/install/learning_node:/home/unique/ros2_ws/ros2_21_tutorials/install/learning_launch:/home/unique/ros2_ws/ros2_21_tutorials/install/learning_action:/home/unique/ros2_ws/ros2_21_tutorials/install/learning_gazebo_harmonic:/home/unique/ros2_ws/ros2_21_tutorials/install/learning_gazebo:/home/unique/ros2_ws/ros2_21_tutorials/install/learning_cv:/opt/ros/humble /usr/bin/cmake /home/unique/ros2_ws/ros_test/src/realtime_common -DCMAKE_INSTALL_PREFIX=/home/unique/ros2_ws/ros_test/install/realtime_common
[16.027s] Invoking command in '/home/unique/ros2_ws/ros_test/build/realtime_common': CMAKE_PREFIX_PATH=${CMAKE_PREFIX_PATH}:/home/unique/ros2_ws/ros2_21_tutorials/install/learning_urdf:/home/unique/ros2_ws/ros2_21_tutorials/install/learning_topic:/home/unique/ros2_ws/ros2_21_tutorials/install/learning_tf:/home/unique/ros2_ws/ros2_21_tutorials/install/learning_service:/home/unique/ros2_ws/ros2_21_tutorials/install/learning_qos:/home/unique/ros2_ws/ros2_21_tutorials/install/learning_pkg_python:/home/unique/ros2_ws/ros2_21_tutorials/install/learning_parameter:/home/unique/ros2_ws/ros2_21_tutorials/install/learning_node:/home/unique/ros2_ws/ros2_21_tutorials/install/learning_launch:/home/unique/ros2_ws/ros2_21_tutorials/install/learning_action:/home/unique/ros2_ws/ros2_21_tutorials/install/learning_gazebo_harmonic:/home/unique/ros2_ws/ros2_21_tutorials/install/learning_gazebo:/home/unique/ros2_ws/ros2_21_tutorials/install/learning_cv:/opt/ros/humble /usr/bin/cmake --build /home/unique/ros2_ws/ros_test/build/realtime_common -- -j8 -l8
[16.089s] Invoked command in '/home/unique/ros2_ws/ros_test/build/realtime_common' returned '0': CMAKE_PREFIX_PATH=${CMAKE_PREFIX_PATH}:/home/unique/ros2_ws/ros2_21_tutorials/install/learning_urdf:/home/unique/ros2_ws/ros2_21_tutorials/install/learning_topic:/home/unique/ros2_ws/ros2_21_tutorials/install/learning_tf:/home/unique/ros2_ws/ros2_21_tutorials/install/learning_service:/home/unique/ros2_ws/ros2_21_tutorials/install/learning_qos:/home/unique/ros2_ws/ros2_21_tutorials/install/learning_pkg_python:/home/unique/ros2_ws/ros2_21_tutorials/install/learning_parameter:/home/unique/ros2_ws/ros2_21_tutorials/install/learning_node:/home/unique/ros2_ws/ros2_21_tutorials/install/learning_launch:/home/unique/ros2_ws/ros2_21_tutorials/install/learning_action:/home/unique/ros2_ws/ros2_21_tutorials/install/learning_gazebo_harmonic:/home/unique/ros2_ws/ros2_21_tutorials/install/learning_gazebo:/home/unique/ros2_ws/ros2_21_tutorials/install/learning_cv:/opt/ros/humble /usr/bin/cmake --build /home/unique/ros2_ws/ros_test/build/realtime_common -- -j8 -l8
[16.106s] Invoking command in '/home/unique/ros2_ws/ros_test/build/realtime_common': CMAKE_PREFIX_PATH=${CMAKE_PREFIX_PATH}:/home/unique/ros2_ws/ros2_21_tutorials/install/learning_urdf:/home/unique/ros2_ws/ros2_21_tutorials/install/learning_topic:/home/unique/ros2_ws/ros2_21_tutorials/install/learning_tf:/home/unique/ros2_ws/ros2_21_tutorials/install/learning_service:/home/unique/ros2_ws/ros2_21_tutorials/install/learning_qos:/home/unique/ros2_ws/ros2_21_tutorials/install/learning_pkg_python:/home/unique/ros2_ws/ros2_21_tutorials/install/learning_parameter:/home/unique/ros2_ws/ros2_21_tutorials/install/learning_node:/home/unique/ros2_ws/ros2_21_tutorials/install/learning_launch:/home/unique/ros2_ws/ros2_21_tutorials/install/learning_action:/home/unique/ros2_ws/ros2_21_tutorials/install/learning_gazebo_harmonic:/home/unique/ros2_ws/ros2_21_tutorials/install/learning_gazebo:/home/unique/ros2_ws/ros2_21_tutorials/install/learning_cv:/opt/ros/humble /usr/bin/cmake --install /home/unique/ros2_ws/ros_test/build/realtime_common
[16.115s] -- Install configuration: ""
[16.116s] -- Installing: /home/unique/ros2_ws/ros_test/install/realtime_common/include
[16.116s] -- Installing: /home/unique/ros2_ws/ros_test/install/realtime_common/include/realtime_common
[16.116s] -- Installing: /home/unique/ros2_ws/ros_test/install/realtime_common/include/realtime_common/rt_utils.hpp
[16.117s] -- Installing: /home/unique/ros2_ws/ros_test/install/realtime_common/share/realtime_common/environment/library_path.sh
[16.117s] -- Installing: /home/unique/ros2_ws/ros_test/install/realtime_common/share/realtime_common/environment/library_path.dsv
[16.118s] -- Installing: /home/unique/ros2_ws/ros_test/install/realtime_common/share/ament_index/resource_index/package_run_dependencies/realtime_common
[16.118s] -- Installing: /home/unique/ros2_ws/ros_test/install/realtime_common/share/ament_index/resource_index/parent_prefix_path/realtime_common
[16.119s] -- Installing: /home/unique/ros2_ws/ros_test/install/realtime_common/share/realtime_common/environment/ament_prefix_path.sh
[16.119s] -- Installing: /home/unique/ros2_ws/ros_test/install/realtime_common/share/realtime_common/environment/ament_prefix_path.dsv
[16.119s] -- Installing: /home/unique/ros2_ws/ros_test/install/realtime_common/share/realtime_common/environment/path.sh
[16.120s] -- Installing: /home/unique/ros2_ws/ros_test/install/realtime_common/share/realtime_common/environment/path.dsv
[16.120s] -- Installing: /home/unique/ros2_ws/ros_test/install/realtime_common/share/realtime_common/local_setup.bash
[16.120s] -- Installing: /home/unique/ros2_ws/ros_test/install/realtime_common/share/realtime_common/local_setup.sh
[16.121s] -- Installing: /home/unique/ros2_ws/ros_test/install/realtime_common/share/realtime_common/local_setup.zsh
[16.121s] -- Installing: /home/unique/ros2_ws/ros_test/install/realtime_common/share/realtime_common/local_setup.dsv
[16.121s] -- Installing: /home/unique/ros2_ws/ros_test/install/realtime_common/share/realtime_common/package.dsv
[16.122s] -- Installing: /home/unique/ros2_ws/ros_test/install/realtime_common/share/ament_index/resource_index/packages/realtime_common
[16.122s] -- Installing: /home/unique/ros2_ws/ros_test/install/realtime_common/share/realtime_common/cmake/ament_cmake_export_include_directories-extras.cmake
[16.122s] -- Installing: /home/unique/ros2_ws/ros_test/install/realtime_common/share/realtime_common/cmake/ament_cmake_export_libraries-extras.cmake
[16.123s] -- Installing: /home/unique/ros2_ws/ros_test/install/realtime_common/share/realtime_common/cmake/realtime_commonConfig.cmake
[16.123s] -- Installing: /home/unique/ros2_ws/ros_test/install/realtime_common/share/realtime_common/cmake/realtime_commonConfig-version.cmake
[16.123s] -- Installing: /home/unique/ros2_ws/ros_test/install/realtime_common/share/realtime_common/package.xml
[16.127s] Invoked command in '/home/unique/ros2_ws/ros_test/build/realtime_common' returned '0': CMAKE_PREFIX_PATH=${CMAKE_PREFIX_PATH}:/home/unique/ros2_ws/ros2_21_tutorials/install/learning_urdf:/home/unique/ros2_ws/ros2_21_tutorials/install/learning_topic:/home/unique/ros2_ws/ros2_21_tutorials/install/learning_tf:/home/unique/ros2_ws/ros2_21_tutorials/install/learning_service:/home/unique/ros2_ws/ros2_21_tutorials/install/learning_qos:/home/unique/ros2_ws/ros2_21_tutorials/install/learning_pkg_python:/home/unique/ros2_ws/ros2_21_tutorials/install/learning_parameter:/home/unique/ros2_ws/ros2_21_tutorials/install/learning_node:/home/unique/ros2_ws/ros2_21_tutorials/install/learning_launch:/home/unique/ros2_ws/ros2_21_tutorials/install/learning_action:/home/unique/ros2_ws/ros2_21_tutorials/install/learning_gazebo_harmonic:/home/unique/ros2_ws/ros2_21_tutorials/install/learning_gazebo:/home/unique/ros2_ws/ros2_21_tutorials/install/learning_cv:/opt/ros/humble /usr/bin/cmake --install /home/unique/ros2_ws/ros_test/build/realtime_common
