[0.026s] Invoking command in '/home/unique/ros2_ws/ros_test/build/realtime_launch': CMAKE_PREFIX_PATH=${CMAKE_PREFIX_PATH}:/home/unique/ros2_ws/ros2_21_tutorials/install/learning_urdf:/home/unique/ros2_ws/ros2_21_tutorials/install/learning_topic:/home/unique/ros2_ws/ros2_21_tutorials/install/learning_tf:/home/unique/ros2_ws/ros2_21_tutorials/install/learning_service:/home/unique/ros2_ws/ros2_21_tutorials/install/learning_qos:/home/unique/ros2_ws/ros2_21_tutorials/install/learning_pkg_python:/home/unique/ros2_ws/ros2_21_tutorials/install/learning_parameter:/home/unique/ros2_ws/ros2_21_tutorials/install/learning_node:/home/unique/ros2_ws/ros2_21_tutorials/install/learning_launch:/home/unique/ros2_ws/ros2_21_tutorials/install/learning_action:/home/unique/ros2_ws/ros2_21_tutorials/install/learning_gazebo_harmonic:/home/unique/ros2_ws/ros2_21_tutorials/install/learning_gazebo:/home/unique/ros2_ws/ros2_21_tutorials/install/learning_cv:/opt/ros/humble /usr/bin/cmake --build /home/unique/ros2_ws/ros_test/build/realtime_launch -- -j8 -l8
[0.087s] -- Found ament_cmake: 1.3.14 (/opt/ros/humble/share/ament_cmake/cmake)
[0.292s] -- Found ament_lint_auto: 0.12.15 (/opt/ros/humble/share/ament_lint_auto/cmake)
[0.376s] -- Added test 'flake8' to check Python code syntax and style conventions
[0.377s] -- Added test 'lint_cmake' to check CMake code style
[0.377s] -- Added test 'pep257' to check Python code against some of the docstring style conventions in PEP 257
[0.380s] -- Added test 'xmllint' to check XML markup files
[0.384s] -- Configuring done
[0.402s] -- Generating done
[0.406s] -- Build files have been written to: /home/unique/ros2_ws/ros_test/build/realtime_launch
[0.437s] Invoked command in '/home/unique/ros2_ws/ros_test/build/realtime_launch' returned '0': CMAKE_PREFIX_PATH=${CMAKE_PREFIX_PATH}:/home/unique/ros2_ws/ros2_21_tutorials/install/learning_urdf:/home/unique/ros2_ws/ros2_21_tutorials/install/learning_topic:/home/unique/ros2_ws/ros2_21_tutorials/install/learning_tf:/home/unique/ros2_ws/ros2_21_tutorials/install/learning_service:/home/unique/ros2_ws/ros2_21_tutorials/install/learning_qos:/home/unique/ros2_ws/ros2_21_tutorials/install/learning_pkg_python:/home/unique/ros2_ws/ros2_21_tutorials/install/learning_parameter:/home/unique/ros2_ws/ros2_21_tutorials/install/learning_node:/home/unique/ros2_ws/ros2_21_tutorials/install/learning_launch:/home/unique/ros2_ws/ros2_21_tutorials/install/learning_action:/home/unique/ros2_ws/ros2_21_tutorials/install/learning_gazebo_harmonic:/home/unique/ros2_ws/ros2_21_tutorials/install/learning_gazebo:/home/unique/ros2_ws/ros2_21_tutorials/install/learning_cv:/opt/ros/humble /usr/bin/cmake --build /home/unique/ros2_ws/ros_test/build/realtime_launch -- -j8 -l8
[0.439s] Invoking command in '/home/unique/ros2_ws/ros_test/build/realtime_launch': CMAKE_PREFIX_PATH=${CMAKE_PREFIX_PATH}:/home/unique/ros2_ws/ros2_21_tutorials/install/learning_urdf:/home/unique/ros2_ws/ros2_21_tutorials/install/learning_topic:/home/unique/ros2_ws/ros2_21_tutorials/install/learning_tf:/home/unique/ros2_ws/ros2_21_tutorials/install/learning_service:/home/unique/ros2_ws/ros2_21_tutorials/install/learning_qos:/home/unique/ros2_ws/ros2_21_tutorials/install/learning_pkg_python:/home/unique/ros2_ws/ros2_21_tutorials/install/learning_parameter:/home/unique/ros2_ws/ros2_21_tutorials/install/learning_node:/home/unique/ros2_ws/ros2_21_tutorials/install/learning_launch:/home/unique/ros2_ws/ros2_21_tutorials/install/learning_action:/home/unique/ros2_ws/ros2_21_tutorials/install/learning_gazebo_harmonic:/home/unique/ros2_ws/ros2_21_tutorials/install/learning_gazebo:/home/unique/ros2_ws/ros2_21_tutorials/install/learning_cv:/opt/ros/humble /usr/bin/cmake --install /home/unique/ros2_ws/ros_test/build/realtime_launch
[0.450s] -- Install configuration: ""
[0.451s] -- Up-to-date: /home/unique/ros2_ws/ros_test/install/realtime_launch/share/realtime_launch/launch
[0.451s] -- Installing: /home/unique/ros2_ws/ros_test/install/realtime_launch/share/realtime_launch/launch/realtime_ringbuffer.launch.py
[0.453s] -- Installing: /home/unique/ros2_ws/ros_test/install/realtime_launch/share/realtime_launch/launch/realtime.launch.py
[0.454s] -- Up-to-date: /home/unique/ros2_ws/ros_test/install/realtime_launch/share/ament_index/resource_index/package_run_dependencies/realtime_launch
[0.454s] -- Installing: /home/unique/ros2_ws/ros_test/install/realtime_launch/share/ament_index/resource_index/parent_prefix_path/realtime_launch
[0.454s] -- Up-to-date: /home/unique/ros2_ws/ros_test/install/realtime_launch/share/realtime_launch/environment/ament_prefix_path.sh
[0.454s] -- Installing: /home/unique/ros2_ws/ros_test/install/realtime_launch/share/realtime_launch/environment/ament_prefix_path.dsv
[0.454s] -- Up-to-date: /home/unique/ros2_ws/ros_test/install/realtime_launch/share/realtime_launch/environment/path.sh
[0.454s] -- Installing: /home/unique/ros2_ws/ros_test/install/realtime_launch/share/realtime_launch/environment/path.dsv
[0.454s] -- Up-to-date: /home/unique/ros2_ws/ros_test/install/realtime_launch/share/realtime_launch/local_setup.bash
[0.454s] -- Up-to-date: /home/unique/ros2_ws/ros_test/install/realtime_launch/share/realtime_launch/local_setup.sh
[0.454s] -- Up-to-date: /home/unique/ros2_ws/ros_test/install/realtime_launch/share/realtime_launch/local_setup.zsh
[0.454s] -- Installing: /home/unique/ros2_ws/ros_test/install/realtime_launch/share/realtime_launch/local_setup.dsv
[0.454s] -- Installing: /home/unique/ros2_ws/ros_test/install/realtime_launch/share/realtime_launch/package.dsv
[0.454s] -- Up-to-date: /home/unique/ros2_ws/ros_test/install/realtime_launch/share/ament_index/resource_index/packages/realtime_launch
[0.454s] -- Up-to-date: /home/unique/ros2_ws/ros_test/install/realtime_launch/share/realtime_launch/cmake/realtime_launchConfig.cmake
[0.454s] -- Up-to-date: /home/unique/ros2_ws/ros_test/install/realtime_launch/share/realtime_launch/cmake/realtime_launchConfig-version.cmake
[0.454s] -- Up-to-date: /home/unique/ros2_ws/ros_test/install/realtime_launch/share/realtime_launch/package.xml
[0.457s] Invoked command in '/home/unique/ros2_ws/ros_test/build/realtime_launch' returned '0': CMAKE_PREFIX_PATH=${CMAKE_PREFIX_PATH}:/home/unique/ros2_ws/ros2_21_tutorials/install/learning_urdf:/home/unique/ros2_ws/ros2_21_tutorials/install/learning_topic:/home/unique/ros2_ws/ros2_21_tutorials/install/learning_tf:/home/unique/ros2_ws/ros2_21_tutorials/install/learning_service:/home/unique/ros2_ws/ros2_21_tutorials/install/learning_qos:/home/unique/ros2_ws/ros2_21_tutorials/install/learning_pkg_python:/home/unique/ros2_ws/ros2_21_tutorials/install/learning_parameter:/home/unique/ros2_ws/ros2_21_tutorials/install/learning_node:/home/unique/ros2_ws/ros2_21_tutorials/install/learning_launch:/home/unique/ros2_ws/ros2_21_tutorials/install/learning_action:/home/unique/ros2_ws/ros2_21_tutorials/install/learning_gazebo_harmonic:/home/unique/ros2_ws/ros2_21_tutorials/install/learning_gazebo:/home/unique/ros2_ws/ros2_21_tutorials/install/learning_cv:/opt/ros/humble /usr/bin/cmake --install /home/unique/ros2_ws/ros_test/build/realtime_launch
