-- Install configuration: ""
-- Up-to-date: /home/unique/ros2_ws/ros_test/install/realtime_common/include
-- Up-to-date: /home/unique/ros2_ws/ros_test/install/realtime_common/include/realtime_common
-- Up-to-date: /home/unique/ros2_ws/ros_test/install/realtime_common/include/realtime_common/rt_utils.hpp
-- Up-to-date: /home/unique/ros2_ws/ros_test/install/realtime_common/share/ament_index/resource_index/package_run_dependencies/realtime_common
-- Up-to-date: /home/unique/ros2_ws/ros_test/install/realtime_common/share/ament_index/resource_index/parent_prefix_path/realtime_common
-- Up-to-date: /home/unique/ros2_ws/ros_test/install/realtime_common/share/realtime_common/environment/ament_prefix_path.sh
-- Up-to-date: /home/unique/ros2_ws/ros_test/install/realtime_common/share/realtime_common/environment/ament_prefix_path.dsv
-- Up-to-date: /home/unique/ros2_ws/ros_test/install/realtime_common/share/realtime_common/environment/path.sh
-- Up-to-date: /home/unique/ros2_ws/ros_test/install/realtime_common/share/realtime_common/environment/path.dsv
-- Up-to-date: /home/unique/ros2_ws/ros_test/install/realtime_common/share/realtime_common/local_setup.bash
-- Up-to-date: /home/unique/ros2_ws/ros_test/install/realtime_common/share/realtime_common/local_setup.sh
-- Up-to-date: /home/unique/ros2_ws/ros_test/install/realtime_common/share/realtime_common/local_setup.zsh
-- Up-to-date: /home/unique/ros2_ws/ros_test/install/realtime_common/share/realtime_common/local_setup.dsv
-- Installing: /home/unique/ros2_ws/ros_test/install/realtime_common/share/realtime_common/package.dsv
-- Up-to-date: /home/unique/ros2_ws/ros_test/install/realtime_common/share/ament_index/resource_index/packages/realtime_common
-- Up-to-date: /home/unique/ros2_ws/ros_test/install/realtime_common/share/realtime_common/cmake/export_realtime_commonExport.cmake
-- Up-to-date: /home/unique/ros2_ws/ros_test/install/realtime_common/share/realtime_common/cmake/ament_cmake_export_targets-extras.cmake
-- Up-to-date: /home/unique/ros2_ws/ros_test/install/realtime_common/share/realtime_common/cmake/ament_cmake_export_include_directories-extras.cmake
-- Up-to-date: /home/unique/ros2_ws/ros_test/install/realtime_common/share/realtime_common/cmake/realtime_commonConfig.cmake
-- Up-to-date: /home/unique/ros2_ws/ros_test/install/realtime_common/share/realtime_common/cmake/realtime_commonConfig-version.cmake
-- Up-to-date: /home/unique/ros2_ws/ros_test/install/realtime_common/share/realtime_common/package.xml
