[0.022s] Invoking command in '/home/unique/ros2_ws/ros_test/build/realtime_launch': CMAKE_PREFIX_PATH=${CMAKE_PREFIX_PATH}:/home/unique/ros2_ws/ros2_21_tutorials/install/learning_urdf:/home/unique/ros2_ws/ros2_21_tutorials/install/learning_topic:/home/unique/ros2_ws/ros2_21_tutorials/install/learning_tf:/home/unique/ros2_ws/ros2_21_tutorials/install/learning_service:/home/unique/ros2_ws/ros2_21_tutorials/install/learning_qos:/home/unique/ros2_ws/ros2_21_tutorials/install/learning_pkg_python:/home/unique/ros2_ws/ros2_21_tutorials/install/learning_parameter:/home/unique/ros2_ws/ros2_21_tutorials/install/learning_node:/home/unique/ros2_ws/ros2_21_tutorials/install/learning_launch:/home/unique/ros2_ws/ros2_21_tutorials/install/learning_action:/home/unique/ros2_ws/ros2_21_tutorials/install/learning_gazebo_harmonic:/home/unique/ros2_ws/ros2_21_tutorials/install/learning_gazebo:/home/unique/ros2_ws/ros2_21_tutorials/install/learning_cv:/opt/ros/humble /usr/bin/cmake --build /home/unique/ros2_ws/ros_test/build/realtime_launch -- -j8 -l8
[0.072s] Invoked command in '/home/unique/ros2_ws/ros_test/build/realtime_launch' returned '0': CMAKE_PREFIX_PATH=${CMAKE_PREFIX_PATH}:/home/unique/ros2_ws/ros2_21_tutorials/install/learning_urdf:/home/unique/ros2_ws/ros2_21_tutorials/install/learning_topic:/home/unique/ros2_ws/ros2_21_tutorials/install/learning_tf:/home/unique/ros2_ws/ros2_21_tutorials/install/learning_service:/home/unique/ros2_ws/ros2_21_tutorials/install/learning_qos:/home/unique/ros2_ws/ros2_21_tutorials/install/learning_pkg_python:/home/unique/ros2_ws/ros2_21_tutorials/install/learning_parameter:/home/unique/ros2_ws/ros2_21_tutorials/install/learning_node:/home/unique/ros2_ws/ros2_21_tutorials/install/learning_launch:/home/unique/ros2_ws/ros2_21_tutorials/install/learning_action:/home/unique/ros2_ws/ros2_21_tutorials/install/learning_gazebo_harmonic:/home/unique/ros2_ws/ros2_21_tutorials/install/learning_gazebo:/home/unique/ros2_ws/ros2_21_tutorials/install/learning_cv:/opt/ros/humble /usr/bin/cmake --build /home/unique/ros2_ws/ros_test/build/realtime_launch -- -j8 -l8
[0.087s] Invoking command in '/home/unique/ros2_ws/ros_test/build/realtime_launch': CMAKE_PREFIX_PATH=${CMAKE_PREFIX_PATH}:/home/unique/ros2_ws/ros2_21_tutorials/install/learning_urdf:/home/unique/ros2_ws/ros2_21_tutorials/install/learning_topic:/home/unique/ros2_ws/ros2_21_tutorials/install/learning_tf:/home/unique/ros2_ws/ros2_21_tutorials/install/learning_service:/home/unique/ros2_ws/ros2_21_tutorials/install/learning_qos:/home/unique/ros2_ws/ros2_21_tutorials/install/learning_pkg_python:/home/unique/ros2_ws/ros2_21_tutorials/install/learning_parameter:/home/unique/ros2_ws/ros2_21_tutorials/install/learning_node:/home/unique/ros2_ws/ros2_21_tutorials/install/learning_launch:/home/unique/ros2_ws/ros2_21_tutorials/install/learning_action:/home/unique/ros2_ws/ros2_21_tutorials/install/learning_gazebo_harmonic:/home/unique/ros2_ws/ros2_21_tutorials/install/learning_gazebo:/home/unique/ros2_ws/ros2_21_tutorials/install/learning_cv:/opt/ros/humble /usr/bin/cmake --install /home/unique/ros2_ws/ros_test/build/realtime_launch
[0.099s] -- Install configuration: ""
[0.099s] -- Up-to-date: /home/unique/ros2_ws/ros_test/install/realtime_launch/share/realtime_launch/launch
[0.099s] -- Up-to-date: /home/unique/ros2_ws/ros_test/install/realtime_launch/share/realtime_launch/launch/realtime.launch.py
[0.099s] -- Up-to-date: /home/unique/ros2_ws/ros_test/install/realtime_launch/share/ament_index/resource_index/package_run_dependencies/realtime_launch
[0.100s] -- Up-to-date: /home/unique/ros2_ws/ros_test/install/realtime_launch/share/ament_index/resource_index/parent_prefix_path/realtime_launch
[0.100s] -- Up-to-date: /home/unique/ros2_ws/ros_test/install/realtime_launch/share/realtime_launch/environment/ament_prefix_path.sh
[0.100s] -- Up-to-date: /home/unique/ros2_ws/ros_test/install/realtime_launch/share/realtime_launch/environment/ament_prefix_path.dsv
[0.100s] -- Up-to-date: /home/unique/ros2_ws/ros_test/install/realtime_launch/share/realtime_launch/environment/path.sh
[0.100s] -- Up-to-date: /home/unique/ros2_ws/ros_test/install/realtime_launch/share/realtime_launch/environment/path.dsv
[0.100s] -- Up-to-date: /home/unique/ros2_ws/ros_test/install/realtime_launch/share/realtime_launch/local_setup.bash
[0.100s] -- Up-to-date: /home/unique/ros2_ws/ros_test/install/realtime_launch/share/realtime_launch/local_setup.sh
[0.101s] -- Up-to-date: /home/unique/ros2_ws/ros_test/install/realtime_launch/share/realtime_launch/local_setup.zsh
[0.101s] -- Up-to-date: /home/unique/ros2_ws/ros_test/install/realtime_launch/share/realtime_launch/local_setup.dsv
[0.102s] -- Installing: /home/unique/ros2_ws/ros_test/install/realtime_launch/share/realtime_launch/package.dsv
[0.102s] -- Up-to-date: /home/unique/ros2_ws/ros_test/install/realtime_launch/share/ament_index/resource_index/packages/realtime_launch
[0.102s] -- Up-to-date: /home/unique/ros2_ws/ros_test/install/realtime_launch/share/realtime_launch/cmake/realtime_launchConfig.cmake
[0.102s] -- Up-to-date: /home/unique/ros2_ws/ros_test/install/realtime_launch/share/realtime_launch/cmake/realtime_launchConfig-version.cmake
[0.102s] -- Up-to-date: /home/unique/ros2_ws/ros_test/install/realtime_launch/share/realtime_launch/package.xml
[0.112s] Invoked command in '/home/unique/ros2_ws/ros_test/build/realtime_launch' returned '0': CMAKE_PREFIX_PATH=${CMAKE_PREFIX_PATH}:/home/unique/ros2_ws/ros2_21_tutorials/install/learning_urdf:/home/unique/ros2_ws/ros2_21_tutorials/install/learning_topic:/home/unique/ros2_ws/ros2_21_tutorials/install/learning_tf:/home/unique/ros2_ws/ros2_21_tutorials/install/learning_service:/home/unique/ros2_ws/ros2_21_tutorials/install/learning_qos:/home/unique/ros2_ws/ros2_21_tutorials/install/learning_pkg_python:/home/unique/ros2_ws/ros2_21_tutorials/install/learning_parameter:/home/unique/ros2_ws/ros2_21_tutorials/install/learning_node:/home/unique/ros2_ws/ros2_21_tutorials/install/learning_launch:/home/unique/ros2_ws/ros2_21_tutorials/install/learning_action:/home/unique/ros2_ws/ros2_21_tutorials/install/learning_gazebo_harmonic:/home/unique/ros2_ws/ros2_21_tutorials/install/learning_gazebo:/home/unique/ros2_ws/ros2_21_tutorials/install/learning_cv:/opt/ros/humble /usr/bin/cmake --install /home/unique/ros2_ws/ros_test/build/realtime_launch
