[0.021s] Invoking command in '/home/unique/ros2_ws/ros_test/build/main_interface': CMAKE_PREFIX_PATH=${CMAKE_PREFIX_PATH}:/home/unique/ros2_ws/ros2_21_tutorials/install/learning_urdf:/home/unique/ros2_ws/ros2_21_tutorials/install/learning_topic:/home/unique/ros2_ws/ros2_21_tutorials/install/learning_tf:/home/unique/ros2_ws/ros2_21_tutorials/install/learning_service:/home/unique/ros2_ws/ros2_21_tutorials/install/learning_qos:/home/unique/ros2_ws/ros2_21_tutorials/install/learning_pkg_python:/home/unique/ros2_ws/ros2_21_tutorials/install/learning_parameter:/home/unique/ros2_ws/ros2_21_tutorials/install/learning_node:/home/unique/ros2_ws/ros2_21_tutorials/install/learning_launch:/home/unique/ros2_ws/ros2_21_tutorials/install/learning_action:/home/unique/ros2_ws/ros2_21_tutorials/install/learning_gazebo_harmonic:/home/unique/ros2_ws/ros2_21_tutorials/install/learning_gazebo:/home/unique/ros2_ws/ros2_21_tutorials/install/learning_cv:/opt/ros/humble /usr/bin/cmake /home/unique/ros2_ws/ros_test/src/main_interface -DCMAKE_INSTALL_PREFIX=/home/unique/ros2_ws/ros_test/install/main_interface
[0.485s] -- The C compiler identification is GNU 11.4.0
[2.066s] -- The CXX compiler identification is GNU 11.4.0
[3.230s] -- Detecting C compiler ABI info
[3.614s] -- Detecting C compiler ABI info - done
[3.620s] -- Check for working C compiler: /usr/bin/cc - skipped
[3.630s] -- Detecting C compile features
[3.631s] -- Detecting C compile features - done
[3.637s] -- Detecting CXX compiler ABI info
[4.050s] -- Detecting CXX compiler ABI info - done
[4.057s] -- Check for working CXX compiler: /usr/bin/c++ - skipped
[4.057s] -- Detecting CXX compile features
[4.058s] -- Detecting CXX compile features - done
[4.088s] -- Found ament_cmake: 1.3.14 (/opt/ros/humble/share/ament_cmake/cmake)
[4.305s] -- Found Python3: /usr/bin/python3 (found version "3.10.12") found components: Interpreter 
[4.508s] -- Found rclcpp: 16.0.19 (/opt/ros/humble/share/rclcpp/cmake)
[5.013s] -- Found rosidl_generator_c: 3.1.8 (/opt/ros/humble/share/rosidl_generator_c/cmake)
[5.029s] -- Found rosidl_adapter: 3.1.8 (/opt/ros/humble/share/rosidl_adapter/cmake)
[5.055s] -- Found rosidl_generator_cpp: 3.1.8 (/opt/ros/humble/share/rosidl_generator_cpp/cmake)
[5.088s] -- Using all available rosidl_typesupport_c: rosidl_typesupport_fastrtps_c;rosidl_typesupport_introspection_c
[5.131s] -- Using all available rosidl_typesupport_cpp: rosidl_typesupport_fastrtps_cpp;rosidl_typesupport_introspection_cpp
[5.266s] -- Found rmw_implementation_cmake: 6.1.2 (/opt/ros/humble/share/rmw_implementation_cmake/cmake)
[5.276s] -- Found rmw_fastrtps_cpp: 6.2.10 (/opt/ros/humble/share/rmw_fastrtps_cpp/cmake)
[8.976s] -- Found OpenSSL: /usr/lib/x86_64-linux-gnu/libcrypto.so (found version "3.0.2")  
[12.819s] -- Found FastRTPS: /opt/ros/humble/include  
[19.731s] -- Using RMW implementation 'rmw_fastrtps_cpp' as default
[19.761s] -- Looking for pthread.h
[20.115s] -- Looking for pthread.h - found
[20.115s] -- Performing Test CMAKE_HAVE_LIBC_PTHREAD
[20.497s] -- Performing Test CMAKE_HAVE_LIBC_PTHREAD - Success
[20.498s] -- Found Threads: TRUE  
[20.624s] -- Found rosidl_default_generators: 1.2.1 (/opt/ros/humble/share/rosidl_default_generators/cmake)
[20.888s] [31mCMake Error at /opt/ros/humble/share/rosidl_cmake/cmake/rosidl_generate_interfaces.cmake:229 (message):
[20.888s]   Packages installing interfaces must include
[20.888s]   '<member_of_group>rosidl_interface_packages</member_of_group>' in their
[20.888s]   package.xml
[20.888s] Call Stack (most recent call first):
[20.888s]   CMakeLists.txt:14 (rosidl_generate_interfaces)
[20.888s] 
[20.888s] [0m
[20.888s] -- Configuring incomplete, errors occurred!
[20.888s] See also "/home/unique/ros2_ws/ros_test/build/main_interface/CMakeFiles/CMakeOutput.log".
[20.905s] Invoked command in '/home/unique/ros2_ws/ros_test/build/main_interface' returned '1': CMAKE_PREFIX_PATH=${CMAKE_PREFIX_PATH}:/home/unique/ros2_ws/ros2_21_tutorials/install/learning_urdf:/home/unique/ros2_ws/ros2_21_tutorials/install/learning_topic:/home/unique/ros2_ws/ros2_21_tutorials/install/learning_tf:/home/unique/ros2_ws/ros2_21_tutorials/install/learning_service:/home/unique/ros2_ws/ros2_21_tutorials/install/learning_qos:/home/unique/ros2_ws/ros2_21_tutorials/install/learning_pkg_python:/home/unique/ros2_ws/ros2_21_tutorials/install/learning_parameter:/home/unique/ros2_ws/ros2_21_tutorials/install/learning_node:/home/unique/ros2_ws/ros2_21_tutorials/install/learning_launch:/home/unique/ros2_ws/ros2_21_tutorials/install/learning_action:/home/unique/ros2_ws/ros2_21_tutorials/install/learning_gazebo_harmonic:/home/unique/ros2_ws/ros2_21_tutorials/install/learning_gazebo:/home/unique/ros2_ws/ros2_21_tutorials/install/learning_cv:/opt/ros/humble /usr/bin/cmake /home/unique/ros2_ws/ros_test/src/main_interface -DCMAKE_INSTALL_PREFIX=/home/unique/ros2_ws/ros_test/install/main_interface
