[0.018s] Invoking command in '/home/unique/ros2_ws/ros_test/build/main_interface': CMAKE_PREFIX_PATH=${CMAKE_PREFIX_PATH}:/home/unique/ros2_ws/ros2_21_tutorials/install/learning_urdf:/home/unique/ros2_ws/ros2_21_tutorials/install/learning_topic:/home/unique/ros2_ws/ros2_21_tutorials/install/learning_tf:/home/unique/ros2_ws/ros2_21_tutorials/install/learning_service:/home/unique/ros2_ws/ros2_21_tutorials/install/learning_qos:/home/unique/ros2_ws/ros2_21_tutorials/install/learning_pkg_python:/home/unique/ros2_ws/ros2_21_tutorials/install/learning_parameter:/home/unique/ros2_ws/ros2_21_tutorials/install/learning_node:/home/unique/ros2_ws/ros2_21_tutorials/install/learning_launch:/home/unique/ros2_ws/ros2_21_tutorials/install/learning_action:/home/unique/ros2_ws/ros2_21_tutorials/install/learning_gazebo_harmonic:/home/unique/ros2_ws/ros2_21_tutorials/install/learning_gazebo:/home/unique/ros2_ws/ros2_21_tutorials/install/learning_cv:/opt/ros/humble /usr/bin/cmake /home/unique/ros2_ws/ros_test/src/main_interface -DCMAKE_INSTALL_PREFIX=/home/unique/ros2_ws/ros_test/install/main_interface
[0.041s] -- Found ament_cmake: 1.3.14 (/opt/ros/humble/share/ament_cmake/cmake)
[0.197s] -- Found rclcpp: 16.0.19 (/opt/ros/humble/share/rclcpp/cmake)
[0.599s] -- Found rosidl_generator_c: 3.1.8 (/opt/ros/humble/share/rosidl_generator_c/cmake)
[0.601s] -- Found rosidl_adapter: 3.1.8 (/opt/ros/humble/share/rosidl_adapter/cmake)
[0.606s] -- Found rosidl_generator_cpp: 3.1.8 (/opt/ros/humble/share/rosidl_generator_cpp/cmake)
[0.616s] -- Using all available rosidl_typesupport_c: rosidl_typesupport_fastrtps_c;rosidl_typesupport_introspection_c
[0.628s] -- Using all available rosidl_typesupport_cpp: rosidl_typesupport_fastrtps_cpp;rosidl_typesupport_introspection_cpp
[0.656s] -- Found rmw_implementation_cmake: 6.1.2 (/opt/ros/humble/share/rmw_implementation_cmake/cmake)
[0.658s] -- Found rmw_fastrtps_cpp: 6.2.10 (/opt/ros/humble/share/rmw_fastrtps_cpp/cmake)
[14.761s] -- Using RMW implementation 'rmw_fastrtps_cpp' as default
[14.798s] -- Found rosidl_default_generators: 1.2.1 (/opt/ros/humble/share/rosidl_default_generators/cmake)
[15.130s] -- Found ament_cmake_ros: 0.10.0 (/opt/ros/humble/share/ament_cmake_ros/cmake)
[15.590s] -- Using all available rosidl_typesupport_c: rosidl_typesupport_fastrtps_c;rosidl_typesupport_introspection_c
[15.768s] -- Using all available rosidl_typesupport_cpp: rosidl_typesupport_fastrtps_cpp;rosidl_typesupport_introspection_cpp
[16.187s] -- Found PythonInterp: /usr/bin/python3 (found suitable version "3.10.12", minimum required is "3.6") 
[16.195s] -- Found python_cmake_module: 0.10.0 (/opt/ros/humble/share/python_cmake_module/cmake)
[17.467s] -- Found PythonLibs: /usr/lib/x86_64-linux-gnu/libpython3.10.so (found suitable version "3.10.12", minimum required is "3.5") 
[17.467s] -- Using PYTHON_EXECUTABLE: /usr/bin/python3
[17.467s] -- Using PYTHON_INCLUDE_DIRS: /usr/include/python3.10
[17.467s] -- Using PYTHON_LIBRARIES: /usr/lib/x86_64-linux-gnu/libpython3.10.so
[17.492s] -- Found PythonExtra: .so  
[17.776s] -- Found ament_lint_auto: 0.12.15 (/opt/ros/humble/share/ament_lint_auto/cmake)
[17.857s] -- Added test 'lint_cmake' to check CMake code style
[17.861s] -- Added test 'xmllint' to check XML markup files
[17.868s] -- Configuring done
[17.926s] -- Generating done
[17.943s] -- Build files have been written to: /home/unique/ros2_ws/ros_test/build/main_interface
[17.959s] Invoked command in '/home/unique/ros2_ws/ros_test/build/main_interface' returned '0': CMAKE_PREFIX_PATH=${CMAKE_PREFIX_PATH}:/home/unique/ros2_ws/ros2_21_tutorials/install/learning_urdf:/home/unique/ros2_ws/ros2_21_tutorials/install/learning_topic:/home/unique/ros2_ws/ros2_21_tutorials/install/learning_tf:/home/unique/ros2_ws/ros2_21_tutorials/install/learning_service:/home/unique/ros2_ws/ros2_21_tutorials/install/learning_qos:/home/unique/ros2_ws/ros2_21_tutorials/install/learning_pkg_python:/home/unique/ros2_ws/ros2_21_tutorials/install/learning_parameter:/home/unique/ros2_ws/ros2_21_tutorials/install/learning_node:/home/unique/ros2_ws/ros2_21_tutorials/install/learning_launch:/home/unique/ros2_ws/ros2_21_tutorials/install/learning_action:/home/unique/ros2_ws/ros2_21_tutorials/install/learning_gazebo_harmonic:/home/unique/ros2_ws/ros2_21_tutorials/install/learning_gazebo:/home/unique/ros2_ws/ros2_21_tutorials/install/learning_cv:/opt/ros/humble /usr/bin/cmake /home/unique/ros2_ws/ros_test/src/main_interface -DCMAKE_INSTALL_PREFIX=/home/unique/ros2_ws/ros_test/install/main_interface
[17.961s] Invoking command in '/home/unique/ros2_ws/ros_test/build/main_interface': CMAKE_PREFIX_PATH=${CMAKE_PREFIX_PATH}:/home/unique/ros2_ws/ros2_21_tutorials/install/learning_urdf:/home/unique/ros2_ws/ros2_21_tutorials/install/learning_topic:/home/unique/ros2_ws/ros2_21_tutorials/install/learning_tf:/home/unique/ros2_ws/ros2_21_tutorials/install/learning_service:/home/unique/ros2_ws/ros2_21_tutorials/install/learning_qos:/home/unique/ros2_ws/ros2_21_tutorials/install/learning_pkg_python:/home/unique/ros2_ws/ros2_21_tutorials/install/learning_parameter:/home/unique/ros2_ws/ros2_21_tutorials/install/learning_node:/home/unique/ros2_ws/ros2_21_tutorials/install/learning_launch:/home/unique/ros2_ws/ros2_21_tutorials/install/learning_action:/home/unique/ros2_ws/ros2_21_tutorials/install/learning_gazebo_harmonic:/home/unique/ros2_ws/ros2_21_tutorials/install/learning_gazebo:/home/unique/ros2_ws/ros2_21_tutorials/install/learning_cv:/opt/ros/humble /usr/bin/cmake --build /home/unique/ros2_ws/ros_test/build/main_interface -- -j8 -l8
[18.014s] [  2%] [34m[1mGenerating C code for ROS interfaces[0m
[18.028s] [  7%] [34m[1mGenerating Rust code for ROS interfaces[0m
[18.028s] [  7%] [34m[1mGenerating C++ code for ROS interfaces[0m
[18.042s] [  7%] Built target ament_cmake_python_copy_main_interface
[18.389s] [  7%] Built target main_interface__rs
[18.459s] running egg_info
[18.462s] creating main_interface.egg-info
[18.462s] writing main_interface.egg-info/PKG-INFO
[18.462s] writing dependency_links to main_interface.egg-info/dependency_links.txt
[18.463s] writing top-level names to main_interface.egg-info/top_level.txt
[18.463s] writing manifest file 'main_interface.egg-info/SOURCES.txt'
[18.467s] reading manifest file 'main_interface.egg-info/SOURCES.txt'
[18.468s] writing manifest file 'main_interface.egg-info/SOURCES.txt'
[18.478s] [  7%] Built target main_interface__cpp
[18.494s] [ 17%] [32mBuilding C object CMakeFiles/main_interface__rosidl_generator_c.dir/rosidl_generator_c/main_interface/msg/detail/byte_row__functions.c.o[0m
[18.496s] [ 20%] [34m[1mGenerating C++ introspection for ROS interfaces[0m
[18.497s] [ 20%] [32mBuilding C object CMakeFiles/main_interface__rosidl_generator_c.dir/rosidl_generator_c/main_interface/msg/detail/byte_rows__functions.c.o[0m
[18.497s] [ 17%] [34m[1mGenerating C++ type support for eProsima Fast-RTPS[0m
[18.497s] [ 20%] [34m[1mGenerating C++ type support dispatch for ROS interfaces[0m
[18.519s] [ 20%] Built target ament_cmake_python_build_main_interface_egg
[18.597s] [ 22%] [32m[1mLinking C shared library libmain_interface__rosidl_generator_c.so[0m
[18.815s] [ 27%] [32mBuilding CXX object CMakeFiles/main_interface__rosidl_typesupport_cpp.dir/rosidl_typesupport_cpp/main_interface/msg/byte_row__type_support.cpp.o[0m
[18.816s] [ 27%] [32mBuilding CXX object CMakeFiles/main_interface__rosidl_typesupport_cpp.dir/rosidl_typesupport_cpp/main_interface/msg/byte_rows__type_support.cpp.o[0m
[18.875s] [ 30%] [32mBuilding CXX object CMakeFiles/main_interface__rosidl_typesupport_introspection_cpp.dir/rosidl_typesupport_introspection_cpp/main_interface/msg/detail/byte_rows__type_support.cpp.o[0m
[18.876s] [ 32%] [32mBuilding CXX object CMakeFiles/main_interface__rosidl_typesupport_introspection_cpp.dir/rosidl_typesupport_introspection_cpp/main_interface/msg/detail/byte_row__type_support.cpp.o[0m
[18.883s] [ 35%] [32mBuilding CXX object CMakeFiles/main_interface__rosidl_typesupport_fastrtps_cpp.dir/rosidl_typesupport_fastrtps_cpp/main_interface/msg/detail/dds_fastrtps/byte_row__type_support.cpp.o[0m
[18.887s] [ 37%] [32mBuilding CXX object CMakeFiles/main_interface__rosidl_typesupport_fastrtps_cpp.dir/rosidl_typesupport_fastrtps_cpp/main_interface/msg/detail/dds_fastrtps/byte_rows__type_support.cpp.o[0m
[19.032s] [ 37%] Built target main_interface__rosidl_generator_c
[19.056s] [ 40%] [34m[1mGenerating C introspection for ROS interfaces[0m
[19.058s] [ 42%] [34m[1mGenerating C type support for eProsima Fast-RTPS[0m
[19.373s] [ 45%] [32m[1mLinking CXX shared library libmain_interface__rosidl_typesupport_cpp.so[0m
[19.386s] [ 47%] [34m[1mGenerating C type support dispatch for ROS interfaces[0m
[19.588s] [ 50%] [32mBuilding CXX object CMakeFiles/main_interface__rosidl_typesupport_fastrtps_c.dir/rosidl_typesupport_fastrtps_c/main_interface/msg/detail/byte_row__type_support_c.cpp.o[0m
[19.590s] [ 52%] [32mBuilding C object CMakeFiles/main_interface__rosidl_typesupport_introspection_c.dir/rosidl_typesupport_introspection_c/main_interface/msg/detail/byte_row__type_support.c.o[0m
[19.663s] [ 55%] [32mBuilding C object CMakeFiles/main_interface__rosidl_typesupport_introspection_c.dir/rosidl_typesupport_introspection_c/main_interface/msg/detail/byte_rows__type_support.c.o[0m
[19.668s] [ 57%] [32mBuilding CXX object CMakeFiles/main_interface__rosidl_typesupport_fastrtps_c.dir/rosidl_typesupport_fastrtps_c/main_interface/msg/detail/byte_rows__type_support_c.cpp.o[0m
[19.689s] [ 60%] [32m[1mLinking CXX shared library libmain_interface__rosidl_typesupport_fastrtps_cpp.so[0m
[19.701s] [ 62%] [32m[1mLinking CXX shared library libmain_interface__rosidl_typesupport_introspection_cpp.so[0m
[19.741s] [ 65%] [32m[1mLinking C shared library libmain_interface__rosidl_typesupport_introspection_c.so[0m
[19.789s] [ 70%] [32mBuilding CXX object CMakeFiles/main_interface__rosidl_typesupport_c.dir/rosidl_typesupport_c/main_interface/msg/byte_rows__type_support.cpp.o[0m
[19.789s] [ 70%] [32mBuilding CXX object CMakeFiles/main_interface__rosidl_typesupport_c.dir/rosidl_typesupport_c/main_interface/msg/byte_row__type_support.cpp.o[0m
[19.850s] [ 72%] [32m[1mLinking CXX shared library libmain_interface__rosidl_typesupport_c.so[0m
[19.918s] [ 72%] Built target main_interface__rosidl_typesupport_cpp
[20.169s] [ 75%] [32m[1mLinking CXX shared library libmain_interface__rosidl_typesupport_fastrtps_c.so[0m
[20.170s] [ 75%] Built target main_interface__rosidl_typesupport_introspection_cpp
[20.180s] [ 75%] Built target main_interface__rosidl_typesupport_fastrtps_cpp
[20.225s] [ 75%] Built target main_interface__rosidl_typesupport_introspection_c
[20.279s] [ 75%] Built target main_interface__rosidl_typesupport_c
[20.551s] [ 75%] Built target main_interface__rosidl_typesupport_fastrtps_c
[20.581s] [ 75%] Built target main_interface
[20.609s] [ 77%] [34m[1mGenerating Python code for ROS interfaces[0m
[20.944s] [ 77%] Built target main_interface__py
[20.972s] [ 82%] [32mBuilding C object CMakeFiles/main_interface__rosidl_generator_py.dir/rosidl_generator_py/main_interface/msg/_byte_row_s.c.o[0m
[20.972s] [ 82%] [32mBuilding C object CMakeFiles/main_interface__rosidl_generator_py.dir/rosidl_generator_py/main_interface/msg/_byte_rows_s.c.o[0m
[21.146s] [ 85%] [32m[1mLinking C shared library rosidl_generator_py/main_interface/libmain_interface__rosidl_generator_py.so[0m
[21.476s] [ 85%] Built target main_interface__rosidl_generator_py
[21.509s] [ 92%] [32mBuilding C object CMakeFiles/main_interface__rosidl_typesupport_fastrtps_c__pyext.dir/rosidl_generator_py/main_interface/_main_interface_s.ep.rosidl_typesupport_fastrtps_c.c.o[0m
[21.509s] [ 92%] [32mBuilding C object CMakeFiles/main_interface__rosidl_typesupport_introspection_c__pyext.dir/rosidl_generator_py/main_interface/_main_interface_s.ep.rosidl_typesupport_introspection_c.c.o[0m
[21.510s] [ 92%] [32mBuilding C object CMakeFiles/main_interface__rosidl_typesupport_c__pyext.dir/rosidl_generator_py/main_interface/_main_interface_s.ep.rosidl_typesupport_c.c.o[0m
[21.641s] [ 95%] [32m[1mLinking C shared library rosidl_generator_py/main_interface/main_interface_s__rosidl_typesupport_fastrtps_c.cpython-310-x86_64-linux-gnu.so[0m
[21.645s] [100%] [32m[1mLinking C shared library rosidl_generator_py/main_interface/main_interface_s__rosidl_typesupport_c.cpython-310-x86_64-linux-gnu.so[0m
[21.645s] [100%] [32m[1mLinking C shared library rosidl_generator_py/main_interface/main_interface_s__rosidl_typesupport_introspection_c.cpython-310-x86_64-linux-gnu.so[0m
[21.920s] [100%] Built target main_interface__rosidl_typesupport_c__pyext
[21.920s] [100%] Built target main_interface__rosidl_typesupport_fastrtps_c__pyext
[21.921s] [100%] Built target main_interface__rosidl_typesupport_introspection_c__pyext
[21.939s] Invoked command in '/home/unique/ros2_ws/ros_test/build/main_interface' returned '0': CMAKE_PREFIX_PATH=${CMAKE_PREFIX_PATH}:/home/unique/ros2_ws/ros2_21_tutorials/install/learning_urdf:/home/unique/ros2_ws/ros2_21_tutorials/install/learning_topic:/home/unique/ros2_ws/ros2_21_tutorials/install/learning_tf:/home/unique/ros2_ws/ros2_21_tutorials/install/learning_service:/home/unique/ros2_ws/ros2_21_tutorials/install/learning_qos:/home/unique/ros2_ws/ros2_21_tutorials/install/learning_pkg_python:/home/unique/ros2_ws/ros2_21_tutorials/install/learning_parameter:/home/unique/ros2_ws/ros2_21_tutorials/install/learning_node:/home/unique/ros2_ws/ros2_21_tutorials/install/learning_launch:/home/unique/ros2_ws/ros2_21_tutorials/install/learning_action:/home/unique/ros2_ws/ros2_21_tutorials/install/learning_gazebo_harmonic:/home/unique/ros2_ws/ros2_21_tutorials/install/learning_gazebo:/home/unique/ros2_ws/ros2_21_tutorials/install/learning_cv:/opt/ros/humble /usr/bin/cmake --build /home/unique/ros2_ws/ros_test/build/main_interface -- -j8 -l8
[21.954s] Invoking command in '/home/unique/ros2_ws/ros_test/build/main_interface': CMAKE_PREFIX_PATH=${CMAKE_PREFIX_PATH}:/home/unique/ros2_ws/ros2_21_tutorials/install/learning_urdf:/home/unique/ros2_ws/ros2_21_tutorials/install/learning_topic:/home/unique/ros2_ws/ros2_21_tutorials/install/learning_tf:/home/unique/ros2_ws/ros2_21_tutorials/install/learning_service:/home/unique/ros2_ws/ros2_21_tutorials/install/learning_qos:/home/unique/ros2_ws/ros2_21_tutorials/install/learning_pkg_python:/home/unique/ros2_ws/ros2_21_tutorials/install/learning_parameter:/home/unique/ros2_ws/ros2_21_tutorials/install/learning_node:/home/unique/ros2_ws/ros2_21_tutorials/install/learning_launch:/home/unique/ros2_ws/ros2_21_tutorials/install/learning_action:/home/unique/ros2_ws/ros2_21_tutorials/install/learning_gazebo_harmonic:/home/unique/ros2_ws/ros2_21_tutorials/install/learning_gazebo:/home/unique/ros2_ws/ros2_21_tutorials/install/learning_cv:/opt/ros/humble /usr/bin/cmake --install /home/unique/ros2_ws/ros_test/build/main_interface
[21.965s] -- Install configuration: ""
[21.966s] -- Installing: /home/unique/ros2_ws/ros_test/install/main_interface/share/ament_index/resource_index/rosidl_interfaces/main_interface
[21.966s] -- Installing: /home/unique/ros2_ws/ros_test/install/main_interface/include/main_interface/main_interface
[21.966s] -- Installing: /home/unique/ros2_ws/ros_test/install/main_interface/include/main_interface/main_interface/msg
[21.966s] -- Installing: /home/unique/ros2_ws/ros_test/install/main_interface/include/main_interface/main_interface/msg/rosidl_generator_c__visibility_control.h
[21.967s] -- Installing: /home/unique/ros2_ws/ros_test/install/main_interface/include/main_interface/main_interface/msg/byte_row.h
[21.967s] -- Installing: /home/unique/ros2_ws/ros_test/install/main_interface/include/main_interface/main_interface/msg/byte_rows.h
[21.967s] -- Installing: /home/unique/ros2_ws/ros_test/install/main_interface/include/main_interface/main_interface/msg/detail
[21.967s] -- Installing: /home/unique/ros2_ws/ros_test/install/main_interface/include/main_interface/main_interface/msg/detail/byte_rows__functions.h
[21.967s] -- Installing: /home/unique/ros2_ws/ros_test/install/main_interface/include/main_interface/main_interface/msg/detail/byte_row__functions.h
[21.967s] -- Installing: /home/unique/ros2_ws/ros_test/install/main_interface/include/main_interface/main_interface/msg/detail/byte_row__functions.c
[21.968s] -- Installing: /home/unique/ros2_ws/ros_test/install/main_interface/include/main_interface/main_interface/msg/detail/byte_rows__type_support.h
[21.968s] -- Installing: /home/unique/ros2_ws/ros_test/install/main_interface/include/main_interface/main_interface/msg/detail/byte_rows__functions.c
[21.968s] -- Installing: /home/unique/ros2_ws/ros_test/install/main_interface/include/main_interface/main_interface/msg/detail/byte_row__struct.h
[21.968s] -- Installing: /home/unique/ros2_ws/ros_test/install/main_interface/include/main_interface/main_interface/msg/detail/byte_row__type_support.h
[21.968s] -- Installing: /home/unique/ros2_ws/ros_test/install/main_interface/include/main_interface/main_interface/msg/detail/byte_rows__struct.h
[21.969s] -- Installing: /home/unique/ros2_ws/ros_test/install/main_interface/share/main_interface/environment/library_path.sh
[21.969s] -- Installing: /home/unique/ros2_ws/ros_test/install/main_interface/share/main_interface/environment/library_path.dsv
[21.969s] -- Installing: /home/unique/ros2_ws/ros_test/install/main_interface/lib/libmain_interface__rosidl_generator_c.so
[21.970s] -- Set runtime path of "/home/unique/ros2_ws/ros_test/install/main_interface/lib/libmain_interface__rosidl_generator_c.so" to ""
[21.971s] -- Up-to-date: /home/unique/ros2_ws/ros_test/install/main_interface/include/main_interface/main_interface
[21.971s] -- Up-to-date: /home/unique/ros2_ws/ros_test/install/main_interface/include/main_interface/main_interface/msg
[21.971s] -- Installing: /home/unique/ros2_ws/ros_test/install/main_interface/include/main_interface/main_interface/msg/rosidl_typesupport_fastrtps_c__visibility_control.h
[21.971s] -- Up-to-date: /home/unique/ros2_ws/ros_test/install/main_interface/include/main_interface/main_interface/msg/detail
[21.971s] -- Installing: /home/unique/ros2_ws/ros_test/install/main_interface/include/main_interface/main_interface/msg/detail/byte_row__rosidl_typesupport_fastrtps_c.h
[21.971s] -- Installing: /home/unique/ros2_ws/ros_test/install/main_interface/include/main_interface/main_interface/msg/detail/byte_rows__rosidl_typesupport_fastrtps_c.h
[21.971s] -- Installing: /home/unique/ros2_ws/ros_test/install/main_interface/lib/libmain_interface__rosidl_typesupport_fastrtps_c.so
[21.972s] -- Set runtime path of "/home/unique/ros2_ws/ros_test/install/main_interface/lib/libmain_interface__rosidl_typesupport_fastrtps_c.so" to ""
[21.972s] -- Up-to-date: /home/unique/ros2_ws/ros_test/install/main_interface/include/main_interface/main_interface
[21.973s] -- Up-to-date: /home/unique/ros2_ws/ros_test/install/main_interface/include/main_interface/main_interface/msg
[21.973s] -- Installing: /home/unique/ros2_ws/ros_test/install/main_interface/include/main_interface/main_interface/msg/byte_row.hpp
[21.973s] -- Installing: /home/unique/ros2_ws/ros_test/install/main_interface/include/main_interface/main_interface/msg/rosidl_generator_cpp__visibility_control.hpp
[21.973s] -- Up-to-date: /home/unique/ros2_ws/ros_test/install/main_interface/include/main_interface/main_interface/msg/detail
[21.973s] -- Installing: /home/unique/ros2_ws/ros_test/install/main_interface/include/main_interface/main_interface/msg/detail/byte_rows__builder.hpp
[21.974s] -- Installing: /home/unique/ros2_ws/ros_test/install/main_interface/include/main_interface/main_interface/msg/detail/byte_row__builder.hpp
[21.974s] -- Installing: /home/unique/ros2_ws/ros_test/install/main_interface/include/main_interface/main_interface/msg/detail/byte_rows__struct.hpp
[21.974s] -- Installing: /home/unique/ros2_ws/ros_test/install/main_interface/include/main_interface/main_interface/msg/detail/byte_row__struct.hpp
[21.974s] -- Installing: /home/unique/ros2_ws/ros_test/install/main_interface/include/main_interface/main_interface/msg/detail/byte_rows__type_support.hpp
[21.974s] -- Installing: /home/unique/ros2_ws/ros_test/install/main_interface/include/main_interface/main_interface/msg/detail/byte_row__type_support.hpp
[21.975s] -- Installing: /home/unique/ros2_ws/ros_test/install/main_interface/include/main_interface/main_interface/msg/detail/byte_rows__traits.hpp
[21.975s] -- Installing: /home/unique/ros2_ws/ros_test/install/main_interface/include/main_interface/main_interface/msg/detail/byte_row__traits.hpp
[21.975s] -- Installing: /home/unique/ros2_ws/ros_test/install/main_interface/include/main_interface/main_interface/msg/byte_rows.hpp
[21.975s] -- Up-to-date: /home/unique/ros2_ws/ros_test/install/main_interface/include/main_interface/main_interface
[21.975s] -- Up-to-date: /home/unique/ros2_ws/ros_test/install/main_interface/include/main_interface/main_interface/msg
[21.975s] -- Installing: /home/unique/ros2_ws/ros_test/install/main_interface/include/main_interface/main_interface/msg/rosidl_typesupport_fastrtps_cpp__visibility_control.h
[21.976s] -- Up-to-date: /home/unique/ros2_ws/ros_test/install/main_interface/include/main_interface/main_interface/msg/detail
[21.976s] -- Installing: /home/unique/ros2_ws/ros_test/install/main_interface/include/main_interface/main_interface/msg/detail/byte_rows__rosidl_typesupport_fastrtps_cpp.hpp
[21.976s] -- Installing: /home/unique/ros2_ws/ros_test/install/main_interface/include/main_interface/main_interface/msg/detail/byte_row__rosidl_typesupport_fastrtps_cpp.hpp
[21.976s] -- Installing: /home/unique/ros2_ws/ros_test/install/main_interface/include/main_interface/main_interface/msg/detail/dds_fastrtps
[21.976s] -- Installing: /home/unique/ros2_ws/ros_test/install/main_interface/lib/libmain_interface__rosidl_typesupport_fastrtps_cpp.so
[21.977s] -- Set runtime path of "/home/unique/ros2_ws/ros_test/install/main_interface/lib/libmain_interface__rosidl_typesupport_fastrtps_cpp.so" to ""
[21.977s] -- Up-to-date: /home/unique/ros2_ws/ros_test/install/main_interface/include/main_interface/main_interface
[21.978s] -- Up-to-date: /home/unique/ros2_ws/ros_test/install/main_interface/include/main_interface/main_interface/msg
[21.978s] -- Installing: /home/unique/ros2_ws/ros_test/install/main_interface/include/main_interface/main_interface/msg/rosidl_typesupport_introspection_c__visibility_control.h
[21.978s] -- Up-to-date: /home/unique/ros2_ws/ros_test/install/main_interface/include/main_interface/main_interface/msg/detail
[21.978s] -- Installing: /home/unique/ros2_ws/ros_test/install/main_interface/include/main_interface/main_interface/msg/detail/byte_rows__rosidl_typesupport_introspection_c.h
[21.978s] -- Installing: /home/unique/ros2_ws/ros_test/install/main_interface/include/main_interface/main_interface/msg/detail/byte_rows__type_support.c
[21.979s] -- Installing: /home/unique/ros2_ws/ros_test/install/main_interface/include/main_interface/main_interface/msg/detail/byte_row__type_support.c
[21.979s] -- Installing: /home/unique/ros2_ws/ros_test/install/main_interface/include/main_interface/main_interface/msg/detail/byte_row__rosidl_typesupport_introspection_c.h
[21.979s] -- Installing: /home/unique/ros2_ws/ros_test/install/main_interface/lib/libmain_interface__rosidl_typesupport_introspection_c.so
[21.980s] -- Set runtime path of "/home/unique/ros2_ws/ros_test/install/main_interface/lib/libmain_interface__rosidl_typesupport_introspection_c.so" to ""
[21.980s] -- Installing: /home/unique/ros2_ws/ros_test/install/main_interface/lib/libmain_interface__rosidl_typesupport_c.so
[21.981s] -- Set runtime path of "/home/unique/ros2_ws/ros_test/install/main_interface/lib/libmain_interface__rosidl_typesupport_c.so" to ""
[21.981s] -- Up-to-date: /home/unique/ros2_ws/ros_test/install/main_interface/include/main_interface/main_interface
[21.981s] -- Up-to-date: /home/unique/ros2_ws/ros_test/install/main_interface/include/main_interface/main_interface/msg
[21.981s] -- Up-to-date: /home/unique/ros2_ws/ros_test/install/main_interface/include/main_interface/main_interface/msg/detail
[21.981s] -- Installing: /home/unique/ros2_ws/ros_test/install/main_interface/include/main_interface/main_interface/msg/detail/byte_rows__type_support.cpp
[21.982s] -- Installing: /home/unique/ros2_ws/ros_test/install/main_interface/include/main_interface/main_interface/msg/detail/byte_row__rosidl_typesupport_introspection_cpp.hpp
[21.982s] -- Installing: /home/unique/ros2_ws/ros_test/install/main_interface/include/main_interface/main_interface/msg/detail/byte_row__type_support.cpp
[21.982s] -- Installing: /home/unique/ros2_ws/ros_test/install/main_interface/include/main_interface/main_interface/msg/detail/byte_rows__rosidl_typesupport_introspection_cpp.hpp
[21.982s] -- Installing: /home/unique/ros2_ws/ros_test/install/main_interface/lib/libmain_interface__rosidl_typesupport_introspection_cpp.so
[21.983s] -- Set runtime path of "/home/unique/ros2_ws/ros_test/install/main_interface/lib/libmain_interface__rosidl_typesupport_introspection_cpp.so" to ""
[21.983s] -- Installing: /home/unique/ros2_ws/ros_test/install/main_interface/lib/libmain_interface__rosidl_typesupport_cpp.so
[21.984s] -- Set runtime path of "/home/unique/ros2_ws/ros_test/install/main_interface/lib/libmain_interface__rosidl_typesupport_cpp.so" to ""
[21.984s] -- Installing: /home/unique/ros2_ws/ros_test/install/main_interface/share/main_interface/environment/pythonpath.sh
[21.984s] -- Installing: /home/unique/ros2_ws/ros_test/install/main_interface/share/main_interface/environment/pythonpath.dsv
[21.985s] -- Installing: /home/unique/ros2_ws/ros_test/install/main_interface/local/lib/python3.10/dist-packages/main_interface-0.0.0-py3.10.egg-info
[21.986s] -- Installing: /home/unique/ros2_ws/ros_test/install/main_interface/local/lib/python3.10/dist-packages/main_interface-0.0.0-py3.10.egg-info/dependency_links.txt
[21.986s] -- Installing: /home/unique/ros2_ws/ros_test/install/main_interface/local/lib/python3.10/dist-packages/main_interface-0.0.0-py3.10.egg-info/PKG-INFO
[21.986s] -- Installing: /home/unique/ros2_ws/ros_test/install/main_interface/local/lib/python3.10/dist-packages/main_interface-0.0.0-py3.10.egg-info/top_level.txt
[21.986s] -- Installing: /home/unique/ros2_ws/ros_test/install/main_interface/local/lib/python3.10/dist-packages/main_interface-0.0.0-py3.10.egg-info/SOURCES.txt
[21.987s] -- Installing: /home/unique/ros2_ws/ros_test/install/main_interface/local/lib/python3.10/dist-packages/main_interface
[21.988s] -- Installing: /home/unique/ros2_ws/ros_test/install/main_interface/local/lib/python3.10/dist-packages/main_interface/_main_interface_s.ep.rosidl_typesupport_introspection_c.c
[21.988s] -- Installing: /home/unique/ros2_ws/ros_test/install/main_interface/local/lib/python3.10/dist-packages/main_interface/main_interface_s__rosidl_typesupport_c.cpython-310-x86_64-linux-gnu.so
[21.988s] -- Installing: /home/unique/ros2_ws/ros_test/install/main_interface/local/lib/python3.10/dist-packages/main_interface/_main_interface_s.ep.rosidl_typesupport_c.c
[21.988s] -- Installing: /home/unique/ros2_ws/ros_test/install/main_interface/local/lib/python3.10/dist-packages/main_interface/libmain_interface__rosidl_generator_py.so
[21.988s] -- Installing: /home/unique/ros2_ws/ros_test/install/main_interface/local/lib/python3.10/dist-packages/main_interface/main_interface_s__rosidl_typesupport_fastrtps_c.cpython-310-x86_64-linux-gnu.so
[21.989s] -- Installing: /home/unique/ros2_ws/ros_test/install/main_interface/local/lib/python3.10/dist-packages/main_interface/_main_interface_s.ep.rosidl_typesupport_fastrtps_c.c
[21.989s] -- Installing: /home/unique/ros2_ws/ros_test/install/main_interface/local/lib/python3.10/dist-packages/main_interface/msg
[21.989s] -- Installing: /home/unique/ros2_ws/ros_test/install/main_interface/local/lib/python3.10/dist-packages/main_interface/msg/_byte_rows_s.c
[21.990s] -- Installing: /home/unique/ros2_ws/ros_test/install/main_interface/local/lib/python3.10/dist-packages/main_interface/msg/_byte_rows.py
[21.990s] -- Installing: /home/unique/ros2_ws/ros_test/install/main_interface/local/lib/python3.10/dist-packages/main_interface/msg/_byte_row_s.c
[21.990s] -- Installing: /home/unique/ros2_ws/ros_test/install/main_interface/local/lib/python3.10/dist-packages/main_interface/msg/_byte_row.py
[21.990s] -- Installing: /home/unique/ros2_ws/ros_test/install/main_interface/local/lib/python3.10/dist-packages/main_interface/msg/__init__.py
[21.991s] -- Installing: /home/unique/ros2_ws/ros_test/install/main_interface/local/lib/python3.10/dist-packages/main_interface/__init__.py
[21.991s] -- Installing: /home/unique/ros2_ws/ros_test/install/main_interface/local/lib/python3.10/dist-packages/main_interface/main_interface_s__rosidl_typesupport_introspection_c.cpython-310-x86_64-linux-gnu.so
[22.039s] Listing '/home/unique/ros2_ws/ros_test/install/main_interface/local/lib/python3.10/dist-packages/main_interface'...
[22.039s] Compiling '/home/unique/ros2_ws/ros_test/install/main_interface/local/lib/python3.10/dist-packages/main_interface/__init__.py'...
[22.039s] Listing '/home/unique/ros2_ws/ros_test/install/main_interface/local/lib/python3.10/dist-packages/main_interface/msg'...
[22.039s] Compiling '/home/unique/ros2_ws/ros_test/install/main_interface/local/lib/python3.10/dist-packages/main_interface/msg/__init__.py'...
[22.039s] Compiling '/home/unique/ros2_ws/ros_test/install/main_interface/local/lib/python3.10/dist-packages/main_interface/msg/_byte_row.py'...
[22.039s] Compiling '/home/unique/ros2_ws/ros_test/install/main_interface/local/lib/python3.10/dist-packages/main_interface/msg/_byte_rows.py'...
[22.046s] -- Installing: /home/unique/ros2_ws/ros_test/install/main_interface/local/lib/python3.10/dist-packages/main_interface/main_interface_s__rosidl_typesupport_fastrtps_c.cpython-310-x86_64-linux-gnu.so
[22.046s] -- Set runtime path of "/home/unique/ros2_ws/ros_test/install/main_interface/local/lib/python3.10/dist-packages/main_interface/main_interface_s__rosidl_typesupport_fastrtps_c.cpython-310-x86_64-linux-gnu.so" to ""
[22.046s] -- Installing: /home/unique/ros2_ws/ros_test/install/main_interface/local/lib/python3.10/dist-packages/main_interface/main_interface_s__rosidl_typesupport_introspection_c.cpython-310-x86_64-linux-gnu.so
[22.047s] -- Set runtime path of "/home/unique/ros2_ws/ros_test/install/main_interface/local/lib/python3.10/dist-packages/main_interface/main_interface_s__rosidl_typesupport_introspection_c.cpython-310-x86_64-linux-gnu.so" to ""
[22.047s] -- Installing: /home/unique/ros2_ws/ros_test/install/main_interface/local/lib/python3.10/dist-packages/main_interface/main_interface_s__rosidl_typesupport_c.cpython-310-x86_64-linux-gnu.so
[22.048s] -- Set runtime path of "/home/unique/ros2_ws/ros_test/install/main_interface/local/lib/python3.10/dist-packages/main_interface/main_interface_s__rosidl_typesupport_c.cpython-310-x86_64-linux-gnu.so" to ""
[22.048s] -- Installing: /home/unique/ros2_ws/ros_test/install/main_interface/lib/libmain_interface__rosidl_generator_py.so
[22.048s] -- Set runtime path of "/home/unique/ros2_ws/ros_test/install/main_interface/lib/libmain_interface__rosidl_generator_py.so" to ""
[22.049s] -- Installing: /home/unique/ros2_ws/ros_test/install/main_interface/share/ament_index/resource_index/rust_packages/main_interface
[22.049s] -- Installing: /home/unique/ros2_ws/ros_test/install/main_interface/share/main_interface/rust
[22.049s] -- Installing: /home/unique/ros2_ws/ros_test/install/main_interface/share/main_interface/rust/src
[22.049s] -- Installing: /home/unique/ros2_ws/ros_test/install/main_interface/share/main_interface/rust/src/msg
[22.049s] -- Installing: /home/unique/ros2_ws/ros_test/install/main_interface/share/main_interface/rust/src/msg/rmw.rs
[22.050s] -- Installing: /home/unique/ros2_ws/ros_test/install/main_interface/share/main_interface/rust/src/lib.rs
[22.050s] -- Installing: /home/unique/ros2_ws/ros_test/install/main_interface/share/main_interface/rust/src/msg.rs
[22.050s] -- Installing: /home/unique/ros2_ws/ros_test/install/main_interface/share/main_interface/rust/build.rs
[22.050s] -- Installing: /home/unique/ros2_ws/ros_test/install/main_interface/share/main_interface/rust/Cargo.toml
[22.051s] -- Installing: /home/unique/ros2_ws/ros_test/install/main_interface/share/main_interface/msg/ByteRow.idl
[22.051s] -- Installing: /home/unique/ros2_ws/ros_test/install/main_interface/share/main_interface/msg/ByteRows.idl
[22.051s] -- Installing: /home/unique/ros2_ws/ros_test/install/main_interface/share/main_interface/msg/ByteRow.msg
[22.051s] -- Installing: /home/unique/ros2_ws/ros_test/install/main_interface/share/main_interface/msg/ByteRows.msg
[22.052s] -- Installing: /home/unique/ros2_ws/ros_test/install/main_interface/share/ament_index/resource_index/package_run_dependencies/main_interface
[22.052s] -- Installing: /home/unique/ros2_ws/ros_test/install/main_interface/share/ament_index/resource_index/parent_prefix_path/main_interface
[22.052s] -- Installing: /home/unique/ros2_ws/ros_test/install/main_interface/share/main_interface/environment/ament_prefix_path.sh
[22.053s] -- Installing: /home/unique/ros2_ws/ros_test/install/main_interface/share/main_interface/environment/ament_prefix_path.dsv
[22.053s] -- Installing: /home/unique/ros2_ws/ros_test/install/main_interface/share/main_interface/environment/path.sh
[22.053s] -- Installing: /home/unique/ros2_ws/ros_test/install/main_interface/share/main_interface/environment/path.dsv
[22.053s] -- Installing: /home/unique/ros2_ws/ros_test/install/main_interface/share/main_interface/local_setup.bash
[22.054s] -- Installing: /home/unique/ros2_ws/ros_test/install/main_interface/share/main_interface/local_setup.sh
[22.054s] -- Installing: /home/unique/ros2_ws/ros_test/install/main_interface/share/main_interface/local_setup.zsh
[22.054s] -- Installing: /home/unique/ros2_ws/ros_test/install/main_interface/share/main_interface/local_setup.dsv
[22.055s] -- Installing: /home/unique/ros2_ws/ros_test/install/main_interface/share/main_interface/package.dsv
[22.055s] -- Installing: /home/unique/ros2_ws/ros_test/install/main_interface/share/ament_index/resource_index/packages/main_interface
[22.055s] -- Installing: /home/unique/ros2_ws/ros_test/install/main_interface/share/main_interface/cmake/export_main_interface__rosidl_generator_cExport.cmake
[22.056s] -- Installing: /home/unique/ros2_ws/ros_test/install/main_interface/share/main_interface/cmake/export_main_interface__rosidl_generator_cExport-noconfig.cmake
[22.056s] -- Installing: /home/unique/ros2_ws/ros_test/install/main_interface/share/main_interface/cmake/export_main_interface__rosidl_typesupport_fastrtps_cExport.cmake
[22.056s] -- Installing: /home/unique/ros2_ws/ros_test/install/main_interface/share/main_interface/cmake/export_main_interface__rosidl_typesupport_fastrtps_cExport-noconfig.cmake
[22.056s] -- Installing: /home/unique/ros2_ws/ros_test/install/main_interface/share/main_interface/cmake/export_main_interface__rosidl_generator_cppExport.cmake
[22.057s] -- Installing: /home/unique/ros2_ws/ros_test/install/main_interface/share/main_interface/cmake/export_main_interface__rosidl_typesupport_fastrtps_cppExport.cmake
[22.057s] -- Installing: /home/unique/ros2_ws/ros_test/install/main_interface/share/main_interface/cmake/export_main_interface__rosidl_typesupport_fastrtps_cppExport-noconfig.cmake
[22.057s] -- Installing: /home/unique/ros2_ws/ros_test/install/main_interface/share/main_interface/cmake/main_interface__rosidl_typesupport_introspection_cExport.cmake
[22.058s] -- Installing: /home/unique/ros2_ws/ros_test/install/main_interface/share/main_interface/cmake/main_interface__rosidl_typesupport_introspection_cExport-noconfig.cmake
[22.058s] -- Installing: /home/unique/ros2_ws/ros_test/install/main_interface/share/main_interface/cmake/main_interface__rosidl_typesupport_cExport.cmake
[22.058s] -- Installing: /home/unique/ros2_ws/ros_test/install/main_interface/share/main_interface/cmake/main_interface__rosidl_typesupport_cExport-noconfig.cmake
[22.059s] -- Installing: /home/unique/ros2_ws/ros_test/install/main_interface/share/main_interface/cmake/main_interface__rosidl_typesupport_introspection_cppExport.cmake
[22.059s] -- Installing: /home/unique/ros2_ws/ros_test/install/main_interface/share/main_interface/cmake/main_interface__rosidl_typesupport_introspection_cppExport-noconfig.cmake
[22.059s] -- Installing: /home/unique/ros2_ws/ros_test/install/main_interface/share/main_interface/cmake/main_interface__rosidl_typesupport_cppExport.cmake
[22.059s] -- Installing: /home/unique/ros2_ws/ros_test/install/main_interface/share/main_interface/cmake/main_interface__rosidl_typesupport_cppExport-noconfig.cmake
[22.059s] -- Installing: /home/unique/ros2_ws/ros_test/install/main_interface/share/main_interface/cmake/export_main_interface__rosidl_generator_pyExport.cmake
[22.060s] -- Installing: /home/unique/ros2_ws/ros_test/install/main_interface/share/main_interface/cmake/export_main_interface__rosidl_generator_pyExport-noconfig.cmake
[22.060s] -- Installing: /home/unique/ros2_ws/ros_test/install/main_interface/share/main_interface/cmake/rosidl_cmake-extras.cmake
[22.060s] -- Installing: /home/unique/ros2_ws/ros_test/install/main_interface/share/main_interface/cmake/ament_cmake_export_dependencies-extras.cmake
[22.060s] -- Installing: /home/unique/ros2_ws/ros_test/install/main_interface/share/main_interface/cmake/ament_cmake_export_include_directories-extras.cmake
[22.061s] -- Installing: /home/unique/ros2_ws/ros_test/install/main_interface/share/main_interface/cmake/ament_cmake_export_libraries-extras.cmake
[22.061s] -- Installing: /home/unique/ros2_ws/ros_test/install/main_interface/share/main_interface/cmake/ament_cmake_export_targets-extras.cmake
[22.061s] -- Installing: /home/unique/ros2_ws/ros_test/install/main_interface/share/main_interface/cmake/rosidl_cmake_export_typesupport_targets-extras.cmake
[22.061s] -- Installing: /home/unique/ros2_ws/ros_test/install/main_interface/share/main_interface/cmake/rosidl_cmake_export_typesupport_libraries-extras.cmake
[22.062s] -- Installing: /home/unique/ros2_ws/ros_test/install/main_interface/share/main_interface/cmake/main_interfaceConfig.cmake
[22.062s] -- Installing: /home/unique/ros2_ws/ros_test/install/main_interface/share/main_interface/cmake/main_interfaceConfig-version.cmake
[22.062s] -- Installing: /home/unique/ros2_ws/ros_test/install/main_interface/share/main_interface/package.xml
[22.066s] Invoked command in '/home/unique/ros2_ws/ros_test/build/main_interface' returned '0': CMAKE_PREFIX_PATH=${CMAKE_PREFIX_PATH}:/home/unique/ros2_ws/ros2_21_tutorials/install/learning_urdf:/home/unique/ros2_ws/ros2_21_tutorials/install/learning_topic:/home/unique/ros2_ws/ros2_21_tutorials/install/learning_tf:/home/unique/ros2_ws/ros2_21_tutorials/install/learning_service:/home/unique/ros2_ws/ros2_21_tutorials/install/learning_qos:/home/unique/ros2_ws/ros2_21_tutorials/install/learning_pkg_python:/home/unique/ros2_ws/ros2_21_tutorials/install/learning_parameter:/home/unique/ros2_ws/ros2_21_tutorials/install/learning_node:/home/unique/ros2_ws/ros2_21_tutorials/install/learning_launch:/home/unique/ros2_ws/ros2_21_tutorials/install/learning_action:/home/unique/ros2_ws/ros2_21_tutorials/install/learning_gazebo_harmonic:/home/unique/ros2_ws/ros2_21_tutorials/install/learning_gazebo:/home/unique/ros2_ws/ros2_21_tutorials/install/learning_cv:/opt/ros/humble /usr/bin/cmake --install /home/unique/ros2_ws/ros_test/build/main_interface
