[35m[1mConsolidate compiler generated dependencies of target IOqueue[0m
[ 50%] [32mBuilding CXX object CMakeFiles/IOqueue.dir/src/IOqueue.cpp.o[0m
[100%] [32m[1mLinking CXX shared library libIOqueue.so[0m
[100%] Built target IOqueue
-- Install configuration: ""
-- Installing: /home/unique/ros2_ws/ros_test/install/IOqueue/include
-- Installing: /home/unique/ros2_ws/ros_test/install/IOqueue/include/IOqueue
-- Installing: /home/unique/ros2_ws/ros_test/install/IOqueue/include/IOqueue/IOqueue.hpp
-- Installing: /home/unique/ros2_ws/ros_test/install/IOqueue/share/ament_index/resource_index/package_run_dependencies/IOqueue
-- Installing: /home/unique/ros2_ws/ros_test/install/IOqueue/share/ament_index/resource_index/parent_prefix_path/IOqueue
-- Installing: /home/unique/ros2_ws/ros_test/install/IOqueue/share/IOqueue/environment/ament_prefix_path.sh
-- Installing: /home/unique/ros2_ws/ros_test/install/IOqueue/share/IOqueue/environment/ament_prefix_path.dsv
-- Installing: /home/unique/ros2_ws/ros_test/install/IOqueue/share/IOqueue/environment/path.sh
-- Installing: /home/unique/ros2_ws/ros_test/install/IOqueue/share/IOqueue/environment/path.dsv
-- Installing: /home/unique/ros2_ws/ros_test/install/IOqueue/share/IOqueue/local_setup.bash
-- Installing: /home/unique/ros2_ws/ros_test/install/IOqueue/share/IOqueue/local_setup.sh
-- Installing: /home/unique/ros2_ws/ros_test/install/IOqueue/share/IOqueue/local_setup.zsh
-- Installing: /home/unique/ros2_ws/ros_test/install/IOqueue/share/IOqueue/local_setup.dsv
-- Installing: /home/unique/ros2_ws/ros_test/install/IOqueue/share/IOqueue/package.dsv
-- Installing: /home/unique/ros2_ws/ros_test/install/IOqueue/share/ament_index/resource_index/packages/IOqueue
-- Installing: /home/unique/ros2_ws/ros_test/install/IOqueue/share/IOqueue/cmake/IOqueueConfig.cmake
-- Installing: /home/unique/ros2_ws/ros_test/install/IOqueue/share/IOqueue/cmake/IOqueueConfig-version.cmake
-- Installing: /home/unique/ros2_ws/ros_test/install/IOqueue/share/IOqueue/package.xml
