-- Found ament_cmake: 1.3.14 (/opt/ros/humble/share/ament_cmake/cmake)
-- Found rclcpp: 16.0.19 (/opt/ros/humble/share/rclcpp/cmake)
-- Found rosidl_generator_c: 3.1.8 (/opt/ros/humble/share/rosidl_generator_c/cmake)
-- Found rosidl_adapter: 3.1.8 (/opt/ros/humble/share/rosidl_adapter/cmake)
-- Found rosidl_generator_cpp: 3.1.8 (/opt/ros/humble/share/rosidl_generator_cpp/cmake)
-- Using all available rosidl_typesupport_c: rosidl_typesupport_fastrtps_c;rosidl_typesupport_introspection_c
-- Using all available rosidl_typesupport_cpp: rosidl_typesupport_fastrtps_cpp;rosidl_typesupport_introspection_cpp
-- Found rmw_implementation_cmake: 6.1.2 (/opt/ros/humble/share/rmw_implementation_cmake/cmake)
-- Found rmw_fastrtps_cpp: 6.2.10 (/opt/ros/humble/share/rmw_fastrtps_cpp/cmake)
-- Using RMW implementation 'rmw_fastrtps_cpp' as default
-- Found rclcpp_components: 16.0.19 (/opt/ros/humble/share/rclcpp_components/cmake)
-- Found realtime_common: 0.0.0 (/home/unique/ros2_ws/ros_test/install/realtime_common/share/realtime_common/cmake)
-- Found main_interface: 0.0.0 (/home/unique/ros2_ws/ros_test/install/main_interface/share/main_interface/cmake)
-- Found ament_lint_auto: 0.12.15 (/opt/ros/humble/share/ament_lint_auto/cmake)
WARNING: Package name "IOqueue" does not follow the naming conventions. It should start with a lower case letter and only contain lower case letters, digits, underscores, and dashes.
-- Added test 'cppcheck' to perform static code analysis on C / C++ code
-- Configured cppcheck include dirs: $<BUILD_INTERFACE:/home/unique/ros2_ws/ros_test/src/IOqueue/include>
-- Configured cppcheck exclude dirs and/or files: 
-- Added test 'lint_cmake' to check CMake code style
-- Added test 'uncrustify' to check C / C++ code style
-- Configured uncrustify additional arguments: 
-- Added test 'xmllint' to check XML markup files
-- Configuring done
-- Generating done
-- Build files have been written to: /home/unique/ros2_ws/ros_test/build/IOqueue
[35m[1mConsolidate compiler generated dependencies of target IOqueue[0m
[ 25%] [32mBuilding CXX object CMakeFiles/IOqueue_node.dir/rclcpp_components/node_main_IOqueue_node.cpp.o[0m
[ 50%] [32m[1mLinking CXX shared library libIOqueue.so[0m
[ 75%] Built target IOqueue
[100%] [32m[1mLinking CXX executable IOqueue_node[0m
[100%] Built target IOqueue_node
-- Install configuration: ""
-- Up-to-date: /home/unique/ros2_ws/ros_test/install/IOqueue/include
-- Up-to-date: /home/unique/ros2_ws/ros_test/install/IOqueue/include/IOqueue
-- Up-to-date: /home/unique/ros2_ws/ros_test/install/IOqueue/include/IOqueue/IOqueue.hpp
-- Installing: /home/unique/ros2_ws/ros_test/install/IOqueue/lib/libIOqueue.so
-- Set runtime path of "/home/unique/ros2_ws/ros_test/install/IOqueue/lib/libIOqueue.so" to ""
-- Installing: /home/unique/ros2_ws/ros_test/install/IOqueue/lib/IOqueue/IOqueue_node
-- Set runtime path of "/home/unique/ros2_ws/ros_test/install/IOqueue/lib/IOqueue/IOqueue_node" to ""
-- Up-to-date: /home/unique/ros2_ws/ros_test/install/IOqueue/share/ament_index/resource_index/package_run_dependencies/IOqueue
-- Installing: /home/unique/ros2_ws/ros_test/install/IOqueue/share/ament_index/resource_index/parent_prefix_path/IOqueue
-- Up-to-date: /home/unique/ros2_ws/ros_test/install/IOqueue/share/IOqueue/environment/ament_prefix_path.sh
-- Installing: /home/unique/ros2_ws/ros_test/install/IOqueue/share/IOqueue/environment/ament_prefix_path.dsv
-- Up-to-date: /home/unique/ros2_ws/ros_test/install/IOqueue/share/IOqueue/environment/path.sh
-- Installing: /home/unique/ros2_ws/ros_test/install/IOqueue/share/IOqueue/environment/path.dsv
-- Up-to-date: /home/unique/ros2_ws/ros_test/install/IOqueue/share/IOqueue/local_setup.bash
-- Up-to-date: /home/unique/ros2_ws/ros_test/install/IOqueue/share/IOqueue/local_setup.sh
-- Up-to-date: /home/unique/ros2_ws/ros_test/install/IOqueue/share/IOqueue/local_setup.zsh
-- Installing: /home/unique/ros2_ws/ros_test/install/IOqueue/share/IOqueue/local_setup.dsv
-- Installing: /home/unique/ros2_ws/ros_test/install/IOqueue/share/IOqueue/package.dsv
-- Up-to-date: /home/unique/ros2_ws/ros_test/install/IOqueue/share/ament_index/resource_index/packages/IOqueue
-- Installing: /home/unique/ros2_ws/ros_test/install/IOqueue/share/ament_index/resource_index/rclcpp_components/IOqueue
-- Up-to-date: /home/unique/ros2_ws/ros_test/install/IOqueue/share/IOqueue/cmake/IOqueueConfig.cmake
-- Up-to-date: /home/unique/ros2_ws/ros_test/install/IOqueue/share/IOqueue/cmake/IOqueueConfig-version.cmake
-- Up-to-date: /home/unique/ros2_ws/ros_test/install/IOqueue/share/IOqueue/package.xml
