[35m[1mConsolidate compiler generated dependencies of target IOqueue[0m
[ 50%] Built target IOqueue_node
[ 75%] [32mBuilding CXX object CMakeFiles/IOqueue.dir/src/IOqueue.cpp.o[0m
[01m[K/home/unique/ros2_ws/ros_test/src/IOqueue/src/IOqueue.cpp:[m[K In member function ‘[01m[Kvoid io_queue::IOqueue::read_io_thread()[m[K’:
[01m[K/home/unique/ros2_ws/ros_test/src/IOqueue/src/IOqueue.cpp:185:10:[m[K [01;35m[Kwarning: [m[Kvariable ‘[01m[Kstart[m[K’ set but not used [[01;35m[K]8;;https://gcc.gnu.org/onlinedocs/gcc/Warning-Options.html#index-Wunused-but-set-variable-Wunused-but-set-variable]8;;[m[K]
  185 |     auto [01;35m[Kstart[m[K = clock::now();
      |          [01;35m[K^~~~~[m[K
[01m[K/home/unique/ros2_ws/ros_test/src/IOqueue/src/IOqueue.cpp:[m[K In member function ‘[01m[Kvoid io_queue::IOqueue::write_io_thread()[m[K’:
[01m[K/home/unique/ros2_ws/ros_test/src/IOqueue/src/IOqueue.cpp:258:10:[m[K [01;35m[Kwarning: [m[Kvariable ‘[01m[Kstart[m[K’ set but not used [[01;35m[K]8;;https://gcc.gnu.org/onlinedocs/gcc/Warning-Options.html#index-Wunused-but-set-variable-Wunused-but-set-variable]8;;[m[K]
  258 |     auto [01;35m[Kstart[m[K = clock::now();
      |          [01;35m[K^~~~~[m[K
[100%] [32m[1mLinking CXX shared library libIOqueue.so[0m
[100%] Built target IOqueue
-- Install configuration: ""
-- Up-to-date: /home/unique/ros2_ws/ros_test/install/IOqueue/include
-- Up-to-date: /home/unique/ros2_ws/ros_test/install/IOqueue/include/IOqueue
-- Installing: /home/unique/ros2_ws/ros_test/install/IOqueue/include/IOqueue/IOqueue.hpp
-- Installing: /home/unique/ros2_ws/ros_test/install/IOqueue/lib/libIOqueue.so
-- Set runtime path of "/home/unique/ros2_ws/ros_test/install/IOqueue/lib/libIOqueue.so" to ""
-- Up-to-date: /home/unique/ros2_ws/ros_test/install/IOqueue/lib/IOqueue/IOqueue_node
-- Up-to-date: /home/unique/ros2_ws/ros_test/install/IOqueue/share/ament_index/resource_index/package_run_dependencies/IOqueue
-- Up-to-date: /home/unique/ros2_ws/ros_test/install/IOqueue/share/ament_index/resource_index/parent_prefix_path/IOqueue
-- Up-to-date: /home/unique/ros2_ws/ros_test/install/IOqueue/share/IOqueue/environment/ament_prefix_path.sh
-- Up-to-date: /home/unique/ros2_ws/ros_test/install/IOqueue/share/IOqueue/environment/ament_prefix_path.dsv
-- Up-to-date: /home/unique/ros2_ws/ros_test/install/IOqueue/share/IOqueue/environment/path.sh
-- Up-to-date: /home/unique/ros2_ws/ros_test/install/IOqueue/share/IOqueue/environment/path.dsv
-- Up-to-date: /home/unique/ros2_ws/ros_test/install/IOqueue/share/IOqueue/local_setup.bash
-- Up-to-date: /home/unique/ros2_ws/ros_test/install/IOqueue/share/IOqueue/local_setup.sh
-- Up-to-date: /home/unique/ros2_ws/ros_test/install/IOqueue/share/IOqueue/local_setup.zsh
-- Up-to-date: /home/unique/ros2_ws/ros_test/install/IOqueue/share/IOqueue/local_setup.dsv
-- Installing: /home/unique/ros2_ws/ros_test/install/IOqueue/share/IOqueue/package.dsv
-- Up-to-date: /home/unique/ros2_ws/ros_test/install/IOqueue/share/ament_index/resource_index/packages/IOqueue
-- Up-to-date: /home/unique/ros2_ws/ros_test/install/IOqueue/share/ament_index/resource_index/rclcpp_components/IOqueue
-- Up-to-date: /home/unique/ros2_ws/ros_test/install/IOqueue/share/IOqueue/cmake/IOqueueConfig.cmake
-- Up-to-date: /home/unique/ros2_ws/ros_test/install/IOqueue/share/IOqueue/cmake/IOqueueConfig-version.cmake
-- Up-to-date: /home/unique/ros2_ws/ros_test/install/IOqueue/share/IOqueue/package.xml
