[0.052s] Invoking command in '/home/unique/ros2_ws/ros_test/build/main_interface': CMAKE_PREFIX_PATH=${CMAKE_PREFIX_PATH}:/home/unique/ros2_ws/ros2_21_tutorials/install/learning_urdf:/home/unique/ros2_ws/ros2_21_tutorials/install/learning_topic:/home/unique/ros2_ws/ros2_21_tutorials/install/learning_tf:/home/unique/ros2_ws/ros2_21_tutorials/install/learning_service:/home/unique/ros2_ws/ros2_21_tutorials/install/learning_qos:/home/unique/ros2_ws/ros2_21_tutorials/install/learning_pkg_python:/home/unique/ros2_ws/ros2_21_tutorials/install/learning_parameter:/home/unique/ros2_ws/ros2_21_tutorials/install/learning_node:/home/unique/ros2_ws/ros2_21_tutorials/install/learning_launch:/home/unique/ros2_ws/ros2_21_tutorials/install/learning_action:/home/unique/ros2_ws/ros2_21_tutorials/install/learning_gazebo_harmonic:/home/unique/ros2_ws/ros2_21_tutorials/install/learning_gazebo:/home/unique/ros2_ws/ros2_21_tutorials/install/learning_cv:/opt/ros/humble /usr/bin/cmake /home/unique/ros2_ws/ros_test/src/main_interface -DCMAKE_INSTALL_PREFIX=/home/unique/ros2_ws/ros_test/install/main_interface
[0.678s] -- The C compiler identification is GNU 11.4.0
[2.690s] -- The CXX compiler identification is GNU 11.4.0
[4.021s] -- Detecting C compiler ABI info
[4.451s] -- Detecting C compiler ABI info - done
[4.458s] -- Check for working C compiler: /usr/bin/cc - skipped
[4.458s] -- Detecting C compile features
[4.459s] -- Detecting C compile features - done
[4.463s] -- Detecting CXX compiler ABI info
[4.932s] -- Detecting CXX compiler ABI info - done
[4.940s] -- Check for working CXX compiler: /usr/bin/c++ - skipped
[4.940s] -- Detecting CXX compile features
[4.941s] -- Detecting CXX compile features - done
[4.949s] -- Found ament_cmake: 1.3.14 (/opt/ros/humble/share/ament_cmake/cmake)
[5.253s] -- Found Python3: /usr/bin/python3 (found version "3.10.12") found components: Interpreter 
[5.467s] -- Found rclcpp: 16.0.19 (/opt/ros/humble/share/rclcpp/cmake)
[6.048s] -- Found rosidl_generator_c: 3.1.8 (/opt/ros/humble/share/rosidl_generator_c/cmake)
[6.068s] -- Found rosidl_adapter: 3.1.8 (/opt/ros/humble/share/rosidl_adapter/cmake)
[6.088s] -- Found rosidl_generator_cpp: 3.1.8 (/opt/ros/humble/share/rosidl_generator_cpp/cmake)
[6.113s] -- Using all available rosidl_typesupport_c: rosidl_typesupport_fastrtps_c;rosidl_typesupport_introspection_c
[6.142s] -- Using all available rosidl_typesupport_cpp: rosidl_typesupport_fastrtps_cpp;rosidl_typesupport_introspection_cpp
[6.238s] -- Found rmw_implementation_cmake: 6.1.2 (/opt/ros/humble/share/rmw_implementation_cmake/cmake)
[6.250s] -- Found rmw_fastrtps_cpp: 6.2.10 (/opt/ros/humble/share/rmw_fastrtps_cpp/cmake)
[8.130s] -- Found OpenSSL: /usr/lib/x86_64-linux-gnu/libcrypto.so (found version "3.0.2")  
[10.163s] -- Found FastRTPS: /opt/ros/humble/include  
[13.415s] -- Using RMW implementation 'rmw_fastrtps_cpp' as default
[13.453s] -- Looking for pthread.h
[13.779s] -- Looking for pthread.h - found
[13.780s] -- Performing Test CMAKE_HAVE_LIBC_PTHREAD
[14.085s] -- Performing Test CMAKE_HAVE_LIBC_PTHREAD - Success
[14.087s] -- Found Threads: TRUE  
[14.188s] -- Found rosidl_default_generators: 1.2.1 (/opt/ros/humble/share/rosidl_default_generators/cmake)
[14.561s] -- Found ament_cmake_ros: 0.10.0 (/opt/ros/humble/share/ament_cmake_ros/cmake)
[15.064s] -- Using all available rosidl_typesupport_c: rosidl_typesupport_fastrtps_c;rosidl_typesupport_introspection_c
[15.245s] -- Using all available rosidl_typesupport_cpp: rosidl_typesupport_fastrtps_cpp;rosidl_typesupport_introspection_cpp
[15.692s] -- Found PythonInterp: /usr/bin/python3 (found suitable version "3.10.12", minimum required is "3.6") 
[15.707s] -- Found python_cmake_module: 0.10.0 (/opt/ros/humble/share/python_cmake_module/cmake)
[17.285s] -- Found PythonLibs: /usr/lib/x86_64-linux-gnu/libpython3.10.so (found suitable version "3.10.12", minimum required is "3.5") 
[17.285s] -- Using PYTHON_EXECUTABLE: /usr/bin/python3
[17.285s] -- Using PYTHON_INCLUDE_DIRS: /usr/include/python3.10
[17.285s] -- Using PYTHON_LIBRARIES: /usr/lib/x86_64-linux-gnu/libpython3.10.so
[17.313s] -- Found PythonExtra: .so  
[17.658s] -- Found ament_lint_auto: 0.12.15 (/opt/ros/humble/share/ament_lint_auto/cmake)
[17.723s] -- Added test 'lint_cmake' to check CMake code style
[17.726s] -- Added test 'xmllint' to check XML markup files
[17.731s] -- Configuring done
[17.781s] -- Generating done
[17.795s] -- Build files have been written to: /home/unique/ros2_ws/ros_test/build/main_interface
[17.820s] Invoked command in '/home/unique/ros2_ws/ros_test/build/main_interface' returned '0': CMAKE_PREFIX_PATH=${CMAKE_PREFIX_PATH}:/home/unique/ros2_ws/ros2_21_tutorials/install/learning_urdf:/home/unique/ros2_ws/ros2_21_tutorials/install/learning_topic:/home/unique/ros2_ws/ros2_21_tutorials/install/learning_tf:/home/unique/ros2_ws/ros2_21_tutorials/install/learning_service:/home/unique/ros2_ws/ros2_21_tutorials/install/learning_qos:/home/unique/ros2_ws/ros2_21_tutorials/install/learning_pkg_python:/home/unique/ros2_ws/ros2_21_tutorials/install/learning_parameter:/home/unique/ros2_ws/ros2_21_tutorials/install/learning_node:/home/unique/ros2_ws/ros2_21_tutorials/install/learning_launch:/home/unique/ros2_ws/ros2_21_tutorials/install/learning_action:/home/unique/ros2_ws/ros2_21_tutorials/install/learning_gazebo_harmonic:/home/unique/ros2_ws/ros2_21_tutorials/install/learning_gazebo:/home/unique/ros2_ws/ros2_21_tutorials/install/learning_cv:/opt/ros/humble /usr/bin/cmake /home/unique/ros2_ws/ros_test/src/main_interface -DCMAKE_INSTALL_PREFIX=/home/unique/ros2_ws/ros_test/install/main_interface
[17.822s] Invoking command in '/home/unique/ros2_ws/ros_test/build/main_interface': CMAKE_PREFIX_PATH=${CMAKE_PREFIX_PATH}:/home/unique/ros2_ws/ros2_21_tutorials/install/learning_urdf:/home/unique/ros2_ws/ros2_21_tutorials/install/learning_topic:/home/unique/ros2_ws/ros2_21_tutorials/install/learning_tf:/home/unique/ros2_ws/ros2_21_tutorials/install/learning_service:/home/unique/ros2_ws/ros2_21_tutorials/install/learning_qos:/home/unique/ros2_ws/ros2_21_tutorials/install/learning_pkg_python:/home/unique/ros2_ws/ros2_21_tutorials/install/learning_parameter:/home/unique/ros2_ws/ros2_21_tutorials/install/learning_node:/home/unique/ros2_ws/ros2_21_tutorials/install/learning_launch:/home/unique/ros2_ws/ros2_21_tutorials/install/learning_action:/home/unique/ros2_ws/ros2_21_tutorials/install/learning_gazebo_harmonic:/home/unique/ros2_ws/ros2_21_tutorials/install/learning_gazebo:/home/unique/ros2_ws/ros2_21_tutorials/install/learning_cv:/opt/ros/humble /usr/bin/cmake --build /home/unique/ros2_ws/ros_test/build/main_interface -- -j8 -l8
[17.891s] [  2%] [34m[1mGenerating C code for ROS interfaces[0m
[17.907s] [  5%] [34m[1mGenerating Rust code for ROS interfaces[0m
[17.908s] [  7%] [34m[1mGenerating C++ code for ROS interfaces[0m
[17.925s] [  7%] Built target ament_cmake_python_copy_main_interface
[18.268s] [  7%] Built target main_interface__rs
[18.305s] running egg_info
[18.305s] creating main_interface.egg-info
[18.306s] writing main_interface.egg-info/PKG-INFO
[18.306s] writing dependency_links to main_interface.egg-info/dependency_links.txt
[18.306s] writing top-level names to main_interface.egg-info/top_level.txt
[18.306s] writing manifest file 'main_interface.egg-info/SOURCES.txt'
[18.307s] [  7%] Built target main_interface__cpp
[18.309s] reading manifest file 'main_interface.egg-info/SOURCES.txt'
[18.310s] writing manifest file 'main_interface.egg-info/SOURCES.txt'
[18.332s] [ 10%] [34m[1mGenerating C++ type support for eProsima Fast-RTPS[0m
[18.343s] [ 12%] [34m[1mGenerating C++ type support dispatch for ROS interfaces[0m
[18.347s] [ 15%] [34m[1mGenerating C++ introspection for ROS interfaces[0m
[18.369s] [ 20%] [32mBuilding C object CMakeFiles/main_interface__rosidl_generator_c.dir/rosidl_generator_c/main_interface/msg/detail/byte_rows__functions.c.o[0m
[18.369s] [ 20%] [32mBuilding C object CMakeFiles/main_interface__rosidl_generator_c.dir/rosidl_generator_c/main_interface/msg/detail/byte_row__functions.c.o[0m
[18.393s] [ 20%] Built target ament_cmake_python_build_main_interface_egg
[18.460s] [ 22%] [32m[1mLinking C shared library libmain_interface__rosidl_generator_c.so[0m
[18.760s] [ 25%] [32mBuilding CXX object CMakeFiles/main_interface__rosidl_typesupport_cpp.dir/rosidl_typesupport_cpp/main_interface/msg/byte_row__type_support.cpp.o[0m
[18.763s] [ 27%] [32mBuilding CXX object CMakeFiles/main_interface__rosidl_typesupport_cpp.dir/rosidl_typesupport_cpp/main_interface/msg/byte_rows__type_support.cpp.o[0m
[18.798s] [ 30%] [32mBuilding CXX object CMakeFiles/main_interface__rosidl_typesupport_fastrtps_cpp.dir/rosidl_typesupport_fastrtps_cpp/main_interface/msg/detail/dds_fastrtps/byte_row__type_support.cpp.o[0m
[18.804s] [ 32%] [32mBuilding CXX object CMakeFiles/main_interface__rosidl_typesupport_fastrtps_cpp.dir/rosidl_typesupport_fastrtps_cpp/main_interface/msg/detail/dds_fastrtps/byte_rows__type_support.cpp.o[0m
[18.828s] [ 35%] [32mBuilding CXX object CMakeFiles/main_interface__rosidl_typesupport_introspection_cpp.dir/rosidl_typesupport_introspection_cpp/main_interface/msg/detail/byte_row__type_support.cpp.o[0m
[18.829s] [ 37%] [32mBuilding CXX object CMakeFiles/main_interface__rosidl_typesupport_introspection_cpp.dir/rosidl_typesupport_introspection_cpp/main_interface/msg/detail/byte_rows__type_support.cpp.o[0m
[19.031s] [ 37%] Built target main_interface__rosidl_generator_c
[19.063s] [ 40%] [34m[1mGenerating C type support for eProsima Fast-RTPS[0m
[19.097s] [ 42%] [34m[1mGenerating C introspection for ROS interfaces[0m
[19.334s] [ 45%] [34m[1mGenerating C type support dispatch for ROS interfaces[0m
[19.361s] [ 47%] [32m[1mLinking CXX shared library libmain_interface__rosidl_typesupport_cpp.so[0m
[19.637s] [ 50%] [32mBuilding CXX object CMakeFiles/main_interface__rosidl_typesupport_fastrtps_c.dir/rosidl_typesupport_fastrtps_c/main_interface/msg/detail/byte_row__type_support_c.cpp.o[0m
[19.643s] [ 52%] [32mBuilding CXX object CMakeFiles/main_interface__rosidl_typesupport_fastrtps_c.dir/rosidl_typesupport_fastrtps_c/main_interface/msg/detail/byte_rows__type_support_c.cpp.o[0m
[19.707s] [ 55%] [32m[1mLinking CXX shared library libmain_interface__rosidl_typesupport_introspection_cpp.so[0m
[19.739s] [ 57%] [32m[1mLinking CXX shared library libmain_interface__rosidl_typesupport_fastrtps_cpp.so[0m
[19.745s] [ 60%] [32mBuilding C object CMakeFiles/main_interface__rosidl_typesupport_introspection_c.dir/rosidl_typesupport_introspection_c/main_interface/msg/detail/byte_row__type_support.c.o[0m
[19.749s] [ 62%] [32mBuilding C object CMakeFiles/main_interface__rosidl_typesupport_introspection_c.dir/rosidl_typesupport_introspection_c/main_interface/msg/detail/byte_rows__type_support.c.o[0m
[19.823s] [ 65%] [32m[1mLinking C shared library libmain_interface__rosidl_typesupport_introspection_c.so[0m
[19.887s] [ 70%] [32mBuilding CXX object CMakeFiles/main_interface__rosidl_typesupport_c.dir/rosidl_typesupport_c/main_interface/msg/byte_rows__type_support.cpp.o[0m
[19.887s] [ 70%] [32mBuilding CXX object CMakeFiles/main_interface__rosidl_typesupport_c.dir/rosidl_typesupport_c/main_interface/msg/byte_row__type_support.cpp.o[0m
[19.961s] [ 72%] [32m[1mLinking CXX shared library libmain_interface__rosidl_typesupport_c.so[0m
[20.009s] [ 72%] Built target main_interface__rosidl_typesupport_cpp
[20.257s] [ 75%] [32m[1mLinking CXX shared library libmain_interface__rosidl_typesupport_fastrtps_c.so[0m
[20.289s] [ 75%] Built target main_interface__rosidl_typesupport_introspection_cpp
[20.315s] [ 75%] Built target main_interface__rosidl_typesupport_introspection_c
[20.361s] [ 75%] Built target main_interface__rosidl_typesupport_fastrtps_cpp
[20.390s] [ 75%] Built target main_interface__rosidl_typesupport_c
[20.729s] [ 75%] Built target main_interface__rosidl_typesupport_fastrtps_c
[20.765s] [ 75%] Built target main_interface
[20.800s] [ 77%] [34m[1mGenerating Python code for ROS interfaces[0m
[21.216s] [ 77%] Built target main_interface__py
[21.251s] [ 80%] [32mBuilding C object CMakeFiles/main_interface__rosidl_generator_py.dir/rosidl_generator_py/main_interface/msg/_byte_row_s.c.o[0m
[21.255s] [ 82%] [32mBuilding C object CMakeFiles/main_interface__rosidl_generator_py.dir/rosidl_generator_py/main_interface/msg/_byte_rows_s.c.o[0m
[21.464s] [ 85%] [32m[1mLinking C shared library rosidl_generator_py/main_interface/libmain_interface__rosidl_generator_py.so[0m
[21.837s] [ 85%] Built target main_interface__rosidl_generator_py
[21.875s] [ 87%] [32mBuilding C object CMakeFiles/main_interface__rosidl_typesupport_introspection_c__pyext.dir/rosidl_generator_py/main_interface/_main_interface_s.ep.rosidl_typesupport_introspection_c.c.o[0m
[21.876s] [ 90%] [32mBuilding C object CMakeFiles/main_interface__rosidl_typesupport_fastrtps_c__pyext.dir/rosidl_generator_py/main_interface/_main_interface_s.ep.rosidl_typesupport_fastrtps_c.c.o[0m
[21.877s] [ 92%] [32mBuilding C object CMakeFiles/main_interface__rosidl_typesupport_c__pyext.dir/rosidl_generator_py/main_interface/_main_interface_s.ep.rosidl_typesupport_c.c.o[0m
[22.050s] [ 97%] [32m[1mLinking C shared library rosidl_generator_py/main_interface/main_interface_s__rosidl_typesupport_c.cpython-310-x86_64-linux-gnu.so[0m
[22.050s] [ 97%] [32m[1mLinking C shared library rosidl_generator_py/main_interface/main_interface_s__rosidl_typesupport_introspection_c.cpython-310-x86_64-linux-gnu.so[0m
[22.051s] [100%] [32m[1mLinking C shared library rosidl_generator_py/main_interface/main_interface_s__rosidl_typesupport_fastrtps_c.cpython-310-x86_64-linux-gnu.so[0m
[22.335s] [100%] Built target main_interface__rosidl_typesupport_introspection_c__pyext
[22.336s] [100%] Built target main_interface__rosidl_typesupport_c__pyext
[22.336s] [100%] Built target main_interface__rosidl_typesupport_fastrtps_c__pyext
[22.354s] Invoked command in '/home/unique/ros2_ws/ros_test/build/main_interface' returned '0': CMAKE_PREFIX_PATH=${CMAKE_PREFIX_PATH}:/home/unique/ros2_ws/ros2_21_tutorials/install/learning_urdf:/home/unique/ros2_ws/ros2_21_tutorials/install/learning_topic:/home/unique/ros2_ws/ros2_21_tutorials/install/learning_tf:/home/unique/ros2_ws/ros2_21_tutorials/install/learning_service:/home/unique/ros2_ws/ros2_21_tutorials/install/learning_qos:/home/unique/ros2_ws/ros2_21_tutorials/install/learning_pkg_python:/home/unique/ros2_ws/ros2_21_tutorials/install/learning_parameter:/home/unique/ros2_ws/ros2_21_tutorials/install/learning_node:/home/unique/ros2_ws/ros2_21_tutorials/install/learning_launch:/home/unique/ros2_ws/ros2_21_tutorials/install/learning_action:/home/unique/ros2_ws/ros2_21_tutorials/install/learning_gazebo_harmonic:/home/unique/ros2_ws/ros2_21_tutorials/install/learning_gazebo:/home/unique/ros2_ws/ros2_21_tutorials/install/learning_cv:/opt/ros/humble /usr/bin/cmake --build /home/unique/ros2_ws/ros_test/build/main_interface -- -j8 -l8
[22.358s] Invoking command in '/home/unique/ros2_ws/ros_test/build/main_interface': CMAKE_PREFIX_PATH=${CMAKE_PREFIX_PATH}:/home/unique/ros2_ws/ros2_21_tutorials/install/learning_urdf:/home/unique/ros2_ws/ros2_21_tutorials/install/learning_topic:/home/unique/ros2_ws/ros2_21_tutorials/install/learning_tf:/home/unique/ros2_ws/ros2_21_tutorials/install/learning_service:/home/unique/ros2_ws/ros2_21_tutorials/install/learning_qos:/home/unique/ros2_ws/ros2_21_tutorials/install/learning_pkg_python:/home/unique/ros2_ws/ros2_21_tutorials/install/learning_parameter:/home/unique/ros2_ws/ros2_21_tutorials/install/learning_node:/home/unique/ros2_ws/ros2_21_tutorials/install/learning_launch:/home/unique/ros2_ws/ros2_21_tutorials/install/learning_action:/home/unique/ros2_ws/ros2_21_tutorials/install/learning_gazebo_harmonic:/home/unique/ros2_ws/ros2_21_tutorials/install/learning_gazebo:/home/unique/ros2_ws/ros2_21_tutorials/install/learning_cv:/opt/ros/humble /usr/bin/cmake --install /home/unique/ros2_ws/ros_test/build/main_interface
[22.369s] -- Install configuration: ""
[22.370s] -- Installing: /home/unique/ros2_ws/ros_test/install/main_interface/share/ament_index/resource_index/rosidl_interfaces/main_interface
[22.370s] -- Installing: /home/unique/ros2_ws/ros_test/install/main_interface/include/main_interface/main_interface
[22.370s] -- Installing: /home/unique/ros2_ws/ros_test/install/main_interface/include/main_interface/main_interface/msg
[22.371s] -- Installing: /home/unique/ros2_ws/ros_test/install/main_interface/include/main_interface/main_interface/msg/rosidl_generator_c__visibility_control.h
[22.371s] -- Installing: /home/unique/ros2_ws/ros_test/install/main_interface/include/main_interface/main_interface/msg/byte_row.h
[22.371s] -- Installing: /home/unique/ros2_ws/ros_test/install/main_interface/include/main_interface/main_interface/msg/byte_rows.h
[22.371s] -- Installing: /home/unique/ros2_ws/ros_test/install/main_interface/include/main_interface/main_interface/msg/detail
[22.372s] -- Installing: /home/unique/ros2_ws/ros_test/install/main_interface/include/main_interface/main_interface/msg/detail/byte_rows__functions.h
[22.372s] -- Installing: /home/unique/ros2_ws/ros_test/install/main_interface/include/main_interface/main_interface/msg/detail/byte_row__functions.h
[22.372s] -- Installing: /home/unique/ros2_ws/ros_test/install/main_interface/include/main_interface/main_interface/msg/detail/byte_row__functions.c
[22.372s] -- Installing: /home/unique/ros2_ws/ros_test/install/main_interface/include/main_interface/main_interface/msg/detail/byte_rows__type_support.h
[22.373s] -- Installing: /home/unique/ros2_ws/ros_test/install/main_interface/include/main_interface/main_interface/msg/detail/byte_rows__functions.c
[22.373s] -- Installing: /home/unique/ros2_ws/ros_test/install/main_interface/include/main_interface/main_interface/msg/detail/byte_row__struct.h
[22.373s] -- Installing: /home/unique/ros2_ws/ros_test/install/main_interface/include/main_interface/main_interface/msg/detail/byte_row__type_support.h
[22.373s] -- Installing: /home/unique/ros2_ws/ros_test/install/main_interface/include/main_interface/main_interface/msg/detail/byte_rows__struct.h
[22.373s] -- Installing: /home/unique/ros2_ws/ros_test/install/main_interface/share/main_interface/environment/library_path.sh
[22.374s] -- Installing: /home/unique/ros2_ws/ros_test/install/main_interface/share/main_interface/environment/library_path.dsv
[22.374s] -- Installing: /home/unique/ros2_ws/ros_test/install/main_interface/lib/libmain_interface__rosidl_generator_c.so
[22.375s] -- Set runtime path of "/home/unique/ros2_ws/ros_test/install/main_interface/lib/libmain_interface__rosidl_generator_c.so" to ""
[22.375s] -- Up-to-date: /home/unique/ros2_ws/ros_test/install/main_interface/include/main_interface/main_interface
[22.376s] -- Up-to-date: /home/unique/ros2_ws/ros_test/install/main_interface/include/main_interface/main_interface/msg
[22.376s] -- Installing: /home/unique/ros2_ws/ros_test/install/main_interface/include/main_interface/main_interface/msg/rosidl_typesupport_fastrtps_c__visibility_control.h
[22.376s] -- Up-to-date: /home/unique/ros2_ws/ros_test/install/main_interface/include/main_interface/main_interface/msg/detail
[22.376s] -- Installing: /home/unique/ros2_ws/ros_test/install/main_interface/include/main_interface/main_interface/msg/detail/byte_row__rosidl_typesupport_fastrtps_c.h
[22.376s] -- Installing: /home/unique/ros2_ws/ros_test/install/main_interface/include/main_interface/main_interface/msg/detail/byte_rows__rosidl_typesupport_fastrtps_c.h
[22.376s] -- Installing: /home/unique/ros2_ws/ros_test/install/main_interface/lib/libmain_interface__rosidl_typesupport_fastrtps_c.so
[22.377s] -- Set runtime path of "/home/unique/ros2_ws/ros_test/install/main_interface/lib/libmain_interface__rosidl_typesupport_fastrtps_c.so" to ""
[22.377s] -- Up-to-date: /home/unique/ros2_ws/ros_test/install/main_interface/include/main_interface/main_interface
[22.377s] -- Up-to-date: /home/unique/ros2_ws/ros_test/install/main_interface/include/main_interface/main_interface/msg
[22.377s] -- Installing: /home/unique/ros2_ws/ros_test/install/main_interface/include/main_interface/main_interface/msg/byte_row.hpp
[22.378s] -- Installing: /home/unique/ros2_ws/ros_test/install/main_interface/include/main_interface/main_interface/msg/rosidl_generator_cpp__visibility_control.hpp
[22.378s] -- Up-to-date: /home/unique/ros2_ws/ros_test/install/main_interface/include/main_interface/main_interface/msg/detail
[22.378s] -- Installing: /home/unique/ros2_ws/ros_test/install/main_interface/include/main_interface/main_interface/msg/detail/byte_rows__builder.hpp
[22.378s] -- Installing: /home/unique/ros2_ws/ros_test/install/main_interface/include/main_interface/main_interface/msg/detail/byte_row__builder.hpp
[22.378s] -- Installing: /home/unique/ros2_ws/ros_test/install/main_interface/include/main_interface/main_interface/msg/detail/byte_rows__struct.hpp
[22.379s] -- Installing: /home/unique/ros2_ws/ros_test/install/main_interface/include/main_interface/main_interface/msg/detail/byte_row__struct.hpp
[22.379s] -- Installing: /home/unique/ros2_ws/ros_test/install/main_interface/include/main_interface/main_interface/msg/detail/byte_rows__type_support.hpp
[22.379s] -- Installing: /home/unique/ros2_ws/ros_test/install/main_interface/include/main_interface/main_interface/msg/detail/byte_row__type_support.hpp
[22.379s] -- Installing: /home/unique/ros2_ws/ros_test/install/main_interface/include/main_interface/main_interface/msg/detail/byte_rows__traits.hpp
[22.380s] -- Installing: /home/unique/ros2_ws/ros_test/install/main_interface/include/main_interface/main_interface/msg/detail/byte_row__traits.hpp
[22.380s] -- Installing: /home/unique/ros2_ws/ros_test/install/main_interface/include/main_interface/main_interface/msg/byte_rows.hpp
[22.380s] -- Up-to-date: /home/unique/ros2_ws/ros_test/install/main_interface/include/main_interface/main_interface
[22.380s] -- Up-to-date: /home/unique/ros2_ws/ros_test/install/main_interface/include/main_interface/main_interface/msg
[22.381s] -- Installing: /home/unique/ros2_ws/ros_test/install/main_interface/include/main_interface/main_interface/msg/rosidl_typesupport_fastrtps_cpp__visibility_control.h
[22.381s] -- Up-to-date: /home/unique/ros2_ws/ros_test/install/main_interface/include/main_interface/main_interface/msg/detail
[22.381s] -- Installing: /home/unique/ros2_ws/ros_test/install/main_interface/include/main_interface/main_interface/msg/detail/byte_rows__rosidl_typesupport_fastrtps_cpp.hpp
[22.381s] -- Installing: /home/unique/ros2_ws/ros_test/install/main_interface/include/main_interface/main_interface/msg/detail/byte_row__rosidl_typesupport_fastrtps_cpp.hpp
[22.381s] -- Installing: /home/unique/ros2_ws/ros_test/install/main_interface/include/main_interface/main_interface/msg/detail/dds_fastrtps
[22.382s] -- Installing: /home/unique/ros2_ws/ros_test/install/main_interface/lib/libmain_interface__rosidl_typesupport_fastrtps_cpp.so
[22.382s] -- Set runtime path of "/home/unique/ros2_ws/ros_test/install/main_interface/lib/libmain_interface__rosidl_typesupport_fastrtps_cpp.so" to ""
[22.383s] -- Up-to-date: /home/unique/ros2_ws/ros_test/install/main_interface/include/main_interface/main_interface
[22.383s] -- Up-to-date: /home/unique/ros2_ws/ros_test/install/main_interface/include/main_interface/main_interface/msg
[22.383s] -- Installing: /home/unique/ros2_ws/ros_test/install/main_interface/include/main_interface/main_interface/msg/rosidl_typesupport_introspection_c__visibility_control.h
[22.384s] -- Up-to-date: /home/unique/ros2_ws/ros_test/install/main_interface/include/main_interface/main_interface/msg/detail
[22.384s] -- Installing: /home/unique/ros2_ws/ros_test/install/main_interface/include/main_interface/main_interface/msg/detail/byte_rows__rosidl_typesupport_introspection_c.h
[22.384s] -- Installing: /home/unique/ros2_ws/ros_test/install/main_interface/include/main_interface/main_interface/msg/detail/byte_rows__type_support.c
[22.384s] -- Installing: /home/unique/ros2_ws/ros_test/install/main_interface/include/main_interface/main_interface/msg/detail/byte_row__type_support.c
[22.384s] -- Installing: /home/unique/ros2_ws/ros_test/install/main_interface/include/main_interface/main_interface/msg/detail/byte_row__rosidl_typesupport_introspection_c.h
[22.385s] -- Installing: /home/unique/ros2_ws/ros_test/install/main_interface/lib/libmain_interface__rosidl_typesupport_introspection_c.so
[22.385s] -- Set runtime path of "/home/unique/ros2_ws/ros_test/install/main_interface/lib/libmain_interface__rosidl_typesupport_introspection_c.so" to ""
[22.385s] -- Installing: /home/unique/ros2_ws/ros_test/install/main_interface/lib/libmain_interface__rosidl_typesupport_c.so
[22.385s] -- Set runtime path of "/home/unique/ros2_ws/ros_test/install/main_interface/lib/libmain_interface__rosidl_typesupport_c.so" to ""
[22.386s] -- Up-to-date: /home/unique/ros2_ws/ros_test/install/main_interface/include/main_interface/main_interface
[22.386s] -- Up-to-date: /home/unique/ros2_ws/ros_test/install/main_interface/include/main_interface/main_interface/msg
[22.386s] -- Up-to-date: /home/unique/ros2_ws/ros_test/install/main_interface/include/main_interface/main_interface/msg/detail
[22.386s] -- Installing: /home/unique/ros2_ws/ros_test/install/main_interface/include/main_interface/main_interface/msg/detail/byte_rows__type_support.cpp
[22.386s] -- Installing: /home/unique/ros2_ws/ros_test/install/main_interface/include/main_interface/main_interface/msg/detail/byte_row__rosidl_typesupport_introspection_cpp.hpp
[22.387s] -- Installing: /home/unique/ros2_ws/ros_test/install/main_interface/include/main_interface/main_interface/msg/detail/byte_row__type_support.cpp
[22.387s] -- Installing: /home/unique/ros2_ws/ros_test/install/main_interface/include/main_interface/main_interface/msg/detail/byte_rows__rosidl_typesupport_introspection_cpp.hpp
[22.387s] -- Installing: /home/unique/ros2_ws/ros_test/install/main_interface/lib/libmain_interface__rosidl_typesupport_introspection_cpp.so
[22.388s] -- Set runtime path of "/home/unique/ros2_ws/ros_test/install/main_interface/lib/libmain_interface__rosidl_typesupport_introspection_cpp.so" to ""
[22.388s] -- Installing: /home/unique/ros2_ws/ros_test/install/main_interface/lib/libmain_interface__rosidl_typesupport_cpp.so
[22.388s] -- Set runtime path of "/home/unique/ros2_ws/ros_test/install/main_interface/lib/libmain_interface__rosidl_typesupport_cpp.so" to ""
[22.388s] -- Installing: /home/unique/ros2_ws/ros_test/install/main_interface/share/main_interface/environment/pythonpath.sh
[22.389s] -- Installing: /home/unique/ros2_ws/ros_test/install/main_interface/share/main_interface/environment/pythonpath.dsv
[22.389s] -- Installing: /home/unique/ros2_ws/ros_test/install/main_interface/local/lib/python3.10/dist-packages/main_interface-0.0.0-py3.10.egg-info
[22.389s] -- Installing: /home/unique/ros2_ws/ros_test/install/main_interface/local/lib/python3.10/dist-packages/main_interface-0.0.0-py3.10.egg-info/dependency_links.txt
[22.390s] -- Installing: /home/unique/ros2_ws/ros_test/install/main_interface/local/lib/python3.10/dist-packages/main_interface-0.0.0-py3.10.egg-info/PKG-INFO
[22.390s] -- Installing: /home/unique/ros2_ws/ros_test/install/main_interface/local/lib/python3.10/dist-packages/main_interface-0.0.0-py3.10.egg-info/top_level.txt
[22.390s] -- Installing: /home/unique/ros2_ws/ros_test/install/main_interface/local/lib/python3.10/dist-packages/main_interface-0.0.0-py3.10.egg-info/SOURCES.txt
[22.390s] -- Installing: /home/unique/ros2_ws/ros_test/install/main_interface/local/lib/python3.10/dist-packages/main_interface
[22.391s] -- Installing: /home/unique/ros2_ws/ros_test/install/main_interface/local/lib/python3.10/dist-packages/main_interface/_main_interface_s.ep.rosidl_typesupport_introspection_c.c
[22.391s] -- Installing: /home/unique/ros2_ws/ros_test/install/main_interface/local/lib/python3.10/dist-packages/main_interface/main_interface_s__rosidl_typesupport_c.cpython-310-x86_64-linux-gnu.so
[22.391s] -- Installing: /home/unique/ros2_ws/ros_test/install/main_interface/local/lib/python3.10/dist-packages/main_interface/_main_interface_s.ep.rosidl_typesupport_c.c
[22.391s] -- Installing: /home/unique/ros2_ws/ros_test/install/main_interface/local/lib/python3.10/dist-packages/main_interface/libmain_interface__rosidl_generator_py.so
[22.392s] -- Installing: /home/unique/ros2_ws/ros_test/install/main_interface/local/lib/python3.10/dist-packages/main_interface/main_interface_s__rosidl_typesupport_fastrtps_c.cpython-310-x86_64-linux-gnu.so
[22.392s] -- Installing: /home/unique/ros2_ws/ros_test/install/main_interface/local/lib/python3.10/dist-packages/main_interface/_main_interface_s.ep.rosidl_typesupport_fastrtps_c.c
[22.392s] -- Installing: /home/unique/ros2_ws/ros_test/install/main_interface/local/lib/python3.10/dist-packages/main_interface/msg
[22.392s] -- Installing: /home/unique/ros2_ws/ros_test/install/main_interface/local/lib/python3.10/dist-packages/main_interface/msg/_byte_rows_s.c
[22.392s] -- Installing: /home/unique/ros2_ws/ros_test/install/main_interface/local/lib/python3.10/dist-packages/main_interface/msg/_byte_rows.py
[22.393s] -- Installing: /home/unique/ros2_ws/ros_test/install/main_interface/local/lib/python3.10/dist-packages/main_interface/msg/_byte_row_s.c
[22.393s] -- Installing: /home/unique/ros2_ws/ros_test/install/main_interface/local/lib/python3.10/dist-packages/main_interface/msg/_byte_row.py
[22.393s] -- Installing: /home/unique/ros2_ws/ros_test/install/main_interface/local/lib/python3.10/dist-packages/main_interface/msg/__init__.py
[22.393s] -- Installing: /home/unique/ros2_ws/ros_test/install/main_interface/local/lib/python3.10/dist-packages/main_interface/__init__.py
[22.394s] -- Installing: /home/unique/ros2_ws/ros_test/install/main_interface/local/lib/python3.10/dist-packages/main_interface/main_interface_s__rosidl_typesupport_introspection_c.cpython-310-x86_64-linux-gnu.so
[22.443s] Listing '/home/unique/ros2_ws/ros_test/install/main_interface/local/lib/python3.10/dist-packages/main_interface'...
[22.443s] Compiling '/home/unique/ros2_ws/ros_test/install/main_interface/local/lib/python3.10/dist-packages/main_interface/__init__.py'...
[22.443s] Listing '/home/unique/ros2_ws/ros_test/install/main_interface/local/lib/python3.10/dist-packages/main_interface/msg'...
[22.443s] Compiling '/home/unique/ros2_ws/ros_test/install/main_interface/local/lib/python3.10/dist-packages/main_interface/msg/__init__.py'...
[22.443s] Compiling '/home/unique/ros2_ws/ros_test/install/main_interface/local/lib/python3.10/dist-packages/main_interface/msg/_byte_row.py'...
[22.443s] Compiling '/home/unique/ros2_ws/ros_test/install/main_interface/local/lib/python3.10/dist-packages/main_interface/msg/_byte_rows.py'...
[22.449s] -- Installing: /home/unique/ros2_ws/ros_test/install/main_interface/local/lib/python3.10/dist-packages/main_interface/main_interface_s__rosidl_typesupport_fastrtps_c.cpython-310-x86_64-linux-gnu.so
[22.449s] -- Set runtime path of "/home/unique/ros2_ws/ros_test/install/main_interface/local/lib/python3.10/dist-packages/main_interface/main_interface_s__rosidl_typesupport_fastrtps_c.cpython-310-x86_64-linux-gnu.so" to ""
[22.450s] -- Installing: /home/unique/ros2_ws/ros_test/install/main_interface/local/lib/python3.10/dist-packages/main_interface/main_interface_s__rosidl_typesupport_introspection_c.cpython-310-x86_64-linux-gnu.so
[22.450s] -- Set runtime path of "/home/unique/ros2_ws/ros_test/install/main_interface/local/lib/python3.10/dist-packages/main_interface/main_interface_s__rosidl_typesupport_introspection_c.cpython-310-x86_64-linux-gnu.so" to ""
[22.450s] -- Installing: /home/unique/ros2_ws/ros_test/install/main_interface/local/lib/python3.10/dist-packages/main_interface/main_interface_s__rosidl_typesupport_c.cpython-310-x86_64-linux-gnu.so
[22.451s] -- Set runtime path of "/home/unique/ros2_ws/ros_test/install/main_interface/local/lib/python3.10/dist-packages/main_interface/main_interface_s__rosidl_typesupport_c.cpython-310-x86_64-linux-gnu.so" to ""
[22.451s] -- Installing: /home/unique/ros2_ws/ros_test/install/main_interface/lib/libmain_interface__rosidl_generator_py.so
[22.452s] -- Set runtime path of "/home/unique/ros2_ws/ros_test/install/main_interface/lib/libmain_interface__rosidl_generator_py.so" to ""
[22.452s] -- Installing: /home/unique/ros2_ws/ros_test/install/main_interface/share/ament_index/resource_index/rust_packages/main_interface
[22.453s] -- Installing: /home/unique/ros2_ws/ros_test/install/main_interface/share/main_interface/rust
[22.453s] -- Installing: /home/unique/ros2_ws/ros_test/install/main_interface/share/main_interface/rust/src
[22.453s] -- Installing: /home/unique/ros2_ws/ros_test/install/main_interface/share/main_interface/rust/src/msg
[22.453s] -- Installing: /home/unique/ros2_ws/ros_test/install/main_interface/share/main_interface/rust/src/msg/rmw.rs
[22.453s] -- Installing: /home/unique/ros2_ws/ros_test/install/main_interface/share/main_interface/rust/src/lib.rs
[22.454s] -- Installing: /home/unique/ros2_ws/ros_test/install/main_interface/share/main_interface/rust/src/msg.rs
[22.454s] -- Installing: /home/unique/ros2_ws/ros_test/install/main_interface/share/main_interface/rust/build.rs
[22.454s] -- Installing: /home/unique/ros2_ws/ros_test/install/main_interface/share/main_interface/rust/Cargo.toml
[22.454s] -- Installing: /home/unique/ros2_ws/ros_test/install/main_interface/share/main_interface/msg/ByteRow.idl
[22.455s] -- Installing: /home/unique/ros2_ws/ros_test/install/main_interface/share/main_interface/msg/ByteRows.idl
[22.455s] -- Installing: /home/unique/ros2_ws/ros_test/install/main_interface/share/main_interface/msg/ByteRow.msg
[22.455s] -- Installing: /home/unique/ros2_ws/ros_test/install/main_interface/share/main_interface/msg/ByteRows.msg
[22.456s] -- Installing: /home/unique/ros2_ws/ros_test/install/main_interface/share/ament_index/resource_index/package_run_dependencies/main_interface
[22.456s] -- Installing: /home/unique/ros2_ws/ros_test/install/main_interface/share/ament_index/resource_index/parent_prefix_path/main_interface
[22.457s] -- Installing: /home/unique/ros2_ws/ros_test/install/main_interface/share/main_interface/environment/ament_prefix_path.sh
[22.457s] -- Installing: /home/unique/ros2_ws/ros_test/install/main_interface/share/main_interface/environment/ament_prefix_path.dsv
[22.458s] -- Installing: /home/unique/ros2_ws/ros_test/install/main_interface/share/main_interface/environment/path.sh
[22.458s] -- Installing: /home/unique/ros2_ws/ros_test/install/main_interface/share/main_interface/environment/path.dsv
[22.458s] -- Installing: /home/unique/ros2_ws/ros_test/install/main_interface/share/main_interface/local_setup.bash
[22.458s] -- Installing: /home/unique/ros2_ws/ros_test/install/main_interface/share/main_interface/local_setup.sh
[22.459s] -- Installing: /home/unique/ros2_ws/ros_test/install/main_interface/share/main_interface/local_setup.zsh
[22.459s] -- Installing: /home/unique/ros2_ws/ros_test/install/main_interface/share/main_interface/local_setup.dsv
[22.459s] -- Installing: /home/unique/ros2_ws/ros_test/install/main_interface/share/main_interface/package.dsv
[22.460s] -- Installing: /home/unique/ros2_ws/ros_test/install/main_interface/share/ament_index/resource_index/packages/main_interface
[22.460s] -- Installing: /home/unique/ros2_ws/ros_test/install/main_interface/share/main_interface/cmake/export_main_interface__rosidl_generator_cExport.cmake
[22.461s] -- Installing: /home/unique/ros2_ws/ros_test/install/main_interface/share/main_interface/cmake/export_main_interface__rosidl_generator_cExport-noconfig.cmake
[22.461s] -- Installing: /home/unique/ros2_ws/ros_test/install/main_interface/share/main_interface/cmake/export_main_interface__rosidl_typesupport_fastrtps_cExport.cmake
[22.461s] -- Installing: /home/unique/ros2_ws/ros_test/install/main_interface/share/main_interface/cmake/export_main_interface__rosidl_typesupport_fastrtps_cExport-noconfig.cmake
[22.462s] -- Installing: /home/unique/ros2_ws/ros_test/install/main_interface/share/main_interface/cmake/export_main_interface__rosidl_generator_cppExport.cmake
[22.462s] -- Installing: /home/unique/ros2_ws/ros_test/install/main_interface/share/main_interface/cmake/export_main_interface__rosidl_typesupport_fastrtps_cppExport.cmake
[22.463s] -- Installing: /home/unique/ros2_ws/ros_test/install/main_interface/share/main_interface/cmake/export_main_interface__rosidl_typesupport_fastrtps_cppExport-noconfig.cmake
[22.463s] -- Installing: /home/unique/ros2_ws/ros_test/install/main_interface/share/main_interface/cmake/main_interface__rosidl_typesupport_introspection_cExport.cmake
[22.463s] -- Installing: /home/unique/ros2_ws/ros_test/install/main_interface/share/main_interface/cmake/main_interface__rosidl_typesupport_introspection_cExport-noconfig.cmake
[22.464s] -- Installing: /home/unique/ros2_ws/ros_test/install/main_interface/share/main_interface/cmake/main_interface__rosidl_typesupport_cExport.cmake
[22.464s] -- Installing: /home/unique/ros2_ws/ros_test/install/main_interface/share/main_interface/cmake/main_interface__rosidl_typesupport_cExport-noconfig.cmake
[22.465s] -- Installing: /home/unique/ros2_ws/ros_test/install/main_interface/share/main_interface/cmake/main_interface__rosidl_typesupport_introspection_cppExport.cmake
[22.465s] -- Installing: /home/unique/ros2_ws/ros_test/install/main_interface/share/main_interface/cmake/main_interface__rosidl_typesupport_introspection_cppExport-noconfig.cmake
[22.466s] -- Installing: /home/unique/ros2_ws/ros_test/install/main_interface/share/main_interface/cmake/main_interface__rosidl_typesupport_cppExport.cmake
[22.466s] -- Installing: /home/unique/ros2_ws/ros_test/install/main_interface/share/main_interface/cmake/main_interface__rosidl_typesupport_cppExport-noconfig.cmake
[22.466s] -- Installing: /home/unique/ros2_ws/ros_test/install/main_interface/share/main_interface/cmake/export_main_interface__rosidl_generator_pyExport.cmake
[22.467s] -- Installing: /home/unique/ros2_ws/ros_test/install/main_interface/share/main_interface/cmake/export_main_interface__rosidl_generator_pyExport-noconfig.cmake
[22.467s] -- Installing: /home/unique/ros2_ws/ros_test/install/main_interface/share/main_interface/cmake/rosidl_cmake-extras.cmake
[22.467s] -- Installing: /home/unique/ros2_ws/ros_test/install/main_interface/share/main_interface/cmake/ament_cmake_export_dependencies-extras.cmake
[22.468s] -- Installing: /home/unique/ros2_ws/ros_test/install/main_interface/share/main_interface/cmake/ament_cmake_export_include_directories-extras.cmake
[22.468s] -- Installing: /home/unique/ros2_ws/ros_test/install/main_interface/share/main_interface/cmake/ament_cmake_export_libraries-extras.cmake
[22.468s] -- Installing: /home/unique/ros2_ws/ros_test/install/main_interface/share/main_interface/cmake/ament_cmake_export_targets-extras.cmake
[22.469s] -- Installing: /home/unique/ros2_ws/ros_test/install/main_interface/share/main_interface/cmake/rosidl_cmake_export_typesupport_targets-extras.cmake
[22.469s] -- Installing: /home/unique/ros2_ws/ros_test/install/main_interface/share/main_interface/cmake/rosidl_cmake_export_typesupport_libraries-extras.cmake
[22.469s] -- Installing: /home/unique/ros2_ws/ros_test/install/main_interface/share/main_interface/cmake/main_interfaceConfig.cmake
[22.469s] -- Installing: /home/unique/ros2_ws/ros_test/install/main_interface/share/main_interface/cmake/main_interfaceConfig-version.cmake
[22.470s] -- Installing: /home/unique/ros2_ws/ros_test/install/main_interface/share/main_interface/package.xml
[22.475s] Invoked command in '/home/unique/ros2_ws/ros_test/build/main_interface' returned '0': CMAKE_PREFIX_PATH=${CMAKE_PREFIX_PATH}:/home/unique/ros2_ws/ros2_21_tutorials/install/learning_urdf:/home/unique/ros2_ws/ros2_21_tutorials/install/learning_topic:/home/unique/ros2_ws/ros2_21_tutorials/install/learning_tf:/home/unique/ros2_ws/ros2_21_tutorials/install/learning_service:/home/unique/ros2_ws/ros2_21_tutorials/install/learning_qos:/home/unique/ros2_ws/ros2_21_tutorials/install/learning_pkg_python:/home/unique/ros2_ws/ros2_21_tutorials/install/learning_parameter:/home/unique/ros2_ws/ros2_21_tutorials/install/learning_node:/home/unique/ros2_ws/ros2_21_tutorials/install/learning_launch:/home/unique/ros2_ws/ros2_21_tutorials/install/learning_action:/home/unique/ros2_ws/ros2_21_tutorials/install/learning_gazebo_harmonic:/home/unique/ros2_ws/ros2_21_tutorials/install/learning_gazebo:/home/unique/ros2_ws/ros2_21_tutorials/install/learning_cv:/opt/ros/humble /usr/bin/cmake --install /home/unique/ros2_ws/ros_test/build/main_interface
