[0.059s] Invoking command in '/home/unique/ros2_ws/ros_test/build/IOqueue': CMAKE_PREFIX_PATH=${CMAKE_PREFIX_PATH}:/home/unique/ros2_ws/ros2_21_tutorials/install/learning_urdf:/home/unique/ros2_ws/ros2_21_tutorials/install/learning_topic:/home/unique/ros2_ws/ros2_21_tutorials/install/learning_tf:/home/unique/ros2_ws/ros2_21_tutorials/install/learning_service:/home/unique/ros2_ws/ros2_21_tutorials/install/learning_qos:/home/unique/ros2_ws/ros2_21_tutorials/install/learning_pkg_python:/home/unique/ros2_ws/ros2_21_tutorials/install/learning_parameter:/home/unique/ros2_ws/ros2_21_tutorials/install/learning_node:/home/unique/ros2_ws/ros2_21_tutorials/install/learning_launch:/home/unique/ros2_ws/ros2_21_tutorials/install/learning_action:/home/unique/ros2_ws/ros2_21_tutorials/install/learning_gazebo_harmonic:/home/unique/ros2_ws/ros2_21_tutorials/install/learning_gazebo:/home/unique/ros2_ws/ros2_21_tutorials/install/learning_cv:/opt/ros/humble /usr/bin/cmake /home/unique/ros2_ws/ros_test/src/IOqueue -DCMAKE_INSTALL_PREFIX=/home/unique/ros2_ws/ros_test/install/IOqueue
[0.735s] -- The C compiler identification is GNU 11.4.0
[2.953s] -- The CXX compiler identification is GNU 11.4.0
[4.353s] -- Detecting C compiler ABI info
[4.836s] -- Detecting C compiler ABI info - done
[4.843s] -- Check for working C compiler: /usr/bin/cc - skipped
[4.844s] -- Detecting C compile features
[4.845s] -- Detecting C compile features - done
[4.852s] -- Detecting CXX compiler ABI info
[5.336s] -- Detecting CXX compiler ABI info - done
[5.345s] -- Check for working CXX compiler: /usr/bin/c++ - skipped
[5.346s] -- Detecting CXX compile features
[5.346s] -- Detecting CXX compile features - done
[5.356s] -- Found ament_cmake: 1.3.14 (/opt/ros/humble/share/ament_cmake/cmake)
[5.671s] -- Found Python3: /usr/bin/python3 (found version "3.10.12") found components: Interpreter 
[5.926s] -- Found rclcpp: 16.0.19 (/opt/ros/humble/share/rclcpp/cmake)
[6.344s] -- Found rosidl_generator_c: 3.1.8 (/opt/ros/humble/share/rosidl_generator_c/cmake)
[6.363s] -- Found rosidl_adapter: 3.1.8 (/opt/ros/humble/share/rosidl_adapter/cmake)
[6.390s] -- Found rosidl_generator_cpp: 3.1.8 (/opt/ros/humble/share/rosidl_generator_cpp/cmake)
[6.424s] -- Using all available rosidl_typesupport_c: rosidl_typesupport_fastrtps_c;rosidl_typesupport_introspection_c
[6.470s] -- Using all available rosidl_typesupport_cpp: rosidl_typesupport_fastrtps_cpp;rosidl_typesupport_introspection_cpp
[6.605s] -- Found rmw_implementation_cmake: 6.1.2 (/opt/ros/humble/share/rmw_implementation_cmake/cmake)
[6.619s] -- Found rmw_fastrtps_cpp: 6.2.10 (/opt/ros/humble/share/rmw_fastrtps_cpp/cmake)
[7.991s] -- Found OpenSSL: /usr/lib/x86_64-linux-gnu/libcrypto.so (found version "3.0.2")  
[9.613s] -- Found FastRTPS: /opt/ros/humble/include  
[12.331s] -- Using RMW implementation 'rmw_fastrtps_cpp' as default
[12.360s] -- Looking for pthread.h
[12.664s] -- Looking for pthread.h - found
[12.665s] -- Performing Test CMAKE_HAVE_LIBC_PTHREAD
[12.963s] -- Performing Test CMAKE_HAVE_LIBC_PTHREAD - Success
[12.964s] -- Found Threads: TRUE  
[13.076s] -- Found realtime_common: 0.0.0 (/home/unique/ros2_ws/ros_test/install/realtime_common/share/realtime_common/cmake)
[13.086s] -- Found ament_lint_auto: 0.12.15 (/opt/ros/humble/share/ament_lint_auto/cmake)
[13.155s] WARNING: Package name "IOqueue" does not follow the naming conventions. It should start with a lower case letter and only contain lower case letters, digits, underscores, and dashes.
[13.234s] -- Added test 'cppcheck' to perform static code analysis on C / C++ code
[13.235s] -- Configured cppcheck include dirs: $<BUILD_INTERFACE:/home/unique/ros2_ws/ros_test/src/IOqueue/include>
[13.235s] -- Configured cppcheck exclude dirs and/or files: 
[13.237s] -- Added test 'lint_cmake' to check CMake code style
[13.241s] -- Added test 'uncrustify' to check C / C++ code style
[13.241s] -- Configured uncrustify additional arguments: 
[13.242s] -- Added test 'xmllint' to check XML markup files
[13.247s] -- Configuring done
[13.258s] -- Generating done
[13.263s] -- Build files have been written to: /home/unique/ros2_ws/ros_test/build/IOqueue
[13.287s] Invoked command in '/home/unique/ros2_ws/ros_test/build/IOqueue' returned '0': CMAKE_PREFIX_PATH=${CMAKE_PREFIX_PATH}:/home/unique/ros2_ws/ros2_21_tutorials/install/learning_urdf:/home/unique/ros2_ws/ros2_21_tutorials/install/learning_topic:/home/unique/ros2_ws/ros2_21_tutorials/install/learning_tf:/home/unique/ros2_ws/ros2_21_tutorials/install/learning_service:/home/unique/ros2_ws/ros2_21_tutorials/install/learning_qos:/home/unique/ros2_ws/ros2_21_tutorials/install/learning_pkg_python:/home/unique/ros2_ws/ros2_21_tutorials/install/learning_parameter:/home/unique/ros2_ws/ros2_21_tutorials/install/learning_node:/home/unique/ros2_ws/ros2_21_tutorials/install/learning_launch:/home/unique/ros2_ws/ros2_21_tutorials/install/learning_action:/home/unique/ros2_ws/ros2_21_tutorials/install/learning_gazebo_harmonic:/home/unique/ros2_ws/ros2_21_tutorials/install/learning_gazebo:/home/unique/ros2_ws/ros2_21_tutorials/install/learning_cv:/opt/ros/humble /usr/bin/cmake /home/unique/ros2_ws/ros_test/src/IOqueue -DCMAKE_INSTALL_PREFIX=/home/unique/ros2_ws/ros_test/install/IOqueue
[13.291s] Invoking command in '/home/unique/ros2_ws/ros_test/build/IOqueue': CMAKE_PREFIX_PATH=${CMAKE_PREFIX_PATH}:/home/unique/ros2_ws/ros2_21_tutorials/install/learning_urdf:/home/unique/ros2_ws/ros2_21_tutorials/install/learning_topic:/home/unique/ros2_ws/ros2_21_tutorials/install/learning_tf:/home/unique/ros2_ws/ros2_21_tutorials/install/learning_service:/home/unique/ros2_ws/ros2_21_tutorials/install/learning_qos:/home/unique/ros2_ws/ros2_21_tutorials/install/learning_pkg_python:/home/unique/ros2_ws/ros2_21_tutorials/install/learning_parameter:/home/unique/ros2_ws/ros2_21_tutorials/install/learning_node:/home/unique/ros2_ws/ros2_21_tutorials/install/learning_launch:/home/unique/ros2_ws/ros2_21_tutorials/install/learning_action:/home/unique/ros2_ws/ros2_21_tutorials/install/learning_gazebo_harmonic:/home/unique/ros2_ws/ros2_21_tutorials/install/learning_gazebo:/home/unique/ros2_ws/ros2_21_tutorials/install/learning_cv:/opt/ros/humble /usr/bin/cmake --build /home/unique/ros2_ws/ros_test/build/IOqueue -- -j8 -l8
[13.373s] [ 50%] [32mBuilding CXX object CMakeFiles/IOqueue.dir/src/IOqueue.cpp.o[0m
[13.389s] [01m[K/home/unique/ros2_ws/ros_test/src/IOqueue/src/IOqueue.cpp:2:10:[m[K [01;31m[Kfatal error: [m[KIOqueue/include/IOqueue.hpp: No such file or directory
[13.389s]     2 | #include [01;31m[K"IOqueue/include/IOqueue.hpp"[m[K
[13.390s]       |          [01;31m[K^~~~~~~~~~~~~~~~~~~~~~~~~~~~~[m[K
[13.390s] compilation terminated.
[13.391s] gmake[2]: *** [CMakeFiles/IOqueue.dir/build.make:76: CMakeFiles/IOqueue.dir/src/IOqueue.cpp.o] Error 1
[13.392s] gmake[1]: *** [CMakeFiles/Makefile2:137: CMakeFiles/IOqueue.dir/all] Error 2
[13.392s] gmake: *** [Makefile:146: all] Error 2
[13.401s] Invoked command in '/home/unique/ros2_ws/ros_test/build/IOqueue' returned '2': CMAKE_PREFIX_PATH=${CMAKE_PREFIX_PATH}:/home/unique/ros2_ws/ros2_21_tutorials/install/learning_urdf:/home/unique/ros2_ws/ros2_21_tutorials/install/learning_topic:/home/unique/ros2_ws/ros2_21_tutorials/install/learning_tf:/home/unique/ros2_ws/ros2_21_tutorials/install/learning_service:/home/unique/ros2_ws/ros2_21_tutorials/install/learning_qos:/home/unique/ros2_ws/ros2_21_tutorials/install/learning_pkg_python:/home/unique/ros2_ws/ros2_21_tutorials/install/learning_parameter:/home/unique/ros2_ws/ros2_21_tutorials/install/learning_node:/home/unique/ros2_ws/ros2_21_tutorials/install/learning_launch:/home/unique/ros2_ws/ros2_21_tutorials/install/learning_action:/home/unique/ros2_ws/ros2_21_tutorials/install/learning_gazebo_harmonic:/home/unique/ros2_ws/ros2_21_tutorials/install/learning_gazebo:/home/unique/ros2_ws/ros2_21_tutorials/install/learning_cv:/opt/ros/humble /usr/bin/cmake --build /home/unique/ros2_ws/ros_test/build/IOqueue -- -j8 -l8
