[0.051s] Invoking command in '/home/unique/ros2_ws/ros_test/build/main_interface': CMAKE_PREFIX_PATH=${CMAKE_PREFIX_PATH}:/home/unique/ros2_ws/ros2_21_tutorials/install/learning_urdf:/home/unique/ros2_ws/ros2_21_tutorials/install/learning_topic:/home/unique/ros2_ws/ros2_21_tutorials/install/learning_tf:/home/unique/ros2_ws/ros2_21_tutorials/install/learning_service:/home/unique/ros2_ws/ros2_21_tutorials/install/learning_qos:/home/unique/ros2_ws/ros2_21_tutorials/install/learning_pkg_python:/home/unique/ros2_ws/ros2_21_tutorials/install/learning_parameter:/home/unique/ros2_ws/ros2_21_tutorials/install/learning_node:/home/unique/ros2_ws/ros2_21_tutorials/install/learning_launch:/home/unique/ros2_ws/ros2_21_tutorials/install/learning_action:/home/unique/ros2_ws/ros2_21_tutorials/install/learning_gazebo_harmonic:/home/unique/ros2_ws/ros2_21_tutorials/install/learning_gazebo:/home/unique/ros2_ws/ros2_21_tutorials/install/learning_cv:/opt/ros/humble /usr/bin/cmake --build /home/unique/ros2_ws/ros_test/build/main_interface -- -j8 -l8
[0.213s] [  7%] Built target main_interface__cpp
[0.213s] [ 12%] Built target main_interface__rosidl_generator_c
[0.238s] [ 15%] Built target main_interface__rs
[0.250s] [ 15%] Built target ament_cmake_python_copy_main_interface
[0.300s] [ 25%] Built target main_interface__rosidl_typesupport_cpp
[0.306s] [ 35%] Built target main_interface__rosidl_typesupport_introspection_cpp
[0.315s] [ 45%] Built target main_interface__rosidl_typesupport_fastrtps_cpp
[0.334s] [ 55%] Built target main_interface__rosidl_typesupport_fastrtps_c
[0.342s] [ 65%] Built target main_interface__rosidl_typesupport_c
[0.348s] [ 75%] Built target main_interface__rosidl_typesupport_introspection_c
[0.405s] [ 75%] Built target main_interface
[0.455s] [ 77%] Built target main_interface__py
[0.516s] [ 85%] Built target main_interface__rosidl_generator_py
[0.573s] [ 95%] Built target main_interface__rosidl_typesupport_c__pyext
[0.573s] [ 95%] Built target main_interface__rosidl_typesupport_introspection_c__pyext
[0.575s] [100%] Built target main_interface__rosidl_typesupport_fastrtps_c__pyext
[0.825s] running egg_info
[0.826s] writing main_interface.egg-info/PKG-INFO
[0.827s] writing dependency_links to main_interface.egg-info/dependency_links.txt
[0.827s] writing top-level names to main_interface.egg-info/top_level.txt
[0.830s] reading manifest file 'main_interface.egg-info/SOURCES.txt'
[0.832s] writing manifest file 'main_interface.egg-info/SOURCES.txt'
[0.884s] [100%] Built target ament_cmake_python_build_main_interface_egg
[0.910s] Invoked command in '/home/unique/ros2_ws/ros_test/build/main_interface' returned '0': CMAKE_PREFIX_PATH=${CMAKE_PREFIX_PATH}:/home/unique/ros2_ws/ros2_21_tutorials/install/learning_urdf:/home/unique/ros2_ws/ros2_21_tutorials/install/learning_topic:/home/unique/ros2_ws/ros2_21_tutorials/install/learning_tf:/home/unique/ros2_ws/ros2_21_tutorials/install/learning_service:/home/unique/ros2_ws/ros2_21_tutorials/install/learning_qos:/home/unique/ros2_ws/ros2_21_tutorials/install/learning_pkg_python:/home/unique/ros2_ws/ros2_21_tutorials/install/learning_parameter:/home/unique/ros2_ws/ros2_21_tutorials/install/learning_node:/home/unique/ros2_ws/ros2_21_tutorials/install/learning_launch:/home/unique/ros2_ws/ros2_21_tutorials/install/learning_action:/home/unique/ros2_ws/ros2_21_tutorials/install/learning_gazebo_harmonic:/home/unique/ros2_ws/ros2_21_tutorials/install/learning_gazebo:/home/unique/ros2_ws/ros2_21_tutorials/install/learning_cv:/opt/ros/humble /usr/bin/cmake --build /home/unique/ros2_ws/ros_test/build/main_interface -- -j8 -l8
[0.916s] Invoking command in '/home/unique/ros2_ws/ros_test/build/main_interface': CMAKE_PREFIX_PATH=${CMAKE_PREFIX_PATH}:/home/unique/ros2_ws/ros2_21_tutorials/install/learning_urdf:/home/unique/ros2_ws/ros2_21_tutorials/install/learning_topic:/home/unique/ros2_ws/ros2_21_tutorials/install/learning_tf:/home/unique/ros2_ws/ros2_21_tutorials/install/learning_service:/home/unique/ros2_ws/ros2_21_tutorials/install/learning_qos:/home/unique/ros2_ws/ros2_21_tutorials/install/learning_pkg_python:/home/unique/ros2_ws/ros2_21_tutorials/install/learning_parameter:/home/unique/ros2_ws/ros2_21_tutorials/install/learning_node:/home/unique/ros2_ws/ros2_21_tutorials/install/learning_launch:/home/unique/ros2_ws/ros2_21_tutorials/install/learning_action:/home/unique/ros2_ws/ros2_21_tutorials/install/learning_gazebo_harmonic:/home/unique/ros2_ws/ros2_21_tutorials/install/learning_gazebo:/home/unique/ros2_ws/ros2_21_tutorials/install/learning_cv:/opt/ros/humble /usr/bin/cmake --install /home/unique/ros2_ws/ros_test/build/main_interface
[0.931s] -- Install configuration: ""
[0.931s] -- Up-to-date: /home/unique/ros2_ws/ros_test/install/main_interface/share/ament_index/resource_index/rosidl_interfaces/main_interface
[0.931s] -- Up-to-date: /home/unique/ros2_ws/ros_test/install/main_interface/include/main_interface/main_interface
[0.932s] -- Up-to-date: /home/unique/ros2_ws/ros_test/install/main_interface/include/main_interface/main_interface/msg
[0.932s] -- Up-to-date: /home/unique/ros2_ws/ros_test/install/main_interface/include/main_interface/main_interface/msg/rosidl_generator_c__visibility_control.h
[0.933s] -- Up-to-date: /home/unique/ros2_ws/ros_test/install/main_interface/include/main_interface/main_interface/msg/byte_row.h
[0.933s] -- Up-to-date: /home/unique/ros2_ws/ros_test/install/main_interface/include/main_interface/main_interface/msg/byte_rows.h
[0.934s] -- Up-to-date: /home/unique/ros2_ws/ros_test/install/main_interface/include/main_interface/main_interface/msg/detail
[0.934s] -- Up-to-date: /home/unique/ros2_ws/ros_test/install/main_interface/include/main_interface/main_interface/msg/detail/byte_rows__functions.h
[0.934s] -- Up-to-date: /home/unique/ros2_ws/ros_test/install/main_interface/include/main_interface/main_interface/msg/detail/byte_row__functions.h
[0.934s] -- Up-to-date: /home/unique/ros2_ws/ros_test/install/main_interface/include/main_interface/main_interface/msg/detail/byte_row__functions.c
[0.934s] -- Up-to-date: /home/unique/ros2_ws/ros_test/install/main_interface/include/main_interface/main_interface/msg/detail/byte_rows__type_support.h
[0.934s] -- Up-to-date: /home/unique/ros2_ws/ros_test/install/main_interface/include/main_interface/main_interface/msg/detail/byte_rows__functions.c
[0.935s] -- Up-to-date: /home/unique/ros2_ws/ros_test/install/main_interface/include/main_interface/main_interface/msg/detail/byte_row__struct.h
[0.935s] -- Up-to-date: /home/unique/ros2_ws/ros_test/install/main_interface/include/main_interface/main_interface/msg/detail/byte_row__type_support.h
[0.935s] -- Up-to-date: /home/unique/ros2_ws/ros_test/install/main_interface/include/main_interface/main_interface/msg/detail/byte_rows__struct.h
[0.936s] -- Up-to-date: /home/unique/ros2_ws/ros_test/install/main_interface/share/main_interface/environment/library_path.sh
[0.936s] -- Up-to-date: /home/unique/ros2_ws/ros_test/install/main_interface/share/main_interface/environment/library_path.dsv
[0.936s] -- Up-to-date: /home/unique/ros2_ws/ros_test/install/main_interface/lib/libmain_interface__rosidl_generator_c.so
[0.937s] -- Up-to-date: /home/unique/ros2_ws/ros_test/install/main_interface/include/main_interface/main_interface
[0.937s] -- Up-to-date: /home/unique/ros2_ws/ros_test/install/main_interface/include/main_interface/main_interface/msg
[0.937s] -- Up-to-date: /home/unique/ros2_ws/ros_test/install/main_interface/include/main_interface/main_interface/msg/rosidl_typesupport_fastrtps_c__visibility_control.h
[0.937s] -- Up-to-date: /home/unique/ros2_ws/ros_test/install/main_interface/include/main_interface/main_interface/msg/detail
[0.938s] -- Up-to-date: /home/unique/ros2_ws/ros_test/install/main_interface/include/main_interface/main_interface/msg/detail/byte_row__rosidl_typesupport_fastrtps_c.h
[0.938s] -- Up-to-date: /home/unique/ros2_ws/ros_test/install/main_interface/include/main_interface/main_interface/msg/detail/byte_rows__rosidl_typesupport_fastrtps_c.h
[0.938s] -- Up-to-date: /home/unique/ros2_ws/ros_test/install/main_interface/lib/libmain_interface__rosidl_typesupport_fastrtps_c.so
[0.938s] -- Up-to-date: /home/unique/ros2_ws/ros_test/install/main_interface/include/main_interface/main_interface
[0.938s] -- Up-to-date: /home/unique/ros2_ws/ros_test/install/main_interface/include/main_interface/main_interface/msg
[0.938s] -- Up-to-date: /home/unique/ros2_ws/ros_test/install/main_interface/include/main_interface/main_interface/msg/byte_row.hpp
[0.939s] -- Up-to-date: /home/unique/ros2_ws/ros_test/install/main_interface/include/main_interface/main_interface/msg/rosidl_generator_cpp__visibility_control.hpp
[0.939s] -- Up-to-date: /home/unique/ros2_ws/ros_test/install/main_interface/include/main_interface/main_interface/msg/detail
[0.939s] -- Up-to-date: /home/unique/ros2_ws/ros_test/install/main_interface/include/main_interface/main_interface/msg/detail/byte_rows__builder.hpp
[0.939s] -- Up-to-date: /home/unique/ros2_ws/ros_test/install/main_interface/include/main_interface/main_interface/msg/detail/byte_row__builder.hpp
[0.939s] -- Up-to-date: /home/unique/ros2_ws/ros_test/install/main_interface/include/main_interface/main_interface/msg/detail/byte_rows__struct.hpp
[0.940s] -- Up-to-date: /home/unique/ros2_ws/ros_test/install/main_interface/include/main_interface/main_interface/msg/detail/byte_row__struct.hpp
[0.940s] -- Up-to-date: /home/unique/ros2_ws/ros_test/install/main_interface/include/main_interface/main_interface/msg/detail/byte_rows__type_support.hpp
[0.940s] -- Up-to-date: /home/unique/ros2_ws/ros_test/install/main_interface/include/main_interface/main_interface/msg/detail/byte_row__type_support.hpp
[0.940s] -- Up-to-date: /home/unique/ros2_ws/ros_test/install/main_interface/include/main_interface/main_interface/msg/detail/byte_rows__traits.hpp
[0.940s] -- Up-to-date: /home/unique/ros2_ws/ros_test/install/main_interface/include/main_interface/main_interface/msg/detail/byte_row__traits.hpp
[0.940s] -- Up-to-date: /home/unique/ros2_ws/ros_test/install/main_interface/include/main_interface/main_interface/msg/byte_rows.hpp
[0.940s] -- Up-to-date: /home/unique/ros2_ws/ros_test/install/main_interface/include/main_interface/main_interface
[0.941s] -- Up-to-date: /home/unique/ros2_ws/ros_test/install/main_interface/include/main_interface/main_interface/msg
[0.941s] -- Up-to-date: /home/unique/ros2_ws/ros_test/install/main_interface/include/main_interface/main_interface/msg/rosidl_typesupport_fastrtps_cpp__visibility_control.h
[0.941s] -- Up-to-date: /home/unique/ros2_ws/ros_test/install/main_interface/include/main_interface/main_interface/msg/detail
[0.941s] -- Up-to-date: /home/unique/ros2_ws/ros_test/install/main_interface/include/main_interface/main_interface/msg/detail/byte_rows__rosidl_typesupport_fastrtps_cpp.hpp
[0.941s] -- Up-to-date: /home/unique/ros2_ws/ros_test/install/main_interface/include/main_interface/main_interface/msg/detail/byte_row__rosidl_typesupport_fastrtps_cpp.hpp
[0.941s] -- Up-to-date: /home/unique/ros2_ws/ros_test/install/main_interface/include/main_interface/main_interface/msg/detail/dds_fastrtps
[0.942s] -- Up-to-date: /home/unique/ros2_ws/ros_test/install/main_interface/lib/libmain_interface__rosidl_typesupport_fastrtps_cpp.so
[0.942s] -- Up-to-date: /home/unique/ros2_ws/ros_test/install/main_interface/include/main_interface/main_interface
[0.942s] -- Up-to-date: /home/unique/ros2_ws/ros_test/install/main_interface/include/main_interface/main_interface/msg
[0.942s] -- Up-to-date: /home/unique/ros2_ws/ros_test/install/main_interface/include/main_interface/main_interface/msg/rosidl_typesupport_introspection_c__visibility_control.h
[0.943s] -- Up-to-date: /home/unique/ros2_ws/ros_test/install/main_interface/include/main_interface/main_interface/msg/detail
[0.943s] -- Up-to-date: /home/unique/ros2_ws/ros_test/install/main_interface/include/main_interface/main_interface/msg/detail/byte_rows__rosidl_typesupport_introspection_c.h
[0.943s] -- Up-to-date: /home/unique/ros2_ws/ros_test/install/main_interface/include/main_interface/main_interface/msg/detail/byte_rows__type_support.c
[0.943s] -- Up-to-date: /home/unique/ros2_ws/ros_test/install/main_interface/include/main_interface/main_interface/msg/detail/byte_row__type_support.c
[0.943s] -- Up-to-date: /home/unique/ros2_ws/ros_test/install/main_interface/include/main_interface/main_interface/msg/detail/byte_row__rosidl_typesupport_introspection_c.h
[0.944s] -- Up-to-date: /home/unique/ros2_ws/ros_test/install/main_interface/lib/libmain_interface__rosidl_typesupport_introspection_c.so
[0.944s] -- Up-to-date: /home/unique/ros2_ws/ros_test/install/main_interface/lib/libmain_interface__rosidl_typesupport_c.so
[0.944s] -- Up-to-date: /home/unique/ros2_ws/ros_test/install/main_interface/include/main_interface/main_interface
[0.945s] -- Up-to-date: /home/unique/ros2_ws/ros_test/install/main_interface/include/main_interface/main_interface/msg
[0.945s] -- Up-to-date: /home/unique/ros2_ws/ros_test/install/main_interface/include/main_interface/main_interface/msg/detail
[0.945s] -- Up-to-date: /home/unique/ros2_ws/ros_test/install/main_interface/include/main_interface/main_interface/msg/detail/byte_rows__type_support.cpp
[0.945s] -- Up-to-date: /home/unique/ros2_ws/ros_test/install/main_interface/include/main_interface/main_interface/msg/detail/byte_row__rosidl_typesupport_introspection_cpp.hpp
[0.945s] -- Up-to-date: /home/unique/ros2_ws/ros_test/install/main_interface/include/main_interface/main_interface/msg/detail/byte_row__type_support.cpp
[0.945s] -- Up-to-date: /home/unique/ros2_ws/ros_test/install/main_interface/include/main_interface/main_interface/msg/detail/byte_rows__rosidl_typesupport_introspection_cpp.hpp
[0.945s] -- Up-to-date: /home/unique/ros2_ws/ros_test/install/main_interface/lib/libmain_interface__rosidl_typesupport_introspection_cpp.so
[0.945s] -- Up-to-date: /home/unique/ros2_ws/ros_test/install/main_interface/lib/libmain_interface__rosidl_typesupport_cpp.so
[0.945s] -- Up-to-date: /home/unique/ros2_ws/ros_test/install/main_interface/share/main_interface/environment/pythonpath.sh
[0.945s] -- Up-to-date: /home/unique/ros2_ws/ros_test/install/main_interface/share/main_interface/environment/pythonpath.dsv
[0.945s] -- Up-to-date: /home/unique/ros2_ws/ros_test/install/main_interface/local/lib/python3.10/dist-packages/main_interface-0.0.0-py3.10.egg-info
[0.946s] -- Installing: /home/unique/ros2_ws/ros_test/install/main_interface/local/lib/python3.10/dist-packages/main_interface-0.0.0-py3.10.egg-info/dependency_links.txt
[0.946s] -- Installing: /home/unique/ros2_ws/ros_test/install/main_interface/local/lib/python3.10/dist-packages/main_interface-0.0.0-py3.10.egg-info/PKG-INFO
[0.946s] -- Installing: /home/unique/ros2_ws/ros_test/install/main_interface/local/lib/python3.10/dist-packages/main_interface-0.0.0-py3.10.egg-info/top_level.txt
[0.946s] -- Installing: /home/unique/ros2_ws/ros_test/install/main_interface/local/lib/python3.10/dist-packages/main_interface-0.0.0-py3.10.egg-info/SOURCES.txt
[0.946s] -- Up-to-date: /home/unique/ros2_ws/ros_test/install/main_interface/local/lib/python3.10/dist-packages/main_interface
[0.946s] -- Up-to-date: /home/unique/ros2_ws/ros_test/install/main_interface/local/lib/python3.10/dist-packages/main_interface/_main_interface_s.ep.rosidl_typesupport_introspection_c.c
[0.946s] -- Up-to-date: /home/unique/ros2_ws/ros_test/install/main_interface/local/lib/python3.10/dist-packages/main_interface/main_interface_s__rosidl_typesupport_c.cpython-310-x86_64-linux-gnu.so
[0.946s] -- Up-to-date: /home/unique/ros2_ws/ros_test/install/main_interface/local/lib/python3.10/dist-packages/main_interface/_main_interface_s.ep.rosidl_typesupport_c.c
[0.946s] -- Up-to-date: /home/unique/ros2_ws/ros_test/install/main_interface/local/lib/python3.10/dist-packages/main_interface/libmain_interface__rosidl_generator_py.so
[0.946s] -- Up-to-date: /home/unique/ros2_ws/ros_test/install/main_interface/local/lib/python3.10/dist-packages/main_interface/main_interface_s__rosidl_typesupport_fastrtps_c.cpython-310-x86_64-linux-gnu.so
[0.946s] -- Up-to-date: /home/unique/ros2_ws/ros_test/install/main_interface/local/lib/python3.10/dist-packages/main_interface/_main_interface_s.ep.rosidl_typesupport_fastrtps_c.c
[0.947s] -- Up-to-date: /home/unique/ros2_ws/ros_test/install/main_interface/local/lib/python3.10/dist-packages/main_interface/msg
[0.947s] -- Up-to-date: /home/unique/ros2_ws/ros_test/install/main_interface/local/lib/python3.10/dist-packages/main_interface/msg/_byte_rows_s.c
[0.947s] -- Up-to-date: /home/unique/ros2_ws/ros_test/install/main_interface/local/lib/python3.10/dist-packages/main_interface/msg/_byte_rows.py
[0.947s] -- Up-to-date: /home/unique/ros2_ws/ros_test/install/main_interface/local/lib/python3.10/dist-packages/main_interface/msg/_byte_row_s.c
[0.947s] -- Up-to-date: /home/unique/ros2_ws/ros_test/install/main_interface/local/lib/python3.10/dist-packages/main_interface/msg/_byte_row.py
[0.947s] -- Up-to-date: /home/unique/ros2_ws/ros_test/install/main_interface/local/lib/python3.10/dist-packages/main_interface/msg/__init__.py
[0.947s] -- Up-to-date: /home/unique/ros2_ws/ros_test/install/main_interface/local/lib/python3.10/dist-packages/main_interface/__init__.py
[0.947s] -- Up-to-date: /home/unique/ros2_ws/ros_test/install/main_interface/local/lib/python3.10/dist-packages/main_interface/main_interface_s__rosidl_typesupport_introspection_c.cpython-310-x86_64-linux-gnu.so
[1.013s] Listing '/home/unique/ros2_ws/ros_test/install/main_interface/local/lib/python3.10/dist-packages/main_interface'...
[1.013s] Listing '/home/unique/ros2_ws/ros_test/install/main_interface/local/lib/python3.10/dist-packages/main_interface/msg'...
[1.021s] -- Up-to-date: /home/unique/ros2_ws/ros_test/install/main_interface/local/lib/python3.10/dist-packages/main_interface/main_interface_s__rosidl_typesupport_fastrtps_c.cpython-310-x86_64-linux-gnu.so
[1.022s] -- Up-to-date: /home/unique/ros2_ws/ros_test/install/main_interface/local/lib/python3.10/dist-packages/main_interface/main_interface_s__rosidl_typesupport_introspection_c.cpython-310-x86_64-linux-gnu.so
[1.022s] -- Up-to-date: /home/unique/ros2_ws/ros_test/install/main_interface/local/lib/python3.10/dist-packages/main_interface/main_interface_s__rosidl_typesupport_c.cpython-310-x86_64-linux-gnu.so
[1.023s] -- Up-to-date: /home/unique/ros2_ws/ros_test/install/main_interface/lib/libmain_interface__rosidl_generator_py.so
[1.023s] -- Up-to-date: /home/unique/ros2_ws/ros_test/install/main_interface/share/ament_index/resource_index/rust_packages/main_interface
[1.023s] -- Up-to-date: /home/unique/ros2_ws/ros_test/install/main_interface/share/main_interface/rust
[1.024s] -- Up-to-date: /home/unique/ros2_ws/ros_test/install/main_interface/share/main_interface/rust/src
[1.024s] -- Up-to-date: /home/unique/ros2_ws/ros_test/install/main_interface/share/main_interface/rust/src/msg
[1.024s] -- Up-to-date: /home/unique/ros2_ws/ros_test/install/main_interface/share/main_interface/rust/src/msg/rmw.rs
[1.025s] -- Up-to-date: /home/unique/ros2_ws/ros_test/install/main_interface/share/main_interface/rust/src/lib.rs
[1.025s] -- Up-to-date: /home/unique/ros2_ws/ros_test/install/main_interface/share/main_interface/rust/src/msg.rs
[1.025s] -- Up-to-date: /home/unique/ros2_ws/ros_test/install/main_interface/share/main_interface/rust/build.rs
[1.026s] -- Up-to-date: /home/unique/ros2_ws/ros_test/install/main_interface/share/main_interface/rust/Cargo.toml
[1.026s] -- Up-to-date: /home/unique/ros2_ws/ros_test/install/main_interface/share/main_interface/msg/ByteRow.idl
[1.026s] -- Up-to-date: /home/unique/ros2_ws/ros_test/install/main_interface/share/main_interface/msg/ByteRows.idl
[1.027s] -- Up-to-date: /home/unique/ros2_ws/ros_test/install/main_interface/share/main_interface/msg/ByteRow.msg
[1.027s] -- Up-to-date: /home/unique/ros2_ws/ros_test/install/main_interface/share/main_interface/msg/ByteRows.msg
[1.027s] -- Up-to-date: /home/unique/ros2_ws/ros_test/install/main_interface/share/ament_index/resource_index/package_run_dependencies/main_interface
[1.027s] -- Up-to-date: /home/unique/ros2_ws/ros_test/install/main_interface/share/ament_index/resource_index/parent_prefix_path/main_interface
[1.027s] -- Up-to-date: /home/unique/ros2_ws/ros_test/install/main_interface/share/main_interface/environment/ament_prefix_path.sh
[1.028s] -- Up-to-date: /home/unique/ros2_ws/ros_test/install/main_interface/share/main_interface/environment/ament_prefix_path.dsv
[1.028s] -- Up-to-date: /home/unique/ros2_ws/ros_test/install/main_interface/share/main_interface/environment/path.sh
[1.029s] -- Up-to-date: /home/unique/ros2_ws/ros_test/install/main_interface/share/main_interface/environment/path.dsv
[1.029s] -- Up-to-date: /home/unique/ros2_ws/ros_test/install/main_interface/share/main_interface/local_setup.bash
[1.029s] -- Up-to-date: /home/unique/ros2_ws/ros_test/install/main_interface/share/main_interface/local_setup.sh
[1.030s] -- Up-to-date: /home/unique/ros2_ws/ros_test/install/main_interface/share/main_interface/local_setup.zsh
[1.030s] -- Up-to-date: /home/unique/ros2_ws/ros_test/install/main_interface/share/main_interface/local_setup.dsv
[1.030s] -- Installing: /home/unique/ros2_ws/ros_test/install/main_interface/share/main_interface/package.dsv
[1.030s] -- Up-to-date: /home/unique/ros2_ws/ros_test/install/main_interface/share/ament_index/resource_index/packages/main_interface
[1.031s] -- Up-to-date: /home/unique/ros2_ws/ros_test/install/main_interface/share/main_interface/cmake/export_main_interface__rosidl_generator_cExport.cmake
[1.031s] -- Up-to-date: /home/unique/ros2_ws/ros_test/install/main_interface/share/main_interface/cmake/export_main_interface__rosidl_generator_cExport-noconfig.cmake
[1.031s] -- Up-to-date: /home/unique/ros2_ws/ros_test/install/main_interface/share/main_interface/cmake/export_main_interface__rosidl_typesupport_fastrtps_cExport.cmake
[1.031s] -- Up-to-date: /home/unique/ros2_ws/ros_test/install/main_interface/share/main_interface/cmake/export_main_interface__rosidl_typesupport_fastrtps_cExport-noconfig.cmake
[1.031s] -- Up-to-date: /home/unique/ros2_ws/ros_test/install/main_interface/share/main_interface/cmake/export_main_interface__rosidl_generator_cppExport.cmake
[1.031s] -- Up-to-date: /home/unique/ros2_ws/ros_test/install/main_interface/share/main_interface/cmake/export_main_interface__rosidl_typesupport_fastrtps_cppExport.cmake
[1.031s] -- Up-to-date: /home/unique/ros2_ws/ros_test/install/main_interface/share/main_interface/cmake/export_main_interface__rosidl_typesupport_fastrtps_cppExport-noconfig.cmake
[1.032s] -- Up-to-date: /home/unique/ros2_ws/ros_test/install/main_interface/share/main_interface/cmake/main_interface__rosidl_typesupport_introspection_cExport.cmake
[1.032s] -- Up-to-date: /home/unique/ros2_ws/ros_test/install/main_interface/share/main_interface/cmake/main_interface__rosidl_typesupport_introspection_cExport-noconfig.cmake
[1.032s] -- Up-to-date: /home/unique/ros2_ws/ros_test/install/main_interface/share/main_interface/cmake/main_interface__rosidl_typesupport_cExport.cmake
[1.032s] -- Up-to-date: /home/unique/ros2_ws/ros_test/install/main_interface/share/main_interface/cmake/main_interface__rosidl_typesupport_cExport-noconfig.cmake
[1.032s] -- Up-to-date: /home/unique/ros2_ws/ros_test/install/main_interface/share/main_interface/cmake/main_interface__rosidl_typesupport_introspection_cppExport.cmake
[1.032s] -- Up-to-date: /home/unique/ros2_ws/ros_test/install/main_interface/share/main_interface/cmake/main_interface__rosidl_typesupport_introspection_cppExport-noconfig.cmake
[1.032s] -- Up-to-date: /home/unique/ros2_ws/ros_test/install/main_interface/share/main_interface/cmake/main_interface__rosidl_typesupport_cppExport.cmake
[1.032s] -- Up-to-date: /home/unique/ros2_ws/ros_test/install/main_interface/share/main_interface/cmake/main_interface__rosidl_typesupport_cppExport-noconfig.cmake
[1.032s] -- Up-to-date: /home/unique/ros2_ws/ros_test/install/main_interface/share/main_interface/cmake/export_main_interface__rosidl_generator_pyExport.cmake
[1.032s] -- Up-to-date: /home/unique/ros2_ws/ros_test/install/main_interface/share/main_interface/cmake/export_main_interface__rosidl_generator_pyExport-noconfig.cmake
[1.032s] -- Up-to-date: /home/unique/ros2_ws/ros_test/install/main_interface/share/main_interface/cmake/rosidl_cmake-extras.cmake
[1.033s] -- Up-to-date: /home/unique/ros2_ws/ros_test/install/main_interface/share/main_interface/cmake/ament_cmake_export_dependencies-extras.cmake
[1.033s] -- Up-to-date: /home/unique/ros2_ws/ros_test/install/main_interface/share/main_interface/cmake/ament_cmake_export_include_directories-extras.cmake
[1.033s] -- Up-to-date: /home/unique/ros2_ws/ros_test/install/main_interface/share/main_interface/cmake/ament_cmake_export_libraries-extras.cmake
[1.033s] -- Up-to-date: /home/unique/ros2_ws/ros_test/install/main_interface/share/main_interface/cmake/ament_cmake_export_targets-extras.cmake
[1.033s] -- Up-to-date: /home/unique/ros2_ws/ros_test/install/main_interface/share/main_interface/cmake/rosidl_cmake_export_typesupport_targets-extras.cmake
[1.033s] -- Up-to-date: /home/unique/ros2_ws/ros_test/install/main_interface/share/main_interface/cmake/rosidl_cmake_export_typesupport_libraries-extras.cmake
[1.033s] -- Up-to-date: /home/unique/ros2_ws/ros_test/install/main_interface/share/main_interface/cmake/main_interfaceConfig.cmake
[1.033s] -- Up-to-date: /home/unique/ros2_ws/ros_test/install/main_interface/share/main_interface/cmake/main_interfaceConfig-version.cmake
[1.033s] -- Up-to-date: /home/unique/ros2_ws/ros_test/install/main_interface/share/main_interface/package.xml
[1.037s] Invoked command in '/home/unique/ros2_ws/ros_test/build/main_interface' returned '0': CMAKE_PREFIX_PATH=${CMAKE_PREFIX_PATH}:/home/unique/ros2_ws/ros2_21_tutorials/install/learning_urdf:/home/unique/ros2_ws/ros2_21_tutorials/install/learning_topic:/home/unique/ros2_ws/ros2_21_tutorials/install/learning_tf:/home/unique/ros2_ws/ros2_21_tutorials/install/learning_service:/home/unique/ros2_ws/ros2_21_tutorials/install/learning_qos:/home/unique/ros2_ws/ros2_21_tutorials/install/learning_pkg_python:/home/unique/ros2_ws/ros2_21_tutorials/install/learning_parameter:/home/unique/ros2_ws/ros2_21_tutorials/install/learning_node:/home/unique/ros2_ws/ros2_21_tutorials/install/learning_launch:/home/unique/ros2_ws/ros2_21_tutorials/install/learning_action:/home/unique/ros2_ws/ros2_21_tutorials/install/learning_gazebo_harmonic:/home/unique/ros2_ws/ros2_21_tutorials/install/learning_gazebo:/home/unique/ros2_ws/ros2_21_tutorials/install/learning_cv:/opt/ros/humble /usr/bin/cmake --install /home/unique/ros2_ws/ros_test/build/main_interface
