[0.062s] Invoking command in '/home/unique/ros2_ws/ros_test/build/main_interface': CMAKE_PREFIX_PATH=${CMAKE_PREFIX_PATH}:/home/unique/ros2_ws/ros2_21_tutorials/install/learning_urdf:/home/unique/ros2_ws/ros2_21_tutorials/install/learning_topic:/home/unique/ros2_ws/ros2_21_tutorials/install/learning_tf:/home/unique/ros2_ws/ros2_21_tutorials/install/learning_service:/home/unique/ros2_ws/ros2_21_tutorials/install/learning_qos:/home/unique/ros2_ws/ros2_21_tutorials/install/learning_pkg_python:/home/unique/ros2_ws/ros2_21_tutorials/install/learning_parameter:/home/unique/ros2_ws/ros2_21_tutorials/install/learning_node:/home/unique/ros2_ws/ros2_21_tutorials/install/learning_launch:/home/unique/ros2_ws/ros2_21_tutorials/install/learning_action:/home/unique/ros2_ws/ros2_21_tutorials/install/learning_gazebo_harmonic:/home/unique/ros2_ws/ros2_21_tutorials/install/learning_gazebo:/home/unique/ros2_ws/ros2_21_tutorials/install/learning_cv:/opt/ros/humble /usr/bin/cmake --build /home/unique/ros2_ws/ros_test/build/main_interface -- -j8 -l8
[0.176s] [35m[1mConsolidate compiler generated dependencies of target main_interface__rosidl_generator_c[0m
[0.193s] [  5%] Built target main_interface__cpp
[0.193s] [  5%] Built target main_interface__rs
[0.207s] [ 15%] Built target main_interface__rosidl_generator_c
[0.218s] [ 15%] Built target ament_cmake_python_copy_main_interface
[0.223s] [35m[1mConsolidate compiler generated dependencies of target main_interface__rosidl_typesupport_fastrtps_cpp[0m
[0.223s] [35m[1mConsolidate compiler generated dependencies of target main_interface__rosidl_typesupport_introspection_cpp[0m
[0.224s] [35m[1mConsolidate compiler generated dependencies of target main_interface__rosidl_typesupport_cpp[0m
[0.247s] [35m[1mConsolidate compiler generated dependencies of target main_interface__rosidl_typesupport_introspection_c[0m
[0.247s] [35m[1mConsolidate compiler generated dependencies of target main_interface__rosidl_typesupport_c[0m
[0.248s] [35m[1mConsolidate compiler generated dependencies of target main_interface__rosidl_typesupport_fastrtps_c[0m
[0.251s] [ 17%] [32mBuilding CXX object CMakeFiles/main_interface__rosidl_typesupport_introspection_cpp.dir/rosidl_typesupport_introspection_cpp/main_interface/msg/detail/byte_row__type_support.cpp.o[0m
[0.254s] [ 20%] [32mBuilding CXX object CMakeFiles/main_interface__rosidl_typesupport_fastrtps_cpp.dir/rosidl_typesupport_fastrtps_cpp/main_interface/msg/detail/dds_fastrtps/byte_row__type_support.cpp.o[0m
[0.254s] [ 22%] [32mBuilding CXX object CMakeFiles/main_interface__rosidl_typesupport_cpp.dir/rosidl_typesupport_cpp/main_interface/msg/byte_row__type_support.cpp.o[0m
[0.263s] [ 25%] [32mBuilding CXX object CMakeFiles/main_interface__rosidl_typesupport_introspection_cpp.dir/rosidl_typesupport_introspection_cpp/main_interface/msg/detail/byte_rows__type_support.cpp.o[0m
[0.275s] [ 35%] Built target main_interface__rosidl_typesupport_introspection_c
[0.280s] [ 45%] Built target main_interface__rosidl_typesupport_c
[0.280s] [ 47%] [32mBuilding CXX object CMakeFiles/main_interface__rosidl_typesupport_fastrtps_c.dir/rosidl_typesupport_fastrtps_c/main_interface/msg/detail/byte_row__type_support_c.cpp.o[0m
[0.319s] [ 50%] [32mBuilding CXX object CMakeFiles/main_interface__rosidl_typesupport_cpp.dir/rosidl_typesupport_cpp/main_interface/msg/byte_rows__type_support.cpp.o[0m
[0.319s] [ 52%] [32mBuilding CXX object CMakeFiles/main_interface__rosidl_typesupport_fastrtps_cpp.dir/rosidl_typesupport_fastrtps_cpp/main_interface/msg/detail/dds_fastrtps/byte_rows__type_support.cpp.o[0m
[0.895s] running egg_info
[0.898s] writing main_interface.egg-info/PKG-INFO
[0.899s] writing dependency_links to main_interface.egg-info/dependency_links.txt
[0.899s] writing top-level names to main_interface.egg-info/top_level.txt
[0.909s] reading manifest file 'main_interface.egg-info/SOURCES.txt'
[0.913s] writing manifest file 'main_interface.egg-info/SOURCES.txt'
[1.055s] [ 55%] [32m[1mLinking CXX shared library libmain_interface__rosidl_typesupport_cpp.so[0m
[1.063s] [ 57%] [32mBuilding CXX object CMakeFiles/main_interface__rosidl_typesupport_fastrtps_c.dir/rosidl_typesupport_fastrtps_c/main_interface/msg/detail/byte_rows__type_support_c.cpp.o[0m
[1.065s] [ 57%] Built target ament_cmake_python_build_main_interface_egg
[1.506s] [ 60%] [32m[1mLinking CXX shared library libmain_interface__rosidl_typesupport_introspection_cpp.so[0m
[1.525s] [ 62%] [32m[1mLinking CXX shared library libmain_interface__rosidl_typesupport_fastrtps_cpp.so[0m
[1.765s] [ 65%] [32m[1mLinking CXX shared library libmain_interface__rosidl_typesupport_fastrtps_c.so[0m
[1.816s] [ 67%] Built target main_interface__rosidl_typesupport_cpp
[1.954s] [ 70%] Built target main_interface__rosidl_typesupport_fastrtps_cpp
[1.957s] [ 72%] Built target main_interface__rosidl_typesupport_introspection_cpp
[2.257s] [ 75%] Built target main_interface__rosidl_typesupport_fastrtps_c
[2.300s] [ 75%] Built target main_interface
[2.348s] [ 77%] Built target main_interface__py
[2.372s] [35m[1mConsolidate compiler generated dependencies of target main_interface__rosidl_generator_py[0m
[2.398s] [ 82%] [32mBuilding C object CMakeFiles/main_interface__rosidl_generator_py.dir/rosidl_generator_py/main_interface/msg/_byte_row_s.c.o[0m
[2.398s] [ 82%] [32mBuilding C object CMakeFiles/main_interface__rosidl_generator_py.dir/rosidl_generator_py/main_interface/msg/_byte_rows_s.c.o[0m
[2.629s] [ 85%] [32m[1mLinking C shared library rosidl_generator_py/main_interface/libmain_interface__rosidl_generator_py.so[0m
[3.011s] [ 85%] Built target main_interface__rosidl_generator_py
[3.035s] [35m[1mConsolidate compiler generated dependencies of target main_interface__rosidl_typesupport_fastrtps_c__pyext[0m
[3.036s] [35m[1mConsolidate compiler generated dependencies of target main_interface__rosidl_typesupport_introspection_c__pyext[0m
[3.037s] [35m[1mConsolidate compiler generated dependencies of target main_interface__rosidl_typesupport_c__pyext[0m
[3.063s] [ 87%] [32mBuilding C object CMakeFiles/main_interface__rosidl_typesupport_introspection_c__pyext.dir/rosidl_generator_py/main_interface/_main_interface_s.ep.rosidl_typesupport_introspection_c.c.o[0m
[3.067s] [ 90%] [32mBuilding C object CMakeFiles/main_interface__rosidl_typesupport_fastrtps_c__pyext.dir/rosidl_generator_py/main_interface/_main_interface_s.ep.rosidl_typesupport_fastrtps_c.c.o[0m
[3.068s] [ 92%] [32mBuilding C object CMakeFiles/main_interface__rosidl_typesupport_c__pyext.dir/rosidl_generator_py/main_interface/_main_interface_s.ep.rosidl_typesupport_c.c.o[0m
[3.254s] [ 95%] [32m[1mLinking C shared library rosidl_generator_py/main_interface/main_interface_s__rosidl_typesupport_introspection_c.cpython-310-x86_64-linux-gnu.so[0m
[3.264s] [ 97%] [32m[1mLinking C shared library rosidl_generator_py/main_interface/main_interface_s__rosidl_typesupport_fastrtps_c.cpython-310-x86_64-linux-gnu.so[0m
[3.305s] [100%] [32m[1mLinking C shared library rosidl_generator_py/main_interface/main_interface_s__rosidl_typesupport_c.cpython-310-x86_64-linux-gnu.so[0m
[3.575s] [100%] Built target main_interface__rosidl_typesupport_introspection_c__pyext
[3.576s] [100%] Built target main_interface__rosidl_typesupport_fastrtps_c__pyext
[3.683s] [100%] Built target main_interface__rosidl_typesupport_c__pyext
[3.711s] Invoked command in '/home/unique/ros2_ws/ros_test/build/main_interface' returned '0': CMAKE_PREFIX_PATH=${CMAKE_PREFIX_PATH}:/home/unique/ros2_ws/ros2_21_tutorials/install/learning_urdf:/home/unique/ros2_ws/ros2_21_tutorials/install/learning_topic:/home/unique/ros2_ws/ros2_21_tutorials/install/learning_tf:/home/unique/ros2_ws/ros2_21_tutorials/install/learning_service:/home/unique/ros2_ws/ros2_21_tutorials/install/learning_qos:/home/unique/ros2_ws/ros2_21_tutorials/install/learning_pkg_python:/home/unique/ros2_ws/ros2_21_tutorials/install/learning_parameter:/home/unique/ros2_ws/ros2_21_tutorials/install/learning_node:/home/unique/ros2_ws/ros2_21_tutorials/install/learning_launch:/home/unique/ros2_ws/ros2_21_tutorials/install/learning_action:/home/unique/ros2_ws/ros2_21_tutorials/install/learning_gazebo_harmonic:/home/unique/ros2_ws/ros2_21_tutorials/install/learning_gazebo:/home/unique/ros2_ws/ros2_21_tutorials/install/learning_cv:/opt/ros/humble /usr/bin/cmake --build /home/unique/ros2_ws/ros_test/build/main_interface -- -j8 -l8
[3.715s] Invoking command in '/home/unique/ros2_ws/ros_test/build/main_interface': CMAKE_PREFIX_PATH=${CMAKE_PREFIX_PATH}:/home/unique/ros2_ws/ros2_21_tutorials/install/learning_urdf:/home/unique/ros2_ws/ros2_21_tutorials/install/learning_topic:/home/unique/ros2_ws/ros2_21_tutorials/install/learning_tf:/home/unique/ros2_ws/ros2_21_tutorials/install/learning_service:/home/unique/ros2_ws/ros2_21_tutorials/install/learning_qos:/home/unique/ros2_ws/ros2_21_tutorials/install/learning_pkg_python:/home/unique/ros2_ws/ros2_21_tutorials/install/learning_parameter:/home/unique/ros2_ws/ros2_21_tutorials/install/learning_node:/home/unique/ros2_ws/ros2_21_tutorials/install/learning_launch:/home/unique/ros2_ws/ros2_21_tutorials/install/learning_action:/home/unique/ros2_ws/ros2_21_tutorials/install/learning_gazebo_harmonic:/home/unique/ros2_ws/ros2_21_tutorials/install/learning_gazebo:/home/unique/ros2_ws/ros2_21_tutorials/install/learning_cv:/opt/ros/humble /usr/bin/cmake --install /home/unique/ros2_ws/ros_test/build/main_interface
[3.733s] -- Install configuration: ""
[3.734s] -- Up-to-date: /home/unique/ros2_ws/ros_test/install/main_interface/share/ament_index/resource_index/rosidl_interfaces/main_interface
[3.734s] -- Up-to-date: /home/unique/ros2_ws/ros_test/install/main_interface/include/main_interface/main_interface
[3.734s] -- Up-to-date: /home/unique/ros2_ws/ros_test/install/main_interface/include/main_interface/main_interface/msg
[3.735s] -- Up-to-date: /home/unique/ros2_ws/ros_test/install/main_interface/include/main_interface/main_interface/msg/rosidl_generator_c__visibility_control.h
[3.735s] -- Up-to-date: /home/unique/ros2_ws/ros_test/install/main_interface/include/main_interface/main_interface/msg/byte_row.h
[3.735s] -- Up-to-date: /home/unique/ros2_ws/ros_test/install/main_interface/include/main_interface/main_interface/msg/byte_rows.h
[3.735s] -- Up-to-date: /home/unique/ros2_ws/ros_test/install/main_interface/include/main_interface/main_interface/msg/detail
[3.736s] -- Up-to-date: /home/unique/ros2_ws/ros_test/install/main_interface/include/main_interface/main_interface/msg/detail/byte_rows__functions.h
[3.736s] -- Up-to-date: /home/unique/ros2_ws/ros_test/install/main_interface/include/main_interface/main_interface/msg/detail/byte_row__functions.h
[3.736s] -- Up-to-date: /home/unique/ros2_ws/ros_test/install/main_interface/include/main_interface/main_interface/msg/detail/byte_row__functions.c
[3.736s] -- Up-to-date: /home/unique/ros2_ws/ros_test/install/main_interface/include/main_interface/main_interface/msg/detail/byte_rows__type_support.h
[3.736s] -- Up-to-date: /home/unique/ros2_ws/ros_test/install/main_interface/include/main_interface/main_interface/msg/detail/byte_rows__functions.c
[3.736s] -- Up-to-date: /home/unique/ros2_ws/ros_test/install/main_interface/include/main_interface/main_interface/msg/detail/byte_row__struct.h
[3.737s] -- Up-to-date: /home/unique/ros2_ws/ros_test/install/main_interface/include/main_interface/main_interface/msg/detail/byte_row__type_support.h
[3.737s] -- Up-to-date: /home/unique/ros2_ws/ros_test/install/main_interface/include/main_interface/main_interface/msg/detail/byte_rows__struct.h
[3.737s] -- Up-to-date: /home/unique/ros2_ws/ros_test/install/main_interface/share/main_interface/environment/library_path.sh
[3.737s] -- Up-to-date: /home/unique/ros2_ws/ros_test/install/main_interface/share/main_interface/environment/library_path.dsv
[3.738s] -- Up-to-date: /home/unique/ros2_ws/ros_test/install/main_interface/lib/libmain_interface__rosidl_generator_c.so
[3.738s] -- Up-to-date: /home/unique/ros2_ws/ros_test/install/main_interface/include/main_interface/main_interface
[3.739s] -- Up-to-date: /home/unique/ros2_ws/ros_test/install/main_interface/include/main_interface/main_interface/msg
[3.739s] -- Up-to-date: /home/unique/ros2_ws/ros_test/install/main_interface/include/main_interface/main_interface/msg/rosidl_typesupport_fastrtps_c__visibility_control.h
[3.739s] -- Up-to-date: /home/unique/ros2_ws/ros_test/install/main_interface/include/main_interface/main_interface/msg/detail
[3.740s] -- Up-to-date: /home/unique/ros2_ws/ros_test/install/main_interface/include/main_interface/main_interface/msg/detail/byte_row__rosidl_typesupport_fastrtps_c.h
[3.740s] -- Up-to-date: /home/unique/ros2_ws/ros_test/install/main_interface/include/main_interface/main_interface/msg/detail/byte_rows__rosidl_typesupport_fastrtps_c.h
[3.741s] -- Installing: /home/unique/ros2_ws/ros_test/install/main_interface/lib/libmain_interface__rosidl_typesupport_fastrtps_c.so
[3.742s] -- Set runtime path of "/home/unique/ros2_ws/ros_test/install/main_interface/lib/libmain_interface__rosidl_typesupport_fastrtps_c.so" to ""
[3.742s] -- Up-to-date: /home/unique/ros2_ws/ros_test/install/main_interface/include/main_interface/main_interface
[3.743s] -- Up-to-date: /home/unique/ros2_ws/ros_test/install/main_interface/include/main_interface/main_interface/msg
[3.743s] -- Up-to-date: /home/unique/ros2_ws/ros_test/install/main_interface/include/main_interface/main_interface/msg/byte_row.hpp
[3.744s] -- Up-to-date: /home/unique/ros2_ws/ros_test/install/main_interface/include/main_interface/main_interface/msg/rosidl_generator_cpp__visibility_control.hpp
[3.744s] -- Up-to-date: /home/unique/ros2_ws/ros_test/install/main_interface/include/main_interface/main_interface/msg/detail
[3.744s] -- Up-to-date: /home/unique/ros2_ws/ros_test/install/main_interface/include/main_interface/main_interface/msg/detail/byte_rows__builder.hpp
[3.744s] -- Up-to-date: /home/unique/ros2_ws/ros_test/install/main_interface/include/main_interface/main_interface/msg/detail/byte_row__builder.hpp
[3.744s] -- Up-to-date: /home/unique/ros2_ws/ros_test/install/main_interface/include/main_interface/main_interface/msg/detail/byte_rows__struct.hpp
[3.745s] -- Up-to-date: /home/unique/ros2_ws/ros_test/install/main_interface/include/main_interface/main_interface/msg/detail/byte_row__struct.hpp
[3.745s] -- Up-to-date: /home/unique/ros2_ws/ros_test/install/main_interface/include/main_interface/main_interface/msg/detail/byte_rows__type_support.hpp
[3.745s] -- Up-to-date: /home/unique/ros2_ws/ros_test/install/main_interface/include/main_interface/main_interface/msg/detail/byte_row__type_support.hpp
[3.745s] -- Up-to-date: /home/unique/ros2_ws/ros_test/install/main_interface/include/main_interface/main_interface/msg/detail/byte_rows__traits.hpp
[3.745s] -- Up-to-date: /home/unique/ros2_ws/ros_test/install/main_interface/include/main_interface/main_interface/msg/detail/byte_row__traits.hpp
[3.745s] -- Up-to-date: /home/unique/ros2_ws/ros_test/install/main_interface/include/main_interface/main_interface/msg/byte_rows.hpp
[3.745s] -- Up-to-date: /home/unique/ros2_ws/ros_test/install/main_interface/include/main_interface/main_interface
[3.745s] -- Up-to-date: /home/unique/ros2_ws/ros_test/install/main_interface/include/main_interface/main_interface/msg
[3.745s] -- Up-to-date: /home/unique/ros2_ws/ros_test/install/main_interface/include/main_interface/main_interface/msg/rosidl_typesupport_fastrtps_cpp__visibility_control.h
[3.745s] -- Up-to-date: /home/unique/ros2_ws/ros_test/install/main_interface/include/main_interface/main_interface/msg/detail
[3.745s] -- Up-to-date: /home/unique/ros2_ws/ros_test/install/main_interface/include/main_interface/main_interface/msg/detail/byte_rows__rosidl_typesupport_fastrtps_cpp.hpp
[3.746s] -- Up-to-date: /home/unique/ros2_ws/ros_test/install/main_interface/include/main_interface/main_interface/msg/detail/byte_row__rosidl_typesupport_fastrtps_cpp.hpp
[3.746s] -- Up-to-date: /home/unique/ros2_ws/ros_test/install/main_interface/include/main_interface/main_interface/msg/detail/dds_fastrtps
[3.746s] -- Installing: /home/unique/ros2_ws/ros_test/install/main_interface/lib/libmain_interface__rosidl_typesupport_fastrtps_cpp.so
[3.747s] -- Set runtime path of "/home/unique/ros2_ws/ros_test/install/main_interface/lib/libmain_interface__rosidl_typesupport_fastrtps_cpp.so" to ""
[3.747s] -- Up-to-date: /home/unique/ros2_ws/ros_test/install/main_interface/include/main_interface/main_interface
[3.747s] -- Up-to-date: /home/unique/ros2_ws/ros_test/install/main_interface/include/main_interface/main_interface/msg
[3.747s] -- Up-to-date: /home/unique/ros2_ws/ros_test/install/main_interface/include/main_interface/main_interface/msg/rosidl_typesupport_introspection_c__visibility_control.h
[3.747s] -- Up-to-date: /home/unique/ros2_ws/ros_test/install/main_interface/include/main_interface/main_interface/msg/detail
[3.747s] -- Up-to-date: /home/unique/ros2_ws/ros_test/install/main_interface/include/main_interface/main_interface/msg/detail/byte_rows__rosidl_typesupport_introspection_c.h
[3.748s] -- Up-to-date: /home/unique/ros2_ws/ros_test/install/main_interface/include/main_interface/main_interface/msg/detail/byte_rows__type_support.c
[3.748s] -- Up-to-date: /home/unique/ros2_ws/ros_test/install/main_interface/include/main_interface/main_interface/msg/detail/byte_row__type_support.c
[3.748s] -- Up-to-date: /home/unique/ros2_ws/ros_test/install/main_interface/include/main_interface/main_interface/msg/detail/byte_row__rosidl_typesupport_introspection_c.h
[3.748s] -- Up-to-date: /home/unique/ros2_ws/ros_test/install/main_interface/lib/libmain_interface__rosidl_typesupport_introspection_c.so
[3.750s] -- Up-to-date: /home/unique/ros2_ws/ros_test/install/main_interface/lib/libmain_interface__rosidl_typesupport_c.so
[3.750s] -- Up-to-date: /home/unique/ros2_ws/ros_test/install/main_interface/include/main_interface/main_interface
[3.751s] -- Up-to-date: /home/unique/ros2_ws/ros_test/install/main_interface/include/main_interface/main_interface/msg
[3.751s] -- Up-to-date: /home/unique/ros2_ws/ros_test/install/main_interface/include/main_interface/main_interface/msg/detail
[3.751s] -- Up-to-date: /home/unique/ros2_ws/ros_test/install/main_interface/include/main_interface/main_interface/msg/detail/byte_rows__type_support.cpp
[3.751s] -- Up-to-date: /home/unique/ros2_ws/ros_test/install/main_interface/include/main_interface/main_interface/msg/detail/byte_row__rosidl_typesupport_introspection_cpp.hpp
[3.751s] -- Up-to-date: /home/unique/ros2_ws/ros_test/install/main_interface/include/main_interface/main_interface/msg/detail/byte_row__type_support.cpp
[3.751s] -- Up-to-date: /home/unique/ros2_ws/ros_test/install/main_interface/include/main_interface/main_interface/msg/detail/byte_rows__rosidl_typesupport_introspection_cpp.hpp
[3.752s] -- Installing: /home/unique/ros2_ws/ros_test/install/main_interface/lib/libmain_interface__rosidl_typesupport_introspection_cpp.so
[3.753s] -- Set runtime path of "/home/unique/ros2_ws/ros_test/install/main_interface/lib/libmain_interface__rosidl_typesupport_introspection_cpp.so" to ""
[3.754s] -- Installing: /home/unique/ros2_ws/ros_test/install/main_interface/lib/libmain_interface__rosidl_typesupport_cpp.so
[3.756s] -- Set runtime path of "/home/unique/ros2_ws/ros_test/install/main_interface/lib/libmain_interface__rosidl_typesupport_cpp.so" to ""
[3.756s] -- Up-to-date: /home/unique/ros2_ws/ros_test/install/main_interface/share/main_interface/environment/pythonpath.sh
[3.756s] -- Up-to-date: /home/unique/ros2_ws/ros_test/install/main_interface/share/main_interface/environment/pythonpath.dsv
[3.757s] -- Up-to-date: /home/unique/ros2_ws/ros_test/install/main_interface/local/lib/python3.10/dist-packages/main_interface-0.0.0-py3.10.egg-info
[3.757s] -- Installing: /home/unique/ros2_ws/ros_test/install/main_interface/local/lib/python3.10/dist-packages/main_interface-0.0.0-py3.10.egg-info/dependency_links.txt
[3.758s] -- Installing: /home/unique/ros2_ws/ros_test/install/main_interface/local/lib/python3.10/dist-packages/main_interface-0.0.0-py3.10.egg-info/PKG-INFO
[3.758s] -- Installing: /home/unique/ros2_ws/ros_test/install/main_interface/local/lib/python3.10/dist-packages/main_interface-0.0.0-py3.10.egg-info/top_level.txt
[3.758s] -- Installing: /home/unique/ros2_ws/ros_test/install/main_interface/local/lib/python3.10/dist-packages/main_interface-0.0.0-py3.10.egg-info/SOURCES.txt
[3.758s] -- Up-to-date: /home/unique/ros2_ws/ros_test/install/main_interface/local/lib/python3.10/dist-packages/main_interface
[3.758s] -- Up-to-date: /home/unique/ros2_ws/ros_test/install/main_interface/local/lib/python3.10/dist-packages/main_interface/_main_interface_s.ep.rosidl_typesupport_introspection_c.c
[3.758s] -- Installing: /home/unique/ros2_ws/ros_test/install/main_interface/local/lib/python3.10/dist-packages/main_interface/main_interface_s__rosidl_typesupport_c.cpython-310-x86_64-linux-gnu.so
[3.759s] -- Up-to-date: /home/unique/ros2_ws/ros_test/install/main_interface/local/lib/python3.10/dist-packages/main_interface/_main_interface_s.ep.rosidl_typesupport_c.c
[3.759s] -- Installing: /home/unique/ros2_ws/ros_test/install/main_interface/local/lib/python3.10/dist-packages/main_interface/libmain_interface__rosidl_generator_py.so
[3.760s] -- Installing: /home/unique/ros2_ws/ros_test/install/main_interface/local/lib/python3.10/dist-packages/main_interface/main_interface_s__rosidl_typesupport_fastrtps_c.cpython-310-x86_64-linux-gnu.so
[3.760s] -- Up-to-date: /home/unique/ros2_ws/ros_test/install/main_interface/local/lib/python3.10/dist-packages/main_interface/_main_interface_s.ep.rosidl_typesupport_fastrtps_c.c
[3.761s] -- Up-to-date: /home/unique/ros2_ws/ros_test/install/main_interface/local/lib/python3.10/dist-packages/main_interface/msg
[3.761s] -- Up-to-date: /home/unique/ros2_ws/ros_test/install/main_interface/local/lib/python3.10/dist-packages/main_interface/msg/_byte_rows_s.c
[3.761s] -- Up-to-date: /home/unique/ros2_ws/ros_test/install/main_interface/local/lib/python3.10/dist-packages/main_interface/msg/_byte_rows.py
[3.761s] -- Up-to-date: /home/unique/ros2_ws/ros_test/install/main_interface/local/lib/python3.10/dist-packages/main_interface/msg/_byte_row_s.c
[3.761s] -- Up-to-date: /home/unique/ros2_ws/ros_test/install/main_interface/local/lib/python3.10/dist-packages/main_interface/msg/_byte_row.py
[3.761s] -- Up-to-date: /home/unique/ros2_ws/ros_test/install/main_interface/local/lib/python3.10/dist-packages/main_interface/msg/__init__.py
[3.762s] -- Up-to-date: /home/unique/ros2_ws/ros_test/install/main_interface/local/lib/python3.10/dist-packages/main_interface/__init__.py
[3.762s] -- Installing: /home/unique/ros2_ws/ros_test/install/main_interface/local/lib/python3.10/dist-packages/main_interface/main_interface_s__rosidl_typesupport_introspection_c.cpython-310-x86_64-linux-gnu.so
[3.833s] Listing '/home/unique/ros2_ws/ros_test/install/main_interface/local/lib/python3.10/dist-packages/main_interface'...
[3.833s] Listing '/home/unique/ros2_ws/ros_test/install/main_interface/local/lib/python3.10/dist-packages/main_interface/msg'...
[3.843s] -- Installing: /home/unique/ros2_ws/ros_test/install/main_interface/local/lib/python3.10/dist-packages/main_interface/main_interface_s__rosidl_typesupport_fastrtps_c.cpython-310-x86_64-linux-gnu.so
[3.844s] -- Set runtime path of "/home/unique/ros2_ws/ros_test/install/main_interface/local/lib/python3.10/dist-packages/main_interface/main_interface_s__rosidl_typesupport_fastrtps_c.cpython-310-x86_64-linux-gnu.so" to ""
[3.845s] -- Installing: /home/unique/ros2_ws/ros_test/install/main_interface/local/lib/python3.10/dist-packages/main_interface/main_interface_s__rosidl_typesupport_introspection_c.cpython-310-x86_64-linux-gnu.so
[3.846s] -- Set runtime path of "/home/unique/ros2_ws/ros_test/install/main_interface/local/lib/python3.10/dist-packages/main_interface/main_interface_s__rosidl_typesupport_introspection_c.cpython-310-x86_64-linux-gnu.so" to ""
[3.847s] -- Installing: /home/unique/ros2_ws/ros_test/install/main_interface/local/lib/python3.10/dist-packages/main_interface/main_interface_s__rosidl_typesupport_c.cpython-310-x86_64-linux-gnu.so
[3.847s] -- Set runtime path of "/home/unique/ros2_ws/ros_test/install/main_interface/local/lib/python3.10/dist-packages/main_interface/main_interface_s__rosidl_typesupport_c.cpython-310-x86_64-linux-gnu.so" to ""
[3.849s] -- Installing: /home/unique/ros2_ws/ros_test/install/main_interface/lib/libmain_interface__rosidl_generator_py.so
[3.850s] -- Set runtime path of "/home/unique/ros2_ws/ros_test/install/main_interface/lib/libmain_interface__rosidl_generator_py.so" to ""
[3.850s] -- Up-to-date: /home/unique/ros2_ws/ros_test/install/main_interface/share/ament_index/resource_index/rust_packages/main_interface
[3.850s] -- Up-to-date: /home/unique/ros2_ws/ros_test/install/main_interface/share/main_interface/rust
[3.850s] -- Up-to-date: /home/unique/ros2_ws/ros_test/install/main_interface/share/main_interface/rust/src
[3.851s] -- Up-to-date: /home/unique/ros2_ws/ros_test/install/main_interface/share/main_interface/rust/src/msg
[3.851s] -- Up-to-date: /home/unique/ros2_ws/ros_test/install/main_interface/share/main_interface/rust/src/msg/rmw.rs
[3.851s] -- Up-to-date: /home/unique/ros2_ws/ros_test/install/main_interface/share/main_interface/rust/src/lib.rs
[3.851s] -- Up-to-date: /home/unique/ros2_ws/ros_test/install/main_interface/share/main_interface/rust/src/msg.rs
[3.852s] -- Up-to-date: /home/unique/ros2_ws/ros_test/install/main_interface/share/main_interface/rust/build.rs
[3.852s] -- Up-to-date: /home/unique/ros2_ws/ros_test/install/main_interface/share/main_interface/rust/Cargo.toml
[3.852s] -- Up-to-date: /home/unique/ros2_ws/ros_test/install/main_interface/share/main_interface/msg/ByteRow.idl
[3.853s] -- Up-to-date: /home/unique/ros2_ws/ros_test/install/main_interface/share/main_interface/msg/ByteRows.idl
[3.853s] -- Up-to-date: /home/unique/ros2_ws/ros_test/install/main_interface/share/main_interface/msg/ByteRow.msg
[3.853s] -- Up-to-date: /home/unique/ros2_ws/ros_test/install/main_interface/share/main_interface/msg/ByteRows.msg
[3.853s] -- Up-to-date: /home/unique/ros2_ws/ros_test/install/main_interface/share/ament_index/resource_index/package_run_dependencies/main_interface
[3.853s] -- Up-to-date: /home/unique/ros2_ws/ros_test/install/main_interface/share/ament_index/resource_index/parent_prefix_path/main_interface
[3.853s] -- Up-to-date: /home/unique/ros2_ws/ros_test/install/main_interface/share/main_interface/environment/ament_prefix_path.sh
[3.853s] -- Up-to-date: /home/unique/ros2_ws/ros_test/install/main_interface/share/main_interface/environment/ament_prefix_path.dsv
[3.853s] -- Up-to-date: /home/unique/ros2_ws/ros_test/install/main_interface/share/main_interface/environment/path.sh
[3.854s] -- Up-to-date: /home/unique/ros2_ws/ros_test/install/main_interface/share/main_interface/environment/path.dsv
[3.854s] -- Up-to-date: /home/unique/ros2_ws/ros_test/install/main_interface/share/main_interface/local_setup.bash
[3.854s] -- Up-to-date: /home/unique/ros2_ws/ros_test/install/main_interface/share/main_interface/local_setup.sh
[3.854s] -- Up-to-date: /home/unique/ros2_ws/ros_test/install/main_interface/share/main_interface/local_setup.zsh
[3.854s] -- Up-to-date: /home/unique/ros2_ws/ros_test/install/main_interface/share/main_interface/local_setup.dsv
[3.854s] -- Installing: /home/unique/ros2_ws/ros_test/install/main_interface/share/main_interface/package.dsv
[3.854s] -- Up-to-date: /home/unique/ros2_ws/ros_test/install/main_interface/share/ament_index/resource_index/packages/main_interface
[3.855s] -- Up-to-date: /home/unique/ros2_ws/ros_test/install/main_interface/share/main_interface/cmake/export_main_interface__rosidl_generator_cExport.cmake
[3.855s] -- Up-to-date: /home/unique/ros2_ws/ros_test/install/main_interface/share/main_interface/cmake/export_main_interface__rosidl_generator_cExport-noconfig.cmake
[3.856s] -- Up-to-date: /home/unique/ros2_ws/ros_test/install/main_interface/share/main_interface/cmake/export_main_interface__rosidl_typesupport_fastrtps_cExport.cmake
[3.856s] -- Up-to-date: /home/unique/ros2_ws/ros_test/install/main_interface/share/main_interface/cmake/export_main_interface__rosidl_typesupport_fastrtps_cExport-noconfig.cmake
[3.857s] -- Up-to-date: /home/unique/ros2_ws/ros_test/install/main_interface/share/main_interface/cmake/export_main_interface__rosidl_generator_cppExport.cmake
[3.858s] -- Up-to-date: /home/unique/ros2_ws/ros_test/install/main_interface/share/main_interface/cmake/export_main_interface__rosidl_typesupport_fastrtps_cppExport.cmake
[3.858s] -- Up-to-date: /home/unique/ros2_ws/ros_test/install/main_interface/share/main_interface/cmake/export_main_interface__rosidl_typesupport_fastrtps_cppExport-noconfig.cmake
[3.859s] -- Up-to-date: /home/unique/ros2_ws/ros_test/install/main_interface/share/main_interface/cmake/main_interface__rosidl_typesupport_introspection_cExport.cmake
[3.859s] -- Up-to-date: /home/unique/ros2_ws/ros_test/install/main_interface/share/main_interface/cmake/main_interface__rosidl_typesupport_introspection_cExport-noconfig.cmake
[3.860s] -- Up-to-date: /home/unique/ros2_ws/ros_test/install/main_interface/share/main_interface/cmake/main_interface__rosidl_typesupport_cExport.cmake
[3.860s] -- Up-to-date: /home/unique/ros2_ws/ros_test/install/main_interface/share/main_interface/cmake/main_interface__rosidl_typesupport_cExport-noconfig.cmake
[3.861s] -- Up-to-date: /home/unique/ros2_ws/ros_test/install/main_interface/share/main_interface/cmake/main_interface__rosidl_typesupport_introspection_cppExport.cmake
[3.861s] -- Up-to-date: /home/unique/ros2_ws/ros_test/install/main_interface/share/main_interface/cmake/main_interface__rosidl_typesupport_introspection_cppExport-noconfig.cmake
[3.862s] -- Up-to-date: /home/unique/ros2_ws/ros_test/install/main_interface/share/main_interface/cmake/main_interface__rosidl_typesupport_cppExport.cmake
[3.862s] -- Up-to-date: /home/unique/ros2_ws/ros_test/install/main_interface/share/main_interface/cmake/main_interface__rosidl_typesupport_cppExport-noconfig.cmake
[3.864s] -- Up-to-date: /home/unique/ros2_ws/ros_test/install/main_interface/share/main_interface/cmake/export_main_interface__rosidl_generator_pyExport.cmake
[3.864s] -- Up-to-date: /home/unique/ros2_ws/ros_test/install/main_interface/share/main_interface/cmake/export_main_interface__rosidl_generator_pyExport-noconfig.cmake
[3.864s] -- Up-to-date: /home/unique/ros2_ws/ros_test/install/main_interface/share/main_interface/cmake/rosidl_cmake-extras.cmake
[3.864s] -- Up-to-date: /home/unique/ros2_ws/ros_test/install/main_interface/share/main_interface/cmake/ament_cmake_export_dependencies-extras.cmake
[3.865s] -- Up-to-date: /home/unique/ros2_ws/ros_test/install/main_interface/share/main_interface/cmake/ament_cmake_export_include_directories-extras.cmake
[3.865s] -- Up-to-date: /home/unique/ros2_ws/ros_test/install/main_interface/share/main_interface/cmake/ament_cmake_export_libraries-extras.cmake
[3.865s] -- Up-to-date: /home/unique/ros2_ws/ros_test/install/main_interface/share/main_interface/cmake/ament_cmake_export_targets-extras.cmake
[3.865s] -- Up-to-date: /home/unique/ros2_ws/ros_test/install/main_interface/share/main_interface/cmake/rosidl_cmake_export_typesupport_targets-extras.cmake
[3.865s] -- Up-to-date: /home/unique/ros2_ws/ros_test/install/main_interface/share/main_interface/cmake/rosidl_cmake_export_typesupport_libraries-extras.cmake
[3.865s] -- Up-to-date: /home/unique/ros2_ws/ros_test/install/main_interface/share/main_interface/cmake/main_interfaceConfig.cmake
[3.865s] -- Up-to-date: /home/unique/ros2_ws/ros_test/install/main_interface/share/main_interface/cmake/main_interfaceConfig-version.cmake
[3.866s] -- Up-to-date: /home/unique/ros2_ws/ros_test/install/main_interface/share/main_interface/package.xml
[3.872s] Invoked command in '/home/unique/ros2_ws/ros_test/build/main_interface' returned '0': CMAKE_PREFIX_PATH=${CMAKE_PREFIX_PATH}:/home/unique/ros2_ws/ros2_21_tutorials/install/learning_urdf:/home/unique/ros2_ws/ros2_21_tutorials/install/learning_topic:/home/unique/ros2_ws/ros2_21_tutorials/install/learning_tf:/home/unique/ros2_ws/ros2_21_tutorials/install/learning_service:/home/unique/ros2_ws/ros2_21_tutorials/install/learning_qos:/home/unique/ros2_ws/ros2_21_tutorials/install/learning_pkg_python:/home/unique/ros2_ws/ros2_21_tutorials/install/learning_parameter:/home/unique/ros2_ws/ros2_21_tutorials/install/learning_node:/home/unique/ros2_ws/ros2_21_tutorials/install/learning_launch:/home/unique/ros2_ws/ros2_21_tutorials/install/learning_action:/home/unique/ros2_ws/ros2_21_tutorials/install/learning_gazebo_harmonic:/home/unique/ros2_ws/ros2_21_tutorials/install/learning_gazebo:/home/unique/ros2_ws/ros2_21_tutorials/install/learning_cv:/opt/ros/humble /usr/bin/cmake --install /home/unique/ros2_ws/ros_test/build/main_interface
