[0.062s] Invoking command in '/home/unique/ros2_ws/ros_test/build/main_interface': CMAKE_PREFIX_PATH=${CMAKE_PREFIX_PATH}:/home/unique/ros2_ws/ros2_21_tutorials/install/learning_urdf:/home/unique/ros2_ws/ros2_21_tutorials/install/learning_topic:/home/unique/ros2_ws/ros2_21_tutorials/install/learning_tf:/home/unique/ros2_ws/ros2_21_tutorials/install/learning_service:/home/unique/ros2_ws/ros2_21_tutorials/install/learning_qos:/home/unique/ros2_ws/ros2_21_tutorials/install/learning_pkg_python:/home/unique/ros2_ws/ros2_21_tutorials/install/learning_parameter:/home/unique/ros2_ws/ros2_21_tutorials/install/learning_node:/home/unique/ros2_ws/ros2_21_tutorials/install/learning_launch:/home/unique/ros2_ws/ros2_21_tutorials/install/learning_action:/home/unique/ros2_ws/ros2_21_tutorials/install/learning_gazebo_harmonic:/home/unique/ros2_ws/ros2_21_tutorials/install/learning_gazebo:/home/unique/ros2_ws/ros2_21_tutorials/install/learning_cv:/opt/ros/humble /usr/bin/cmake --build /home/unique/ros2_ws/ros_test/build/main_interface -- -j8 -l8
[0.357s] [  2%] Built target main_interface__cpp
[0.358s] [ 10%] Built target main_interface__rs
[0.358s] [ 15%] Built target main_interface__rosidl_generator_c
[0.386s] [ 15%] Built target ament_cmake_python_copy_main_interface
[0.441s] [ 25%] Built target main_interface__rosidl_typesupport_introspection_cpp
[0.441s] [ 35%] Built target main_interface__rosidl_typesupport_cpp
[0.461s] [ 45%] Built target main_interface__rosidl_typesupport_c
[0.461s] [ 55%] Built target main_interface__rosidl_typesupport_fastrtps_cpp
[0.461s] [ 65%] Built target main_interface__rosidl_typesupport_introspection_c
[0.475s] [ 75%] Built target main_interface__rosidl_typesupport_fastrtps_c
[0.533s] [ 75%] Built target main_interface
[0.589s] [ 77%] Built target main_interface__py
[0.651s] [ 85%] Built target main_interface__rosidl_generator_py
[0.707s] [ 90%] Built target main_interface__rosidl_typesupport_introspection_c__pyext
[0.708s] [ 95%] Built target main_interface__rosidl_typesupport_fastrtps_c__pyext
[0.709s] [100%] Built target main_interface__rosidl_typesupport_c__pyext
[0.903s] running egg_info
[0.905s] writing main_interface.egg-info/PKG-INFO
[0.906s] writing dependency_links to main_interface.egg-info/dependency_links.txt
[0.907s] writing top-level names to main_interface.egg-info/top_level.txt
[0.912s] reading manifest file 'main_interface.egg-info/SOURCES.txt'
[0.914s] writing manifest file 'main_interface.egg-info/SOURCES.txt'
[0.971s] [100%] Built target ament_cmake_python_build_main_interface_egg
[0.998s] Invoked command in '/home/unique/ros2_ws/ros_test/build/main_interface' returned '0': CMAKE_PREFIX_PATH=${CMAKE_PREFIX_PATH}:/home/unique/ros2_ws/ros2_21_tutorials/install/learning_urdf:/home/unique/ros2_ws/ros2_21_tutorials/install/learning_topic:/home/unique/ros2_ws/ros2_21_tutorials/install/learning_tf:/home/unique/ros2_ws/ros2_21_tutorials/install/learning_service:/home/unique/ros2_ws/ros2_21_tutorials/install/learning_qos:/home/unique/ros2_ws/ros2_21_tutorials/install/learning_pkg_python:/home/unique/ros2_ws/ros2_21_tutorials/install/learning_parameter:/home/unique/ros2_ws/ros2_21_tutorials/install/learning_node:/home/unique/ros2_ws/ros2_21_tutorials/install/learning_launch:/home/unique/ros2_ws/ros2_21_tutorials/install/learning_action:/home/unique/ros2_ws/ros2_21_tutorials/install/learning_gazebo_harmonic:/home/unique/ros2_ws/ros2_21_tutorials/install/learning_gazebo:/home/unique/ros2_ws/ros2_21_tutorials/install/learning_cv:/opt/ros/humble /usr/bin/cmake --build /home/unique/ros2_ws/ros_test/build/main_interface -- -j8 -l8
[1.003s] Invoking command in '/home/unique/ros2_ws/ros_test/build/main_interface': CMAKE_PREFIX_PATH=${CMAKE_PREFIX_PATH}:/home/unique/ros2_ws/ros2_21_tutorials/install/learning_urdf:/home/unique/ros2_ws/ros2_21_tutorials/install/learning_topic:/home/unique/ros2_ws/ros2_21_tutorials/install/learning_tf:/home/unique/ros2_ws/ros2_21_tutorials/install/learning_service:/home/unique/ros2_ws/ros2_21_tutorials/install/learning_qos:/home/unique/ros2_ws/ros2_21_tutorials/install/learning_pkg_python:/home/unique/ros2_ws/ros2_21_tutorials/install/learning_parameter:/home/unique/ros2_ws/ros2_21_tutorials/install/learning_node:/home/unique/ros2_ws/ros2_21_tutorials/install/learning_launch:/home/unique/ros2_ws/ros2_21_tutorials/install/learning_action:/home/unique/ros2_ws/ros2_21_tutorials/install/learning_gazebo_harmonic:/home/unique/ros2_ws/ros2_21_tutorials/install/learning_gazebo:/home/unique/ros2_ws/ros2_21_tutorials/install/learning_cv:/opt/ros/humble /usr/bin/cmake --install /home/unique/ros2_ws/ros_test/build/main_interface
[1.020s] -- Install configuration: ""
[1.020s] -- Up-to-date: /home/unique/ros2_ws/ros_test/install/main_interface/share/ament_index/resource_index/rosidl_interfaces/main_interface
[1.021s] -- Up-to-date: /home/unique/ros2_ws/ros_test/install/main_interface/include/main_interface/main_interface
[1.021s] -- Up-to-date: /home/unique/ros2_ws/ros_test/install/main_interface/include/main_interface/main_interface/msg
[1.021s] -- Up-to-date: /home/unique/ros2_ws/ros_test/install/main_interface/include/main_interface/main_interface/msg/rosidl_generator_c__visibility_control.h
[1.021s] -- Up-to-date: /home/unique/ros2_ws/ros_test/install/main_interface/include/main_interface/main_interface/msg/byte_row.h
[1.022s] -- Up-to-date: /home/unique/ros2_ws/ros_test/install/main_interface/include/main_interface/main_interface/msg/byte_rows.h
[1.022s] -- Up-to-date: /home/unique/ros2_ws/ros_test/install/main_interface/include/main_interface/main_interface/msg/detail
[1.022s] -- Up-to-date: /home/unique/ros2_ws/ros_test/install/main_interface/include/main_interface/main_interface/msg/detail/byte_rows__functions.h
[1.023s] -- Up-to-date: /home/unique/ros2_ws/ros_test/install/main_interface/include/main_interface/main_interface/msg/detail/byte_row__functions.h
[1.023s] -- Up-to-date: /home/unique/ros2_ws/ros_test/install/main_interface/include/main_interface/main_interface/msg/detail/byte_row__functions.c
[1.023s] -- Up-to-date: /home/unique/ros2_ws/ros_test/install/main_interface/include/main_interface/main_interface/msg/detail/byte_rows__type_support.h
[1.023s] -- Up-to-date: /home/unique/ros2_ws/ros_test/install/main_interface/include/main_interface/main_interface/msg/detail/byte_rows__functions.c
[1.024s] -- Up-to-date: /home/unique/ros2_ws/ros_test/install/main_interface/include/main_interface/main_interface/msg/detail/byte_row__struct.h
[1.024s] -- Up-to-date: /home/unique/ros2_ws/ros_test/install/main_interface/include/main_interface/main_interface/msg/detail/byte_row__type_support.h
[1.024s] -- Up-to-date: /home/unique/ros2_ws/ros_test/install/main_interface/include/main_interface/main_interface/msg/detail/byte_rows__struct.h
[1.025s] -- Up-to-date: /home/unique/ros2_ws/ros_test/install/main_interface/share/main_interface/environment/library_path.sh
[1.025s] -- Up-to-date: /home/unique/ros2_ws/ros_test/install/main_interface/share/main_interface/environment/library_path.dsv
[1.026s] -- Up-to-date: /home/unique/ros2_ws/ros_test/install/main_interface/lib/libmain_interface__rosidl_generator_c.so
[1.026s] -- Up-to-date: /home/unique/ros2_ws/ros_test/install/main_interface/include/main_interface/main_interface
[1.027s] -- Up-to-date: /home/unique/ros2_ws/ros_test/install/main_interface/include/main_interface/main_interface/msg
[1.027s] -- Up-to-date: /home/unique/ros2_ws/ros_test/install/main_interface/include/main_interface/main_interface/msg/rosidl_typesupport_fastrtps_c__visibility_control.h
[1.028s] -- Up-to-date: /home/unique/ros2_ws/ros_test/install/main_interface/include/main_interface/main_interface/msg/detail
[1.028s] -- Up-to-date: /home/unique/ros2_ws/ros_test/install/main_interface/include/main_interface/main_interface/msg/detail/byte_row__rosidl_typesupport_fastrtps_c.h
[1.028s] -- Up-to-date: /home/unique/ros2_ws/ros_test/install/main_interface/include/main_interface/main_interface/msg/detail/byte_rows__rosidl_typesupport_fastrtps_c.h
[1.028s] -- Up-to-date: /home/unique/ros2_ws/ros_test/install/main_interface/lib/libmain_interface__rosidl_typesupport_fastrtps_c.so
[1.029s] -- Up-to-date: /home/unique/ros2_ws/ros_test/install/main_interface/include/main_interface/main_interface
[1.029s] -- Up-to-date: /home/unique/ros2_ws/ros_test/install/main_interface/include/main_interface/main_interface/msg
[1.029s] -- Up-to-date: /home/unique/ros2_ws/ros_test/install/main_interface/include/main_interface/main_interface/msg/byte_row.hpp
[1.030s] -- Up-to-date: /home/unique/ros2_ws/ros_test/install/main_interface/include/main_interface/main_interface/msg/rosidl_generator_cpp__visibility_control.hpp
[1.030s] -- Up-to-date: /home/unique/ros2_ws/ros_test/install/main_interface/include/main_interface/main_interface/msg/detail
[1.030s] -- Up-to-date: /home/unique/ros2_ws/ros_test/install/main_interface/include/main_interface/main_interface/msg/detail/byte_rows__builder.hpp
[1.031s] -- Up-to-date: /home/unique/ros2_ws/ros_test/install/main_interface/include/main_interface/main_interface/msg/detail/byte_row__builder.hpp
[1.031s] -- Up-to-date: /home/unique/ros2_ws/ros_test/install/main_interface/include/main_interface/main_interface/msg/detail/byte_rows__struct.hpp
[1.031s] -- Up-to-date: /home/unique/ros2_ws/ros_test/install/main_interface/include/main_interface/main_interface/msg/detail/byte_row__struct.hpp
[1.032s] -- Up-to-date: /home/unique/ros2_ws/ros_test/install/main_interface/include/main_interface/main_interface/msg/detail/byte_rows__type_support.hpp
[1.032s] -- Up-to-date: /home/unique/ros2_ws/ros_test/install/main_interface/include/main_interface/main_interface/msg/detail/byte_row__type_support.hpp
[1.032s] -- Up-to-date: /home/unique/ros2_ws/ros_test/install/main_interface/include/main_interface/main_interface/msg/detail/byte_rows__traits.hpp
[1.032s] -- Up-to-date: /home/unique/ros2_ws/ros_test/install/main_interface/include/main_interface/main_interface/msg/detail/byte_row__traits.hpp
[1.032s] -- Up-to-date: /home/unique/ros2_ws/ros_test/install/main_interface/include/main_interface/main_interface/msg/byte_rows.hpp
[1.033s] -- Up-to-date: /home/unique/ros2_ws/ros_test/install/main_interface/include/main_interface/main_interface
[1.033s] -- Up-to-date: /home/unique/ros2_ws/ros_test/install/main_interface/include/main_interface/main_interface/msg
[1.033s] -- Up-to-date: /home/unique/ros2_ws/ros_test/install/main_interface/include/main_interface/main_interface/msg/rosidl_typesupport_fastrtps_cpp__visibility_control.h
[1.034s] -- Up-to-date: /home/unique/ros2_ws/ros_test/install/main_interface/include/main_interface/main_interface/msg/detail
[1.034s] -- Up-to-date: /home/unique/ros2_ws/ros_test/install/main_interface/include/main_interface/main_interface/msg/detail/byte_rows__rosidl_typesupport_fastrtps_cpp.hpp
[1.034s] -- Up-to-date: /home/unique/ros2_ws/ros_test/install/main_interface/include/main_interface/main_interface/msg/detail/byte_row__rosidl_typesupport_fastrtps_cpp.hpp
[1.034s] -- Up-to-date: /home/unique/ros2_ws/ros_test/install/main_interface/include/main_interface/main_interface/msg/detail/dds_fastrtps
[1.035s] -- Up-to-date: /home/unique/ros2_ws/ros_test/install/main_interface/lib/libmain_interface__rosidl_typesupport_fastrtps_cpp.so
[1.035s] -- Up-to-date: /home/unique/ros2_ws/ros_test/install/main_interface/include/main_interface/main_interface
[1.035s] -- Up-to-date: /home/unique/ros2_ws/ros_test/install/main_interface/include/main_interface/main_interface/msg
[1.035s] -- Up-to-date: /home/unique/ros2_ws/ros_test/install/main_interface/include/main_interface/main_interface/msg/rosidl_typesupport_introspection_c__visibility_control.h
[1.036s] -- Up-to-date: /home/unique/ros2_ws/ros_test/install/main_interface/include/main_interface/main_interface/msg/detail
[1.036s] -- Up-to-date: /home/unique/ros2_ws/ros_test/install/main_interface/include/main_interface/main_interface/msg/detail/byte_rows__rosidl_typesupport_introspection_c.h
[1.036s] -- Up-to-date: /home/unique/ros2_ws/ros_test/install/main_interface/include/main_interface/main_interface/msg/detail/byte_rows__type_support.c
[1.036s] -- Up-to-date: /home/unique/ros2_ws/ros_test/install/main_interface/include/main_interface/main_interface/msg/detail/byte_row__type_support.c
[1.037s] -- Up-to-date: /home/unique/ros2_ws/ros_test/install/main_interface/include/main_interface/main_interface/msg/detail/byte_row__rosidl_typesupport_introspection_c.h
[1.037s] -- Up-to-date: /home/unique/ros2_ws/ros_test/install/main_interface/lib/libmain_interface__rosidl_typesupport_introspection_c.so
[1.037s] -- Up-to-date: /home/unique/ros2_ws/ros_test/install/main_interface/lib/libmain_interface__rosidl_typesupport_c.so
[1.037s] -- Up-to-date: /home/unique/ros2_ws/ros_test/install/main_interface/include/main_interface/main_interface
[1.037s] -- Up-to-date: /home/unique/ros2_ws/ros_test/install/main_interface/include/main_interface/main_interface/msg
[1.037s] -- Up-to-date: /home/unique/ros2_ws/ros_test/install/main_interface/include/main_interface/main_interface/msg/detail
[1.037s] -- Up-to-date: /home/unique/ros2_ws/ros_test/install/main_interface/include/main_interface/main_interface/msg/detail/byte_rows__type_support.cpp
[1.037s] -- Up-to-date: /home/unique/ros2_ws/ros_test/install/main_interface/include/main_interface/main_interface/msg/detail/byte_row__rosidl_typesupport_introspection_cpp.hpp
[1.037s] -- Up-to-date: /home/unique/ros2_ws/ros_test/install/main_interface/include/main_interface/main_interface/msg/detail/byte_row__type_support.cpp
[1.037s] -- Up-to-date: /home/unique/ros2_ws/ros_test/install/main_interface/include/main_interface/main_interface/msg/detail/byte_rows__rosidl_typesupport_introspection_cpp.hpp
[1.037s] -- Up-to-date: /home/unique/ros2_ws/ros_test/install/main_interface/lib/libmain_interface__rosidl_typesupport_introspection_cpp.so
[1.038s] -- Up-to-date: /home/unique/ros2_ws/ros_test/install/main_interface/lib/libmain_interface__rosidl_typesupport_cpp.so
[1.038s] -- Up-to-date: /home/unique/ros2_ws/ros_test/install/main_interface/share/main_interface/environment/pythonpath.sh
[1.038s] -- Up-to-date: /home/unique/ros2_ws/ros_test/install/main_interface/share/main_interface/environment/pythonpath.dsv
[1.038s] -- Up-to-date: /home/unique/ros2_ws/ros_test/install/main_interface/local/lib/python3.10/dist-packages/main_interface-0.0.0-py3.10.egg-info
[1.038s] -- Installing: /home/unique/ros2_ws/ros_test/install/main_interface/local/lib/python3.10/dist-packages/main_interface-0.0.0-py3.10.egg-info/dependency_links.txt
[1.038s] -- Installing: /home/unique/ros2_ws/ros_test/install/main_interface/local/lib/python3.10/dist-packages/main_interface-0.0.0-py3.10.egg-info/PKG-INFO
[1.038s] -- Installing: /home/unique/ros2_ws/ros_test/install/main_interface/local/lib/python3.10/dist-packages/main_interface-0.0.0-py3.10.egg-info/top_level.txt
[1.038s] -- Installing: /home/unique/ros2_ws/ros_test/install/main_interface/local/lib/python3.10/dist-packages/main_interface-0.0.0-py3.10.egg-info/SOURCES.txt
[1.038s] -- Up-to-date: /home/unique/ros2_ws/ros_test/install/main_interface/local/lib/python3.10/dist-packages/main_interface
[1.038s] -- Up-to-date: /home/unique/ros2_ws/ros_test/install/main_interface/local/lib/python3.10/dist-packages/main_interface/_main_interface_s.ep.rosidl_typesupport_introspection_c.c
[1.038s] -- Up-to-date: /home/unique/ros2_ws/ros_test/install/main_interface/local/lib/python3.10/dist-packages/main_interface/main_interface_s__rosidl_typesupport_c.cpython-310-x86_64-linux-gnu.so
[1.038s] -- Up-to-date: /home/unique/ros2_ws/ros_test/install/main_interface/local/lib/python3.10/dist-packages/main_interface/_main_interface_s.ep.rosidl_typesupport_c.c
[1.038s] -- Up-to-date: /home/unique/ros2_ws/ros_test/install/main_interface/local/lib/python3.10/dist-packages/main_interface/libmain_interface__rosidl_generator_py.so
[1.039s] -- Up-to-date: /home/unique/ros2_ws/ros_test/install/main_interface/local/lib/python3.10/dist-packages/main_interface/main_interface_s__rosidl_typesupport_fastrtps_c.cpython-310-x86_64-linux-gnu.so
[1.039s] -- Up-to-date: /home/unique/ros2_ws/ros_test/install/main_interface/local/lib/python3.10/dist-packages/main_interface/_main_interface_s.ep.rosidl_typesupport_fastrtps_c.c
[1.039s] -- Up-to-date: /home/unique/ros2_ws/ros_test/install/main_interface/local/lib/python3.10/dist-packages/main_interface/msg
[1.039s] -- Up-to-date: /home/unique/ros2_ws/ros_test/install/main_interface/local/lib/python3.10/dist-packages/main_interface/msg/_byte_rows_s.c
[1.039s] -- Up-to-date: /home/unique/ros2_ws/ros_test/install/main_interface/local/lib/python3.10/dist-packages/main_interface/msg/_byte_rows.py
[1.039s] -- Up-to-date: /home/unique/ros2_ws/ros_test/install/main_interface/local/lib/python3.10/dist-packages/main_interface/msg/_byte_row_s.c
[1.039s] -- Up-to-date: /home/unique/ros2_ws/ros_test/install/main_interface/local/lib/python3.10/dist-packages/main_interface/msg/_byte_row.py
[1.039s] -- Up-to-date: /home/unique/ros2_ws/ros_test/install/main_interface/local/lib/python3.10/dist-packages/main_interface/msg/__init__.py
[1.039s] -- Up-to-date: /home/unique/ros2_ws/ros_test/install/main_interface/local/lib/python3.10/dist-packages/main_interface/__init__.py
[1.039s] -- Up-to-date: /home/unique/ros2_ws/ros_test/install/main_interface/local/lib/python3.10/dist-packages/main_interface/main_interface_s__rosidl_typesupport_introspection_c.cpython-310-x86_64-linux-gnu.so
[1.109s] Listing '/home/unique/ros2_ws/ros_test/install/main_interface/local/lib/python3.10/dist-packages/main_interface'...
[1.109s] Listing '/home/unique/ros2_ws/ros_test/install/main_interface/local/lib/python3.10/dist-packages/main_interface/msg'...
[1.118s] -- Up-to-date: /home/unique/ros2_ws/ros_test/install/main_interface/local/lib/python3.10/dist-packages/main_interface/main_interface_s__rosidl_typesupport_fastrtps_c.cpython-310-x86_64-linux-gnu.so
[1.120s] -- Up-to-date: /home/unique/ros2_ws/ros_test/install/main_interface/local/lib/python3.10/dist-packages/main_interface/main_interface_s__rosidl_typesupport_introspection_c.cpython-310-x86_64-linux-gnu.so
[1.121s] -- Up-to-date: /home/unique/ros2_ws/ros_test/install/main_interface/local/lib/python3.10/dist-packages/main_interface/main_interface_s__rosidl_typesupport_c.cpython-310-x86_64-linux-gnu.so
[1.121s] -- Up-to-date: /home/unique/ros2_ws/ros_test/install/main_interface/lib/libmain_interface__rosidl_generator_py.so
[1.122s] -- Up-to-date: /home/unique/ros2_ws/ros_test/install/main_interface/share/ament_index/resource_index/rust_packages/main_interface
[1.123s] -- Up-to-date: /home/unique/ros2_ws/ros_test/install/main_interface/share/main_interface/rust
[1.123s] -- Up-to-date: /home/unique/ros2_ws/ros_test/install/main_interface/share/main_interface/rust/src
[1.123s] -- Up-to-date: /home/unique/ros2_ws/ros_test/install/main_interface/share/main_interface/rust/src/msg
[1.124s] -- Up-to-date: /home/unique/ros2_ws/ros_test/install/main_interface/share/main_interface/rust/src/msg/rmw.rs
[1.124s] -- Up-to-date: /home/unique/ros2_ws/ros_test/install/main_interface/share/main_interface/rust/src/lib.rs
[1.124s] -- Up-to-date: /home/unique/ros2_ws/ros_test/install/main_interface/share/main_interface/rust/src/msg.rs
[1.124s] -- Up-to-date: /home/unique/ros2_ws/ros_test/install/main_interface/share/main_interface/rust/build.rs
[1.125s] -- Up-to-date: /home/unique/ros2_ws/ros_test/install/main_interface/share/main_interface/rust/Cargo.toml
[1.125s] -- Up-to-date: /home/unique/ros2_ws/ros_test/install/main_interface/share/main_interface/msg/ByteRow.idl
[1.125s] -- Up-to-date: /home/unique/ros2_ws/ros_test/install/main_interface/share/main_interface/msg/ByteRows.idl
[1.125s] -- Up-to-date: /home/unique/ros2_ws/ros_test/install/main_interface/share/main_interface/msg/ByteRow.msg
[1.125s] -- Up-to-date: /home/unique/ros2_ws/ros_test/install/main_interface/share/main_interface/msg/ByteRows.msg
[1.126s] -- Up-to-date: /home/unique/ros2_ws/ros_test/install/main_interface/share/ament_index/resource_index/package_run_dependencies/main_interface
[1.126s] -- Up-to-date: /home/unique/ros2_ws/ros_test/install/main_interface/share/ament_index/resource_index/parent_prefix_path/main_interface
[1.126s] -- Up-to-date: /home/unique/ros2_ws/ros_test/install/main_interface/share/main_interface/environment/ament_prefix_path.sh
[1.126s] -- Up-to-date: /home/unique/ros2_ws/ros_test/install/main_interface/share/main_interface/environment/ament_prefix_path.dsv
[1.126s] -- Up-to-date: /home/unique/ros2_ws/ros_test/install/main_interface/share/main_interface/environment/path.sh
[1.127s] -- Up-to-date: /home/unique/ros2_ws/ros_test/install/main_interface/share/main_interface/environment/path.dsv
[1.127s] -- Up-to-date: /home/unique/ros2_ws/ros_test/install/main_interface/share/main_interface/local_setup.bash
[1.127s] -- Up-to-date: /home/unique/ros2_ws/ros_test/install/main_interface/share/main_interface/local_setup.sh
[1.127s] -- Up-to-date: /home/unique/ros2_ws/ros_test/install/main_interface/share/main_interface/local_setup.zsh
[1.127s] -- Up-to-date: /home/unique/ros2_ws/ros_test/install/main_interface/share/main_interface/local_setup.dsv
[1.127s] -- Installing: /home/unique/ros2_ws/ros_test/install/main_interface/share/main_interface/package.dsv
[1.127s] -- Up-to-date: /home/unique/ros2_ws/ros_test/install/main_interface/share/ament_index/resource_index/packages/main_interface
[1.128s] -- Up-to-date: /home/unique/ros2_ws/ros_test/install/main_interface/share/main_interface/cmake/export_main_interface__rosidl_generator_cExport.cmake
[1.128s] -- Up-to-date: /home/unique/ros2_ws/ros_test/install/main_interface/share/main_interface/cmake/export_main_interface__rosidl_generator_cExport-noconfig.cmake
[1.129s] -- Up-to-date: /home/unique/ros2_ws/ros_test/install/main_interface/share/main_interface/cmake/export_main_interface__rosidl_typesupport_fastrtps_cExport.cmake
[1.129s] -- Up-to-date: /home/unique/ros2_ws/ros_test/install/main_interface/share/main_interface/cmake/export_main_interface__rosidl_typesupport_fastrtps_cExport-noconfig.cmake
[1.130s] -- Up-to-date: /home/unique/ros2_ws/ros_test/install/main_interface/share/main_interface/cmake/export_main_interface__rosidl_generator_cppExport.cmake
[1.131s] -- Up-to-date: /home/unique/ros2_ws/ros_test/install/main_interface/share/main_interface/cmake/export_main_interface__rosidl_typesupport_fastrtps_cppExport.cmake
[1.131s] -- Up-to-date: /home/unique/ros2_ws/ros_test/install/main_interface/share/main_interface/cmake/export_main_interface__rosidl_typesupport_fastrtps_cppExport-noconfig.cmake
[1.132s] -- Up-to-date: /home/unique/ros2_ws/ros_test/install/main_interface/share/main_interface/cmake/main_interface__rosidl_typesupport_introspection_cExport.cmake
[1.133s] -- Up-to-date: /home/unique/ros2_ws/ros_test/install/main_interface/share/main_interface/cmake/main_interface__rosidl_typesupport_introspection_cExport-noconfig.cmake
[1.133s] -- Up-to-date: /home/unique/ros2_ws/ros_test/install/main_interface/share/main_interface/cmake/main_interface__rosidl_typesupport_cExport.cmake
[1.134s] -- Up-to-date: /home/unique/ros2_ws/ros_test/install/main_interface/share/main_interface/cmake/main_interface__rosidl_typesupport_cExport-noconfig.cmake
[1.135s] -- Up-to-date: /home/unique/ros2_ws/ros_test/install/main_interface/share/main_interface/cmake/main_interface__rosidl_typesupport_introspection_cppExport.cmake
[1.135s] -- Up-to-date: /home/unique/ros2_ws/ros_test/install/main_interface/share/main_interface/cmake/main_interface__rosidl_typesupport_introspection_cppExport-noconfig.cmake
[1.136s] -- Up-to-date: /home/unique/ros2_ws/ros_test/install/main_interface/share/main_interface/cmake/main_interface__rosidl_typesupport_cppExport.cmake
[1.137s] -- Up-to-date: /home/unique/ros2_ws/ros_test/install/main_interface/share/main_interface/cmake/main_interface__rosidl_typesupport_cppExport-noconfig.cmake
[1.137s] -- Up-to-date: /home/unique/ros2_ws/ros_test/install/main_interface/share/main_interface/cmake/export_main_interface__rosidl_generator_pyExport.cmake
[1.138s] -- Up-to-date: /home/unique/ros2_ws/ros_test/install/main_interface/share/main_interface/cmake/export_main_interface__rosidl_generator_pyExport-noconfig.cmake
[1.138s] -- Up-to-date: /home/unique/ros2_ws/ros_test/install/main_interface/share/main_interface/cmake/rosidl_cmake-extras.cmake
[1.138s] -- Up-to-date: /home/unique/ros2_ws/ros_test/install/main_interface/share/main_interface/cmake/ament_cmake_export_dependencies-extras.cmake
[1.138s] -- Up-to-date: /home/unique/ros2_ws/ros_test/install/main_interface/share/main_interface/cmake/ament_cmake_export_include_directories-extras.cmake
[1.139s] -- Up-to-date: /home/unique/ros2_ws/ros_test/install/main_interface/share/main_interface/cmake/ament_cmake_export_libraries-extras.cmake
[1.139s] -- Up-to-date: /home/unique/ros2_ws/ros_test/install/main_interface/share/main_interface/cmake/ament_cmake_export_targets-extras.cmake
[1.139s] -- Up-to-date: /home/unique/ros2_ws/ros_test/install/main_interface/share/main_interface/cmake/rosidl_cmake_export_typesupport_targets-extras.cmake
[1.139s] -- Up-to-date: /home/unique/ros2_ws/ros_test/install/main_interface/share/main_interface/cmake/rosidl_cmake_export_typesupport_libraries-extras.cmake
[1.139s] -- Up-to-date: /home/unique/ros2_ws/ros_test/install/main_interface/share/main_interface/cmake/main_interfaceConfig.cmake
[1.139s] -- Up-to-date: /home/unique/ros2_ws/ros_test/install/main_interface/share/main_interface/cmake/main_interfaceConfig-version.cmake
[1.140s] -- Up-to-date: /home/unique/ros2_ws/ros_test/install/main_interface/share/main_interface/package.xml
[1.145s] Invoked command in '/home/unique/ros2_ws/ros_test/build/main_interface' returned '0': CMAKE_PREFIX_PATH=${CMAKE_PREFIX_PATH}:/home/unique/ros2_ws/ros2_21_tutorials/install/learning_urdf:/home/unique/ros2_ws/ros2_21_tutorials/install/learning_topic:/home/unique/ros2_ws/ros2_21_tutorials/install/learning_tf:/home/unique/ros2_ws/ros2_21_tutorials/install/learning_service:/home/unique/ros2_ws/ros2_21_tutorials/install/learning_qos:/home/unique/ros2_ws/ros2_21_tutorials/install/learning_pkg_python:/home/unique/ros2_ws/ros2_21_tutorials/install/learning_parameter:/home/unique/ros2_ws/ros2_21_tutorials/install/learning_node:/home/unique/ros2_ws/ros2_21_tutorials/install/learning_launch:/home/unique/ros2_ws/ros2_21_tutorials/install/learning_action:/home/unique/ros2_ws/ros2_21_tutorials/install/learning_gazebo_harmonic:/home/unique/ros2_ws/ros2_21_tutorials/install/learning_gazebo:/home/unique/ros2_ws/ros2_21_tutorials/install/learning_cv:/opt/ros/humble /usr/bin/cmake --install /home/unique/ros2_ws/ros_test/build/main_interface
