-- Found ament_cmake: 1.3.14 (/opt/ros/humble/share/ament_cmake/cmake)
-- Found rclcpp: 16.0.19 (/opt/ros/humble/share/rclcpp/cmake)
-- Found rosidl_generator_c: 3.1.8 (/opt/ros/humble/share/rosidl_generator_c/cmake)
-- Found rosidl_adapter: 3.1.8 (/opt/ros/humble/share/rosidl_adapter/cmake)
-- Found rosidl_generator_cpp: 3.1.8 (/opt/ros/humble/share/rosidl_generator_cpp/cmake)
-- Using all available rosidl_typesupport_c: rosidl_typesupport_fastrtps_c;rosidl_typesupport_introspection_c
-- Using all available rosidl_typesupport_cpp: rosidl_typesupport_fastrtps_cpp;rosidl_typesupport_introspection_cpp
-- Found rmw_implementation_cmake: 6.1.2 (/opt/ros/humble/share/rmw_implementation_cmake/cmake)
-- Found rmw_fastrtps_cpp: 6.2.10 (/opt/ros/humble/share/rmw_fastrtps_cpp/cmake)
-- Using RMW implementation 'rmw_fastrtps_cpp' as default
-- Found rclcpp_components: 16.0.19 (/opt/ros/humble/share/rclcpp_components/cmake)
-- Found realtime_common: 0.0.0 (/home/unique/ros2_ws/ros_test/install/realtime_common/share/realtime_common/cmake)
-- Found main_interface: 0.0.0 (/home/unique/ros2_ws/ros_test/install/main_interface/share/main_interface/cmake)
-- Found ament_lint_auto: 0.12.15 (/opt/ros/humble/share/ament_lint_auto/cmake)
WARNING: Package name "IOqueue" does not follow the naming conventions. It should start with a lower case letter and only contain lower case letters, digits, underscores, and dashes.
-- Added test 'cppcheck' to perform static code analysis on C / C++ code
-- Configured cppcheck include dirs: $<BUILD_INTERFACE:/home/unique/ros2_ws/ros_test/src/IOqueue/include>
-- Configured cppcheck exclude dirs and/or files: 
-- Added test 'lint_cmake' to check CMake code style
-- Added test 'uncrustify' to check C / C++ code style
-- Configured uncrustify additional arguments: 
-- Added test 'xmllint' to check XML markup files
-- Configuring done
-- Generating done
-- Build files have been written to: /home/unique/ros2_ws/ros_test/build/IOqueue
[ 50%] [32mBuilding CXX object CMakeFiles/IOqueue.dir/src/IOqueue.cpp.o[0m
In file included from [01m[K/home/unique/ros2_ws/ros_test/src/IOqueue/include/IOqueue/IOqueue.hpp:6[m[K,
                 from [01m[K/home/unique/ros2_ws/ros_test/src/IOqueue/src/IOqueue.cpp:2[m[K:
/home/unique/ros2_ws/ros_test/install/realtime_common/include/realtime_common/SPSC_queue.hpp: In instantiation of ‘[01m[Kclass realtime_common::SPSCQueue<main_interface::msg::ByteRow_<std::allocator<void> >, 200>[m[K’:
[01m[K/home/unique/ros2_ws/ros_test/src/IOqueue/include/IOqueue/IOqueue.hpp:47:77:[m[K   required from here
[01m[K/home/unique/ros2_ws/ros_test/install/realtime_common/include/realtime_common/SPSC_queue.hpp:29:22:[m[K [01;31m[Kerror: [m[Kstatic assertion failed: SPSCQueue requires trivially copyable type
   29 |   static_assert([01;31m[Kstd::is_trivially_copyable_v<T>[m[K,
      |                 [01;31m[K~~~~~^~~~~~~~~~~~~~~~~~~~~~~~~~[m[K
[01m[K/home/unique/ros2_ws/ros_test/install/realtime_common/include/realtime_common/SPSC_queue.hpp:29:22:[m[K [01;36m[Knote: [m[K‘[01m[Kstd::is_trivially_copyable_v<main_interface::msg::ByteRow_<std::allocator<void> > >[m[K’ evaluates to false
[01m[K/home/unique/ros2_ws/ros_test/install/realtime_common/include/realtime_common/SPSC_queue.hpp:31:45:[m[K [01;31m[Kerror: [m[Kstatic assertion failed: Capacity must be power of two
   31 |   static_assert([01;31m[K(Capacity & (Capacity - 1)) == 0[m[K,
      |                 [01;31m[K~~~~~~~~~~~~~~~~~~~~~~~~~~~~^~~~[m[K
[01m[K/home/unique/ros2_ws/ros_test/install/realtime_common/include/realtime_common/SPSC_queue.hpp:31:45:[m[K [01;36m[Knote: [m[K‘[01m[K((200 & (200 - 1)) == 0)[m[K’ evaluates to false
/home/unique/ros2_ws/ros_test/install/realtime_common/include/realtime_common/SPSC_queue.hpp: In instantiation of ‘[01m[Kclass realtime_common::SPSCQueue<main_interface::msg::ByteRow_<std::allocator<void> >, 100>[m[K’:
[01m[K/home/unique/ros2_ws/ros_test/src/IOqueue/include/IOqueue/IOqueue.hpp:48:78:[m[K   required from here
[01m[K/home/unique/ros2_ws/ros_test/install/realtime_common/include/realtime_common/SPSC_queue.hpp:29:22:[m[K [01;31m[Kerror: [m[Kstatic assertion failed: SPSCQueue requires trivially copyable type
   29 |   static_assert([01;31m[Kstd::is_trivially_copyable_v<T>[m[K,
      |                 [01;31m[K~~~~~^~~~~~~~~~~~~~~~~~~~~~~~~~[m[K
[01m[K/home/unique/ros2_ws/ros_test/install/realtime_common/include/realtime_common/SPSC_queue.hpp:29:22:[m[K [01;36m[Knote: [m[K‘[01m[Kstd::is_trivially_copyable_v<main_interface::msg::ByteRow_<std::allocator<void> > >[m[K’ evaluates to false
[01m[K/home/unique/ros2_ws/ros_test/install/realtime_common/include/realtime_common/SPSC_queue.hpp:31:45:[m[K [01;31m[Kerror: [m[Kstatic assertion failed: Capacity must be power of two
   31 |   static_assert([01;31m[K(Capacity & (Capacity - 1)) == 0[m[K,
      |                 [01;31m[K~~~~~~~~~~~~~~~~~~~~~~~~~~~~^~~~[m[K
[01m[K/home/unique/ros2_ws/ros_test/install/realtime_common/include/realtime_common/SPSC_queue.hpp:31:45:[m[K [01;36m[Knote: [m[K‘[01m[K((100 & (100 - 1)) == 0)[m[K’ evaluates to false
[01m[K/home/unique/ros2_ws/ros_test/src/IOqueue/src/IOqueue.cpp:[m[K In member function ‘[01m[Kbool io_queue::IOqueue::read_hardware(main_interface::msg::ByteRow&)[m[K’:
[01m[K/home/unique/ros2_ws/ros_test/src/IOqueue/src/IOqueue.cpp:205:60:[m[K [01;35m[Kwarning: [m[Kunused parameter ‘[01m[Kdata[m[K’ [[01;35m[K]8;;https://gcc.gnu.org/onlinedocs/gcc/Warning-Options.html#index-Wunused-parameter-Wunused-parameter]8;;[m[K]
  205 | bool IOqueue::read_hardware([01;35m[Kmain_interface::msg::ByteRow & data[m[K)
      |                             [01;35m[K~~~~~~~~~~~~~~~~~~~~~~~~~~~~~~~^~~~[m[K
[01m[K/home/unique/ros2_ws/ros_test/src/IOqueue/src/IOqueue.cpp:[m[K In member function ‘[01m[Kbool io_queue::IOqueue::write_hardware(const ByteRow&)[m[K’:
[01m[K/home/unique/ros2_ws/ros_test/src/IOqueue/src/IOqueue.cpp:215:67:[m[K [01;35m[Kwarning: [m[Kunused parameter ‘[01m[Kdata[m[K’ [[01;35m[K]8;;https://gcc.gnu.org/onlinedocs/gcc/Warning-Options.html#index-Wunused-parameter-Wunused-parameter]8;;[m[K]
  215 | bool IOqueue::write_hardware([01;35m[Kconst main_interface::msg::ByteRow & data[m[K)
      |                              [01;35m[K~~~~~~~~~~~~~~~~~~~~~~~~~~~~~~~~~~~~~^~~~[m[K
In file included from [01m[K/home/unique/ros2_ws/ros_test/src/IOqueue/include/IOqueue/IOqueue.hpp:6[m[K,
                 from [01m[K/home/unique/ros2_ws/ros_test/src/IOqueue/src/IOqueue.cpp:2[m[K:
/home/unique/ros2_ws/ros_test/install/realtime_common/include/realtime_common/SPSC_queue.hpp: In instantiation of ‘[01m[Krealtime_common::SPSCQueue<T, Capacity>::SPSCQueue() [with T = main_interface::msg::ByteRow_<std::allocator<void> >; long unsigned int Capacity = 200][m[K’:
[01m[K/home/unique/ros2_ws/ros_test/src/IOqueue/src/IOqueue.cpp:9:38:[m[K   required from here
[01m[K/home/unique/ros2_ws/ros_test/install/realtime_common/include/realtime_common/SPSC_queue.hpp:41:30:[m[K [01;31m[Kerror: [m[K‘[01m[Kmain_interface::msg::ByteRow_<std::allocator<void> >[m[K’ is not a base of ‘[01m[Krealtime_common::SPSCQueue<main_interface::msg::ByteRow_<std::allocator<void> >, 200>::Slot::Storage[m[K’
   41 |       [01;31m[Kbuffer_[i].storage.T::~T[m[K();  // 确保处于未初始化状态
      |       [01;31m[K~~~~~~~~~~~~~~~~~~~~~~~^[m[K
/home/unique/ros2_ws/ros_test/install/realtime_common/include/realtime_common/SPSC_queue.hpp: In instantiation of ‘[01m[Krealtime_common::SPSCQueue<T, Capacity>::~SPSCQueue() [with T = main_interface::msg::ByteRow_<std::allocator<void> >; long unsigned int Capacity = 200][m[K’:
[01m[K/home/unique/ros2_ws/ros_test/src/IOqueue/src/IOqueue.cpp:9:38:[m[K   required from here
[01m[K/home/unique/ros2_ws/ros_test/install/realtime_common/include/realtime_common/SPSC_queue.hpp:52:50:[m[K [01;31m[Kerror: [m[K‘[01m[Kmain_interface::msg::ByteRow_<std::allocator<void> >[m[K’ is not a base of ‘[01m[Krealtime_common::SPSCQueue<main_interface::msg::ByteRow_<std::allocator<void> >, 200>::Slot::Storage[m[K’
   52 |       [01;31m[Kbuffer_[read & (Capacity - 1)].storage.T::~T[m[K();
      |       [01;31m[K~~~~~~~~~~~~~~~~~~~~~~~~~~~~~~~~~~~~~~~~~~~^[m[K
/home/unique/ros2_ws/ros_test/install/realtime_common/include/realtime_common/SPSC_queue.hpp: In instantiation of ‘[01m[Krealtime_common::SPSCQueue<T, Capacity>::SPSCQueue() [with T = main_interface::msg::ByteRow_<std::allocator<void> >; long unsigned int Capacity = 100][m[K’:
[01m[K/home/unique/ros2_ws/ros_test/src/IOqueue/src/IOqueue.cpp:9:38:[m[K   required from here
[01m[K/home/unique/ros2_ws/ros_test/install/realtime_common/include/realtime_common/SPSC_queue.hpp:41:30:[m[K [01;31m[Kerror: [m[K‘[01m[Kmain_interface::msg::ByteRow_<std::allocator<void> >[m[K’ is not a base of ‘[01m[Krealtime_common::SPSCQueue<main_interface::msg::ByteRow_<std::allocator<void> >, 100>::Slot::Storage[m[K’
   41 |       [01;31m[Kbuffer_[i].storage.T::~T[m[K();  // 确保处于未初始化状态
      |       [01;31m[K~~~~~~~~~~~~~~~~~~~~~~~^[m[K
/home/unique/ros2_ws/ros_test/install/realtime_common/include/realtime_common/SPSC_queue.hpp: In instantiation of ‘[01m[Krealtime_common::SPSCQueue<T, Capacity>::~SPSCQueue() [with T = main_interface::msg::ByteRow_<std::allocator<void> >; long unsigned int Capacity = 100][m[K’:
[01m[K/home/unique/ros2_ws/ros_test/src/IOqueue/src/IOqueue.cpp:9:38:[m[K   required from here
[01m[K/home/unique/ros2_ws/ros_test/install/realtime_common/include/realtime_common/SPSC_queue.hpp:52:50:[m[K [01;31m[Kerror: [m[K‘[01m[Kmain_interface::msg::ByteRow_<std::allocator<void> >[m[K’ is not a base of ‘[01m[Krealtime_common::SPSCQueue<main_interface::msg::ByteRow_<std::allocator<void> >, 100>::Slot::Storage[m[K’
   52 |       [01;31m[Kbuffer_[read & (Capacity - 1)].storage.T::~T[m[K();
      |       [01;31m[K~~~~~~~~~~~~~~~~~~~~~~~~~~~~~~~~~~~~~~~~~~~^[m[K
/home/unique/ros2_ws/ros_test/install/realtime_common/include/realtime_common/SPSC_queue.hpp: In instantiation of ‘[01m[Kbool realtime_common::SPSCQueue<T, Capacity>::pop(T&) [with T = main_interface::msg::ByteRow_<std::allocator<void> >; long unsigned int Capacity = 200][m[K’:
[01m[K/home/unique/ros2_ws/ros_test/src/IOqueue/src/IOqueue.cpp:152:27:[m[K   required from here
[01m[K/home/unique/ros2_ws/ros_test/install/realtime_common/include/realtime_common/SPSC_queue.hpp:117:60:[m[K [01;31m[Kerror: [m[K‘[01m[Kunion realtime_common::SPSCQueue<main_interface::msg::ByteRow_<std::allocator<void> >, 200>::Slot::Storage[m[K’ has no member named ‘[01m[KT[m[K’
  117 |     out = std::move([01;31m[Kbuffer_[read & (Capacity - 1)].storage.T[m[K);
      |                     [01;31m[K~~~~~~~~~~~~~~~~~~~~~~~~~~~~~~~~~~~~~~~^[m[K
[01m[K/home/unique/ros2_ws/ros_test/install/realtime_common/include/realtime_common/SPSC_queue.hpp:120:48:[m[K [01;31m[Kerror: [m[K‘[01m[Kmain_interface::msg::ByteRow_<std::allocator<void> >[m[K’ is not a base of ‘[01m[Krealtime_common::SPSCQueue<main_interface::msg::ByteRow_<std::allocator<void> >, 200>::Slot::Storage[m[K’
  120 |     [01;31m[Kbuffer_[read & (Capacity - 1)].storage.T::~T[m[K();
      |     [01;31m[K~~~~~~~~~~~~~~~~~~~~~~~~~~~~~~~~~~~~~~~~~~~^[m[K
/home/unique/ros2_ws/ros_test/install/realtime_common/include/realtime_common/SPSC_queue.hpp: In instantiation of ‘[01m[Kbool realtime_common::SPSCQueue<T, Capacity>::pop(T&) [with T = main_interface::msg::ByteRow_<std::allocator<void> >; long unsigned int Capacity = 100][m[K’:
[01m[K/home/unique/ros2_ws/ros_test/src/IOqueue/src/IOqueue.cpp:178:25:[m[K   required from here
[01m[K/home/unique/ros2_ws/ros_test/install/realtime_common/include/realtime_common/SPSC_queue.hpp:117:60:[m[K [01;31m[Kerror: [m[K‘[01m[Kunion realtime_common::SPSCQueue<main_interface::msg::ByteRow_<std::allocator<void> >, 100>::Slot::Storage[m[K’ has no member named ‘[01m[KT[m[K’
  117 |     out = std::move([01;31m[Kbuffer_[read & (Capacity - 1)].storage.T[m[K);
      |                     [01;31m[K~~~~~~~~~~~~~~~~~~~~~~~~~~~~~~~~~~~~~~~^[m[K
[01m[K/home/unique/ros2_ws/ros_test/install/realtime_common/include/realtime_common/SPSC_queue.hpp:120:48:[m[K [01;31m[Kerror: [m[K‘[01m[Kmain_interface::msg::ByteRow_<std::allocator<void> >[m[K’ is not a base of ‘[01m[Krealtime_common::SPSCQueue<main_interface::msg::ByteRow_<std::allocator<void> >, 100>::Slot::Storage[m[K’
  120 |     [01;31m[Kbuffer_[read & (Capacity - 1)].storage.T::~T[m[K();
      |     [01;31m[K~~~~~~~~~~~~~~~~~~~~~~~~~~~~~~~~~~~~~~~~~~~^[m[K
gmake[2]: *** [CMakeFiles/IOqueue.dir/build.make:76: CMakeFiles/IOqueue.dir/src/IOqueue.cpp.o] Error 1
gmake[1]: *** [CMakeFiles/Makefile2:137: CMakeFiles/IOqueue.dir/all] Error 2
gmake: *** [Makefile:146: all] Error 2
