[0.314s] Invoking command in '/home/unique/ros2_ws/ros_test/build/IOqueue': CMAKE_PREFIX_PATH=/home/unique/ros2_ws/ros_test/install/realtime_common:/home/unique/ros2_ws/ros_test/install/main_interface:/home/unique/ros2_ws/ros_test/install/realtime_launch:/home/unique/ros2_ws/ros_test/install/low_prior:/home/unique/ros2_ws/ros_test/install/high_prior:/home/unique/ros2_ws/install/village_wang:/home/unique/ros2_ws/install/village_interface:/home/unique/ros2_ws/install/my_cpp_pkg:/home/unique/ros2_ws/ros2_21_tutorials/install/learning_topic_cpp:/home/unique/ros2_ws/ros2_21_tutorials/install/learning_tf_cpp:/home/unique/ros2_ws/ros2_21_tutorials/install/learning_service_cpp:/home/unique/ros2_ws/ros2_21_tutorials/install/learning_pkg_c:/home/unique/ros2_ws/ros2_21_tutorials/install/learning_parameter_cpp:/home/unique/ros2_ws/ros2_21_tutorials/install/learning_node_cpp:/home/unique/ros2_ws/ros2_21_tutorials/install/learning_action_cpp:/home/unique/ros2_ws/ros2_21_tutorials/install/learning_interface:/home/unique/ros2_ws/ros2_21_tutorials/install/learning_urdf:/home/unique/ros2_ws/ros2_21_tutorials/install/learning_topic:/home/unique/ros2_ws/ros2_21_tutorials/install/learning_tf:/home/unique/ros2_ws/ros2_21_tutorials/install/learning_service:/home/unique/ros2_ws/ros2_21_tutorials/install/learning_qos:/home/unique/ros2_ws/ros2_21_tutorials/install/learning_pkg_python:/home/unique/ros2_ws/ros2_21_tutorials/install/learning_parameter:/home/unique/ros2_ws/ros2_21_tutorials/install/learning_node:/home/unique/ros2_ws/ros2_21_tutorials/install/learning_launch:/home/unique/ros2_ws/ros2_21_tutorials/install/learning_action:/home/unique/ros2_ws/ros2_21_tutorials/install/learning_gazebo_harmonic:/home/unique/ros2_ws/ros2_21_tutorials/install/learning_gazebo:/home/unique/ros2_ws/ros2_21_tutorials/install/learning_cv:/opt/ros/humble LD_LIBRARY_PATH=/home/unique/ros2_ws/ros_test/install/main_interface/lib:/home/unique/ros2_ws/ros_test/install/low_prior/lib:/home/unique/ros2_ws/ros_test/install/high_prior/lib:/home/unique/ros2_ws/install/village_interface/lib:/home/unique/ros2_ws/ros2_21_tutorials/install/learning_interface/lib:/opt/ros/humble/opt/rviz_ogre_vendor/lib:/opt/ros/humble/lib/x86_64-linux-gnu:/opt/ros/humble/lib /usr/bin/cmake --build /home/unique/ros2_ws/ros_test/build/IOqueue -- -j8 -l8
[0.347s] -- Found ament_cmake: 1.3.14 (/opt/ros/humble/share/ament_cmake/cmake)
[0.495s] -- Found rclcpp: 16.0.19 (/opt/ros/humble/share/rclcpp/cmake)
[0.745s] -- Found rosidl_generator_c: 3.1.8 (/opt/ros/humble/share/rosidl_generator_c/cmake)
[0.747s] -- Found rosidl_adapter: 3.1.8 (/opt/ros/humble/share/rosidl_adapter/cmake)
[0.753s] -- Found rosidl_generator_cpp: 3.1.8 (/opt/ros/humble/share/rosidl_generator_cpp/cmake)
[0.767s] -- Using all available rosidl_typesupport_c: rosidl_typesupport_fastrtps_c;rosidl_typesupport_introspection_c
[0.785s] -- Using all available rosidl_typesupport_cpp: rosidl_typesupport_fastrtps_cpp;rosidl_typesupport_introspection_cpp
[0.816s] -- Found rmw_implementation_cmake: 6.1.2 (/opt/ros/humble/share/rmw_implementation_cmake/cmake)
[0.818s] -- Found rmw_fastrtps_cpp: 6.2.10 (/opt/ros/humble/share/rmw_fastrtps_cpp/cmake)
[5.500s] -- Using RMW implementation 'rmw_fastrtps_cpp' as default
[5.554s] -- Found rclcpp_components: 16.0.19 (/opt/ros/humble/share/rclcpp_components/cmake)
[5.604s] -- Found realtime_common: 0.0.0 (/home/unique/ros2_ws/ros_test/install/realtime_common/share/realtime_common/cmake)
[5.605s] -- Found main_interface: 0.0.0 (/home/unique/ros2_ws/ros_test/install/main_interface/share/main_interface/cmake)
[5.616s] -- Found ament_lint_auto: 0.12.15 (/opt/ros/humble/share/ament_lint_auto/cmake)
[5.670s] WARNING: Package name "IOqueue" does not follow the naming conventions. It should start with a lower case letter and only contain lower case letters, digits, underscores, and dashes.
[5.686s] -- Added test 'cppcheck' to perform static code analysis on C / C++ code
[5.686s] -- Configured cppcheck include dirs: $<BUILD_INTERFACE:/home/unique/ros2_ws/ros_test/src/IOqueue/include>
[5.686s] -- Configured cppcheck exclude dirs and/or files: 
[5.686s] -- Added test 'lint_cmake' to check CMake code style
[5.687s] -- Added test 'uncrustify' to check C / C++ code style
[5.687s] -- Configured uncrustify additional arguments: 
[5.687s] -- Added test 'xmllint' to check XML markup files
[5.688s] -- Configuring done
[5.702s] -- Generating done
[5.706s] -- Build files have been written to: /home/unique/ros2_ws/ros_test/build/IOqueue
[5.754s] [ 50%] [32mBuilding CXX object CMakeFiles/IOqueue.dir/src/IOqueue.cpp.o[0m
[8.347s] In file included from [01m[K/home/unique/ros2_ws/ros_test/src/IOqueue/include/IOqueue/IOqueue.hpp:6[m[K,
[8.348s]                  from [01m[K/home/unique/ros2_ws/ros_test/src/IOqueue/src/IOqueue.cpp:2[m[K:
[8.348s] /home/unique/ros2_ws/ros_test/install/realtime_common/include/realtime_common/SPSC_queue.hpp: In instantiation of ‘[01m[Kclass realtime_common::SPSCQueue<main_interface::msg::ByteRow_<std::allocator<void> >, 200>[m[K’:
[8.348s] [01m[K/home/unique/ros2_ws/ros_test/src/IOqueue/include/IOqueue/IOqueue.hpp:47:77:[m[K   required from here
[8.348s] [01m[K/home/unique/ros2_ws/ros_test/install/realtime_common/include/realtime_common/SPSC_queue.hpp:29:22:[m[K [01;31m[Kerror: [m[Kstatic assertion failed: SPSCQueue requires trivially copyable type
[8.348s]    29 |   static_assert([01;31m[Kstd::is_trivially_copyable_v<T>[m[K,
[8.348s]       |                 [01;31m[K~~~~~^~~~~~~~~~~~~~~~~~~~~~~~~~[m[K
[8.348s] [01m[K/home/unique/ros2_ws/ros_test/install/realtime_common/include/realtime_common/SPSC_queue.hpp:29:22:[m[K [01;36m[Knote: [m[K‘[01m[Kstd::is_trivially_copyable_v<main_interface::msg::ByteRow_<std::allocator<void> > >[m[K’ evaluates to false
[8.348s] [01m[K/home/unique/ros2_ws/ros_test/install/realtime_common/include/realtime_common/SPSC_queue.hpp:31:45:[m[K [01;31m[Kerror: [m[Kstatic assertion failed: Capacity must be power of two
[8.348s]    31 |   static_assert([01;31m[K(Capacity & (Capacity - 1)) == 0[m[K,
[8.348s]       |                 [01;31m[K~~~~~~~~~~~~~~~~~~~~~~~~~~~~^~~~[m[K
[8.349s] [01m[K/home/unique/ros2_ws/ros_test/install/realtime_common/include/realtime_common/SPSC_queue.hpp:31:45:[m[K [01;36m[Knote: [m[K‘[01m[K((200 & (200 - 1)) == 0)[m[K’ evaluates to false
[8.349s] /home/unique/ros2_ws/ros_test/install/realtime_common/include/realtime_common/SPSC_queue.hpp: In instantiation of ‘[01m[Kclass realtime_common::SPSCQueue<main_interface::msg::ByteRow_<std::allocator<void> >, 100>[m[K’:
[8.349s] [01m[K/home/unique/ros2_ws/ros_test/src/IOqueue/include/IOqueue/IOqueue.hpp:48:78:[m[K   required from here
[8.349s] [01m[K/home/unique/ros2_ws/ros_test/install/realtime_common/include/realtime_common/SPSC_queue.hpp:29:22:[m[K [01;31m[Kerror: [m[Kstatic assertion failed: SPSCQueue requires trivially copyable type
[8.349s]    29 |   static_assert([01;31m[Kstd::is_trivially_copyable_v<T>[m[K,
[8.349s]       |                 [01;31m[K~~~~~^~~~~~~~~~~~~~~~~~~~~~~~~~[m[K
[8.349s] [01m[K/home/unique/ros2_ws/ros_test/install/realtime_common/include/realtime_common/SPSC_queue.hpp:29:22:[m[K [01;36m[Knote: [m[K‘[01m[Kstd::is_trivially_copyable_v<main_interface::msg::ByteRow_<std::allocator<void> > >[m[K’ evaluates to false
[8.349s] [01m[K/home/unique/ros2_ws/ros_test/install/realtime_common/include/realtime_common/SPSC_queue.hpp:31:45:[m[K [01;31m[Kerror: [m[Kstatic assertion failed: Capacity must be power of two
[8.349s]    31 |   static_assert([01;31m[K(Capacity & (Capacity - 1)) == 0[m[K,
[8.349s]       |                 [01;31m[K~~~~~~~~~~~~~~~~~~~~~~~~~~~~^~~~[m[K
[8.349s] [01m[K/home/unique/ros2_ws/ros_test/install/realtime_common/include/realtime_common/SPSC_queue.hpp:31:45:[m[K [01;36m[Knote: [m[K‘[01m[K((100 & (100 - 1)) == 0)[m[K’ evaluates to false
[8.375s] [01m[K/home/unique/ros2_ws/ros_test/src/IOqueue/src/IOqueue.cpp:[m[K In member function ‘[01m[Kbool io_queue::IOqueue::read_hardware(main_interface::msg::ByteRow&)[m[K’:
[8.376s] [01m[K/home/unique/ros2_ws/ros_test/src/IOqueue/src/IOqueue.cpp:205:60:[m[K [01;35m[Kwarning: [m[Kunused parameter ‘[01m[Kdata[m[K’ [[01;35m[K]8;;https://gcc.gnu.org/onlinedocs/gcc/Warning-Options.html#index-Wunused-parameter-Wunused-parameter]8;;[m[K]
[8.376s]   205 | bool IOqueue::read_hardware([01;35m[Kmain_interface::msg::ByteRow & data[m[K)
[8.376s]       |                             [01;35m[K~~~~~~~~~~~~~~~~~~~~~~~~~~~~~~~^~~~[m[K
[8.376s] [01m[K/home/unique/ros2_ws/ros_test/src/IOqueue/src/IOqueue.cpp:[m[K In member function ‘[01m[Kbool io_queue::IOqueue::write_hardware(const ByteRow&)[m[K’:
[8.376s] [01m[K/home/unique/ros2_ws/ros_test/src/IOqueue/src/IOqueue.cpp:215:67:[m[K [01;35m[Kwarning: [m[Kunused parameter ‘[01m[Kdata[m[K’ [[01;35m[K]8;;https://gcc.gnu.org/onlinedocs/gcc/Warning-Options.html#index-Wunused-parameter-Wunused-parameter]8;;[m[K]
[8.376s]   215 | bool IOqueue::write_hardware([01;35m[Kconst main_interface::msg::ByteRow & data[m[K)
[8.376s]       |                              [01;35m[K~~~~~~~~~~~~~~~~~~~~~~~~~~~~~~~~~~~~~^~~~[m[K
[8.469s] In file included from [01m[K/home/unique/ros2_ws/ros_test/src/IOqueue/include/IOqueue/IOqueue.hpp:6[m[K,
[8.470s]                  from [01m[K/home/unique/ros2_ws/ros_test/src/IOqueue/src/IOqueue.cpp:2[m[K:
[8.470s] /home/unique/ros2_ws/ros_test/install/realtime_common/include/realtime_common/SPSC_queue.hpp: In instantiation of ‘[01m[Krealtime_common::SPSCQueue<T, Capacity>::SPSCQueue() [with T = main_interface::msg::ByteRow_<std::allocator<void> >; long unsigned int Capacity = 200][m[K’:
[8.470s] [01m[K/home/unique/ros2_ws/ros_test/src/IOqueue/src/IOqueue.cpp:9:38:[m[K   required from here
[8.470s] [01m[K/home/unique/ros2_ws/ros_test/install/realtime_common/include/realtime_common/SPSC_queue.hpp:41:30:[m[K [01;31m[Kerror: [m[K‘[01m[Kmain_interface::msg::ByteRow_<std::allocator<void> >[m[K’ is not a base of ‘[01m[Krealtime_common::SPSCQueue<main_interface::msg::ByteRow_<std::allocator<void> >, 200>::Slot::Storage[m[K’
[8.470s]    41 |       [01;31m[Kbuffer_[i].storage.T::~T[m[K();  // 确保处于未初始化状态
[8.470s]       |       [01;31m[K~~~~~~~~~~~~~~~~~~~~~~~^[m[K
[8.470s] /home/unique/ros2_ws/ros_test/install/realtime_common/include/realtime_common/SPSC_queue.hpp: In instantiation of ‘[01m[Krealtime_common::SPSCQueue<T, Capacity>::~SPSCQueue() [with T = main_interface::msg::ByteRow_<std::allocator<void> >; long unsigned int Capacity = 200][m[K’:
[8.470s] [01m[K/home/unique/ros2_ws/ros_test/src/IOqueue/src/IOqueue.cpp:9:38:[m[K   required from here
[8.470s] [01m[K/home/unique/ros2_ws/ros_test/install/realtime_common/include/realtime_common/SPSC_queue.hpp:52:50:[m[K [01;31m[Kerror: [m[K‘[01m[Kmain_interface::msg::ByteRow_<std::allocator<void> >[m[K’ is not a base of ‘[01m[Krealtime_common::SPSCQueue<main_interface::msg::ByteRow_<std::allocator<void> >, 200>::Slot::Storage[m[K’
[8.471s]    52 |       [01;31m[Kbuffer_[read & (Capacity - 1)].storage.T::~T[m[K();
[8.471s]       |       [01;31m[K~~~~~~~~~~~~~~~~~~~~~~~~~~~~~~~~~~~~~~~~~~~^[m[K
[8.471s] /home/unique/ros2_ws/ros_test/install/realtime_common/include/realtime_common/SPSC_queue.hpp: In instantiation of ‘[01m[Krealtime_common::SPSCQueue<T, Capacity>::SPSCQueue() [with T = main_interface::msg::ByteRow_<std::allocator<void> >; long unsigned int Capacity = 100][m[K’:
[8.471s] [01m[K/home/unique/ros2_ws/ros_test/src/IOqueue/src/IOqueue.cpp:9:38:[m[K   required from here
[8.471s] [01m[K/home/unique/ros2_ws/ros_test/install/realtime_common/include/realtime_common/SPSC_queue.hpp:41:30:[m[K [01;31m[Kerror: [m[K‘[01m[Kmain_interface::msg::ByteRow_<std::allocator<void> >[m[K’ is not a base of ‘[01m[Krealtime_common::SPSCQueue<main_interface::msg::ByteRow_<std::allocator<void> >, 100>::Slot::Storage[m[K’
[8.471s]    41 |       [01;31m[Kbuffer_[i].storage.T::~T[m[K();  // 确保处于未初始化状态
[8.471s]       |       [01;31m[K~~~~~~~~~~~~~~~~~~~~~~~^[m[K
[8.471s] /home/unique/ros2_ws/ros_test/install/realtime_common/include/realtime_common/SPSC_queue.hpp: In instantiation of ‘[01m[Krealtime_common::SPSCQueue<T, Capacity>::~SPSCQueue() [with T = main_interface::msg::ByteRow_<std::allocator<void> >; long unsigned int Capacity = 100][m[K’:
[8.471s] [01m[K/home/unique/ros2_ws/ros_test/src/IOqueue/src/IOqueue.cpp:9:38:[m[K   required from here
[8.471s] [01m[K/home/unique/ros2_ws/ros_test/install/realtime_common/include/realtime_common/SPSC_queue.hpp:52:50:[m[K [01;31m[Kerror: [m[K‘[01m[Kmain_interface::msg::ByteRow_<std::allocator<void> >[m[K’ is not a base of ‘[01m[Krealtime_common::SPSCQueue<main_interface::msg::ByteRow_<std::allocator<void> >, 100>::Slot::Storage[m[K’
[8.471s]    52 |       [01;31m[Kbuffer_[read & (Capacity - 1)].storage.T::~T[m[K();
[8.471s]       |       [01;31m[K~~~~~~~~~~~~~~~~~~~~~~~~~~~~~~~~~~~~~~~~~~~^[m[K
[8.490s] /home/unique/ros2_ws/ros_test/install/realtime_common/include/realtime_common/SPSC_queue.hpp: In instantiation of ‘[01m[Kbool realtime_common::SPSCQueue<T, Capacity>::pop(T&) [with T = main_interface::msg::ByteRow_<std::allocator<void> >; long unsigned int Capacity = 200][m[K’:
[8.490s] [01m[K/home/unique/ros2_ws/ros_test/src/IOqueue/src/IOqueue.cpp:152:27:[m[K   required from here
[8.490s] [01m[K/home/unique/ros2_ws/ros_test/install/realtime_common/include/realtime_common/SPSC_queue.hpp:117:60:[m[K [01;31m[Kerror: [m[K‘[01m[Kunion realtime_common::SPSCQueue<main_interface::msg::ByteRow_<std::allocator<void> >, 200>::Slot::Storage[m[K’ has no member named ‘[01m[KT[m[K’
[8.490s]   117 |     out = std::move([01;31m[Kbuffer_[read & (Capacity - 1)].storage.T[m[K);
[8.490s]       |                     [01;31m[K~~~~~~~~~~~~~~~~~~~~~~~~~~~~~~~~~~~~~~~^[m[K
[8.490s] [01m[K/home/unique/ros2_ws/ros_test/install/realtime_common/include/realtime_common/SPSC_queue.hpp:120:48:[m[K [01;31m[Kerror: [m[K‘[01m[Kmain_interface::msg::ByteRow_<std::allocator<void> >[m[K’ is not a base of ‘[01m[Krealtime_common::SPSCQueue<main_interface::msg::ByteRow_<std::allocator<void> >, 200>::Slot::Storage[m[K’
[8.490s]   120 |     [01;31m[Kbuffer_[read & (Capacity - 1)].storage.T::~T[m[K();
[8.490s]       |     [01;31m[K~~~~~~~~~~~~~~~~~~~~~~~~~~~~~~~~~~~~~~~~~~~^[m[K
[8.497s] /home/unique/ros2_ws/ros_test/install/realtime_common/include/realtime_common/SPSC_queue.hpp: In instantiation of ‘[01m[Kbool realtime_common::SPSCQueue<T, Capacity>::pop(T&) [with T = main_interface::msg::ByteRow_<std::allocator<void> >; long unsigned int Capacity = 100][m[K’:
[8.497s] [01m[K/home/unique/ros2_ws/ros_test/src/IOqueue/src/IOqueue.cpp:178:25:[m[K   required from here
[8.497s] [01m[K/home/unique/ros2_ws/ros_test/install/realtime_common/include/realtime_common/SPSC_queue.hpp:117:60:[m[K [01;31m[Kerror: [m[K‘[01m[Kunion realtime_common::SPSCQueue<main_interface::msg::ByteRow_<std::allocator<void> >, 100>::Slot::Storage[m[K’ has no member named ‘[01m[KT[m[K’
[8.497s]   117 |     out = std::move([01;31m[Kbuffer_[read & (Capacity - 1)].storage.T[m[K);
[8.497s]       |                     [01;31m[K~~~~~~~~~~~~~~~~~~~~~~~~~~~~~~~~~~~~~~~^[m[K
[8.497s] [01m[K/home/unique/ros2_ws/ros_test/install/realtime_common/include/realtime_common/SPSC_queue.hpp:120:48:[m[K [01;31m[Kerror: [m[K‘[01m[Kmain_interface::msg::ByteRow_<std::allocator<void> >[m[K’ is not a base of ‘[01m[Krealtime_common::SPSCQueue<main_interface::msg::ByteRow_<std::allocator<void> >, 100>::Slot::Storage[m[K’
[8.498s]   120 |     [01;31m[Kbuffer_[read & (Capacity - 1)].storage.T::~T[m[K();
[8.498s]       |     [01;31m[K~~~~~~~~~~~~~~~~~~~~~~~~~~~~~~~~~~~~~~~~~~~^[m[K
[11.428s] gmake[2]: *** [CMakeFiles/IOqueue.dir/build.make:76: CMakeFiles/IOqueue.dir/src/IOqueue.cpp.o] Error 1
[11.428s] gmake[1]: *** [CMakeFiles/Makefile2:137: CMakeFiles/IOqueue.dir/all] Error 2
[11.429s] gmake: *** [Makefile:146: all] Error 2
