-- Found ament_cmake: 1.3.14 (/opt/ros/humble/share/ament_cmake/cmake)
-- Found rclcpp: 16.0.19 (/opt/ros/humble/share/rclcpp/cmake)
-- Found rosidl_generator_c: 3.1.8 (/opt/ros/humble/share/rosidl_generator_c/cmake)
-- Found rosidl_adapter: 3.1.8 (/opt/ros/humble/share/rosidl_adapter/cmake)
-- Found rosidl_generator_cpp: 3.1.8 (/opt/ros/humble/share/rosidl_generator_cpp/cmake)
-- Using all available rosidl_typesupport_c: rosidl_typesupport_fastrtps_c;rosidl_typesupport_introspection_c
-- Using all available rosidl_typesupport_cpp: rosidl_typesupport_fastrtps_cpp;rosidl_typesupport_introspection_cpp
-- Found rmw_implementation_cmake: 6.1.2 (/opt/ros/humble/share/rmw_implementation_cmake/cmake)
-- Found rmw_fastrtps_cpp: 6.2.10 (/opt/ros/humble/share/rmw_fastrtps_cpp/cmake)
-- Using RMW implementation 'rmw_fastrtps_cpp' as default
-- Found realtime_common: 0.0.0 (/home/unique/ros2_ws/ros_test/install/realtime_common/share/realtime_common/cmake)
-- Found main_interface: 0.0.0 (/home/unique/ros2_ws/ros_test/install/main_interface/share/main_interface/cmake)
-- Found ament_lint_auto: 0.12.15 (/opt/ros/humble/share/ament_lint_auto/cmake)
WARNING: Package name "IOringbuffer" does not follow the naming conventions. It should start with a lower case letter and only contain lower case letters, digits, underscores, and dashes.
-- Added test 'cppcheck' to perform static code analysis on C / C++ code
-- Configured cppcheck include dirs: $<BUILD_INTERFACE:/home/unique/ros2_ws/ros_test/src/IOringbuffer/include>
-- Configured cppcheck exclude dirs and/or files: 
-- Added test 'lint_cmake' to check CMake code style
-- Added test 'uncrustify' to check C / C++ code style
-- Configured uncrustify additional arguments: 
-- Added test 'xmllint' to check XML markup files
-- Configuring done
-- Generating done
-- Build files have been written to: /home/unique/ros2_ws/ros_test/build/IOringbuffer
[ 50%] [32mBuilding CXX object CMakeFiles/IOringbuffer.dir/src/IOringbuffer.cpp.o[0m
[01m[K/home/unique/ros2_ws/ros_test/src/IOringbuffer/src/IOringbuffer.cpp:185:10:[m[K [01;31m[Kfatal error: [m[Krclcpp_components/register_node_macro.hpp: No such file or directory
  185 | #include [01;31m[K"rclcpp_components/register_node_macro.hpp"[m[K
      |          [01;31m[K^~~~~~~~~~~~~~~~~~~~~~~~~~~~~~~~~~~~~~~~~~~[m[K
compilation terminated.
gmake[2]: *** [CMakeFiles/IOringbuffer.dir/build.make:76: CMakeFiles/IOringbuffer.dir/src/IOringbuffer.cpp.o] Error 1
gmake[1]: *** [CMakeFiles/Makefile2:137: CMakeFiles/IOringbuffer.dir/all] Error 2
gmake: *** [Makefile:146: all] Error 2
